[2022-12-19T18:14:34.510-0400][0.013s] CardTable entry size: 512
[2022-12-19T18:14:34.510-0400][0.013s] Using G1
[2022-12-19T18:14:34.682-0400][0.183s] Version: 18.0.1.1+2-6 (release)
[2022-12-19T18:14:34.682-0400][0.183s] CPUs: 8 total, 8 available
[2022-12-19T18:14:34.682-0400][0.184s] Memory: 7987M
[2022-12-19T18:14:34.682-0400][0.184s] Large Page Support: Disabled
[2022-12-19T18:14:34.682-0400][0.184s] NUMA Support: Disabled
[2022-12-19T18:14:34.682-0400][0.184s] Compressed Oops: Enabled (32-bit)
[2022-12-19T18:14:34.682-0400][0.184s] Heap Region Size: 1M
[2022-12-19T18:14:34.682-0400][0.184s] Heap Min Capacity: 512M
[2022-12-19T18:14:34.682-0400][0.184s] Heap Initial Capacity: 512M
[2022-12-19T18:14:34.682-0400][0.184s] Heap Max Capacity: 512M
[2022-12-19T18:14:34.682-0400][0.184s] Pre-touch: Enabled
[2022-12-19T18:14:34.682-0400][0.184s] Parallel Workers: 8
[2022-12-19T18:14:34.682-0400][0.184s] Concurrent Workers: 2
[2022-12-19T18:14:34.682-0400][0.184s] Concurrent Refinement Workers: 8
[2022-12-19T18:14:34.682-0400][0.184s] Periodic GC: Disabled
[2022-12-19T18:14:34.682-0400][0.185s] CDS archive(s) mapped at: [0x0000000800000000-0x0000000800ba0000-0x0000000800ba0000), size 12189696, SharedBaseAddress: 0x0000000800000000, ArchiveRelocationMode: 0.
[2022-12-19T18:14:34.682-0400][0.185s] Compressed class space mapped at: 0x0000000800c00000-0x0000000840c00000, reserved size: 1073741824
[2022-12-19T18:14:34.682-0400][0.185s] Narrow klass base: 0x0000000800000000, Narrow klass shift: 0, Narrow klass range: 0x100000000
[2022-12-19T18:14:40.340-0400][5.847s] GC(0) Pause Young (Normal) (G1 Evacuation Pause)
[2022-12-19T18:14:40.340-0400][5.847s] GC(0) Using 8 workers of 8 for evacuation
[2022-12-19T18:14:40.350-0400][5.852s] GC(0)   Pre Evacuate Collection Set: 0.2ms
[2022-12-19T18:14:40.350-0400][5.852s] GC(0)   Merge Heap Roots: 0.2ms
[2022-12-19T18:14:40.350-0400][5.852s] GC(0)   Evacuate Collection Set: 3.3ms
[2022-12-19T18:14:40.350-0400][5.852s] GC(0)   Post Evacuate Collection Set: 0.6ms
[2022-12-19T18:14:40.350-0400][5.852s] GC(0)   Other: 0.3ms
[2022-12-19T18:14:40.350-0400][5.852s] GC(0) Eden regions: 29->0(39)
[2022-12-19T18:14:40.350-0400][5.852s] GC(0) Survivor regions: 0->4(4)
[2022-12-19T18:14:40.350-0400][5.852s] GC(0) Old regions: 0->1
[2022-12-19T18:14:40.350-0400][5.852s] GC(0) Archive regions: 0->0
[2022-12-19T18:14:40.350-0400][5.852s] GC(0) Humongous regions: 0->0
[2022-12-19T18:14:40.350-0400][5.852s] GC(0) Metaspace: 9841K(10048K)->9841K(10048K) NonClass: 8728K(8832K)->8728K(8832K) Class: 1112K(1216K)->1112K(1216K)
[2022-12-19T18:14:40.350-0400][5.852s] GC(0) Pause Young (Normal) (G1 Evacuation Pause) 29M->4M(512M) 4.977ms
[2022-12-19T18:14:40.350-0400][5.852s] GC(0) User=0.12s Sys=0.00s Real=0.01s
[2022-12-19T18:14:40.915-0400][6.414s] GC(1) Pause Young (Normal) (G1 Evacuation Pause)
[2022-12-19T18:14:40.915-0400][6.415s] GC(1) Using 8 workers of 8 for evacuation
[2022-12-19T18:14:40.920-0400][6.422s] GC(1)   Pre Evacuate Collection Set: 0.1ms
[2022-12-19T18:14:40.920-0400][6.422s] GC(1)   Merge Heap Roots: 0.1ms
[2022-12-19T18:14:40.920-0400][6.422s] GC(1)   Evacuate Collection Set: 6.3ms
[2022-12-19T18:14:40.920-0400][6.422s] GC(1)   Post Evacuate Collection Set: 0.6ms
[2022-12-19T18:14:40.920-0400][6.422s] GC(1)   Other: 0.1ms
[2022-12-19T18:14:40.920-0400][6.422s] GC(1) Eden regions: 37->0(114)
[2022-12-19T18:14:40.920-0400][6.422s] GC(1) Survivor regions: 4->6(6)
[2022-12-19T18:14:40.920-0400][6.422s] GC(1) Old regions: 1->8
[2022-12-19T18:14:40.920-0400][6.422s] GC(1) Archive regions: 0->0
[2022-12-19T18:14:40.920-0400][6.422s] GC(1) Humongous regions: 4->4
[2022-12-19T18:14:40.923-0400][6.422s] GC(1) Metaspace: 16383K(16640K)->16383K(16640K) NonClass: 14507K(14656K)->14507K(14656K) Class: 1876K(1984K)->1876K(1984K)
[2022-12-19T18:14:40.923-0400][6.422s] GC(1) Pause Young (Normal) (G1 Evacuation Pause) 45M->17M(512M) 7.319ms
[2022-12-19T18:14:40.923-0400][6.422s] GC(1) User=0.00s Sys=0.00s Real=0.01s
[2022-12-19T18:14:41.660-0400][7.160s] GC(2) Pause Young (Concurrent Start) (Metadata GC Threshold)
[2022-12-19T18:14:41.660-0400][7.161s] GC(2) Using 8 workers of 8 for evacuation
[2022-12-19T18:14:41.660-0400][7.165s] GC(2)   Pre Evacuate Collection Set: 0.1ms
[2022-12-19T18:14:41.660-0400][7.165s] GC(2)   Merge Heap Roots: 0.1ms
[2022-12-19T18:14:41.660-0400][7.165s] GC(2)   Evacuate Collection Set: 3.9ms
[2022-12-19T18:14:41.660-0400][7.165s] GC(2)   Post Evacuate Collection Set: 0.6ms
[2022-12-19T18:14:41.660-0400][7.165s] GC(2)   Other: 0.1ms
[2022-12-19T18:14:41.660-0400][7.165s] GC(2) Eden regions: 69->0(294)
[2022-12-19T18:14:41.660-0400][7.165s] GC(2) Survivor regions: 6->13(15)
[2022-12-19T18:14:41.660-0400][7.165s] GC(2) Old regions: 8->8
[2022-12-19T18:14:41.660-0400][7.165s] GC(2) Archive regions: 0->0
[2022-12-19T18:14:41.660-0400][7.165s] GC(2) Humongous regions: 5->4
[2022-12-19T18:14:41.660-0400][7.165s] GC(2) Metaspace: 21202K(21504K)->21202K(21504K) NonClass: 18738K(18880K)->18738K(18880K) Class: 2463K(2624K)->2463K(2624K)
[2022-12-19T18:14:41.660-0400][7.166s] GC(2) Pause Young (Concurrent Start) (Metadata GC Threshold) 87M->24M(512M) 5.117ms
[2022-12-19T18:14:41.660-0400][7.166s] GC(2) User=0.00s Sys=0.00s Real=0.00s
[2022-12-19T18:14:41.660-0400][7.166s] GC(3) Concurrent Mark Cycle
[2022-12-19T18:14:41.660-0400][7.166s] GC(3) Concurrent Clear Claimed Marks
[2022-12-19T18:14:41.660-0400][7.166s] GC(3) Concurrent Clear Claimed Marks 0.028ms
[2022-12-19T18:14:41.660-0400][7.166s] GC(3) Concurrent Scan Root Regions
[2022-12-19T18:14:41.670-0400][7.168s] GC(3) Concurrent Scan Root Regions 2.666ms
[2022-12-19T18:14:41.670-0400][7.168s] GC(3) Concurrent Mark
[2022-12-19T18:14:41.670-0400][7.168s] GC(3) Concurrent Mark From Roots
[2022-12-19T18:14:41.670-0400][7.168s] GC(3) Using 2 workers of 2 for marking
[2022-12-19T18:14:41.675-0400][7.176s] GC(3) Concurrent Mark From Roots 7.426ms
[2022-12-19T18:14:41.675-0400][7.176s] GC(3) Concurrent Preclean
[2022-12-19T18:14:41.675-0400][7.176s] GC(3) Concurrent Preclean 0.036ms
[2022-12-19T18:14:41.675-0400][7.176s] GC(3) Pause Remark
[2022-12-19T18:14:41.679-0400][7.177s] GC(3) Pause Remark 26M->26M(512M) 1.323ms
[2022-12-19T18:14:41.679-0400][7.177s] GC(3) User=0.02s Sys=0.02s Real=0.00s
[2022-12-19T18:14:41.679-0400][7.177s] GC(3) Concurrent Mark 9.144ms
[2022-12-19T18:14:41.679-0400][7.178s] GC(3) Concurrent Rebuild Remembered Sets
[2022-12-19T18:14:41.679-0400][7.178s] GC(3) Concurrent Rebuild Remembered Sets 0.009ms
[2022-12-19T18:14:41.679-0400][7.178s] GC(3) Pause Cleanup
[2022-12-19T18:14:41.679-0400][7.178s] GC(3) Pause Cleanup 26M->26M(512M) 0.020ms
[2022-12-19T18:14:41.679-0400][7.178s] GC(3) User=0.00s Sys=0.00s Real=0.00s
[2022-12-19T18:14:41.679-0400][7.178s] GC(3) Concurrent Cleanup for Next Mark
[2022-12-19T18:14:41.680-0400][7.178s] GC(3) Concurrent Cleanup for Next Mark 0.768ms
[2022-12-19T18:14:41.680-0400][7.178s] GC(3) Concurrent Mark Cycle 12.933ms
[2022-12-19T18:15:01.565-0400][27.065s] GC(4) Pause Young (Concurrent Start) (Metadata GC Threshold)
[2022-12-19T18:15:01.567-0400][27.066s] GC(4) Using 8 workers of 8 for evacuation
[2022-12-19T18:15:01.575-0400][27.074s] GC(4)   Pre Evacuate Collection Set: 0.2ms
[2022-12-19T18:15:01.575-0400][27.074s] GC(4)   Merge Heap Roots: 0.1ms
[2022-12-19T18:15:01.575-0400][27.074s] GC(4)   Evacuate Collection Set: 7.0ms
[2022-12-19T18:15:01.575-0400][27.074s] GC(4)   Post Evacuate Collection Set: 0.7ms
[2022-12-19T18:15:01.575-0400][27.074s] GC(4)   Other: 0.1ms
[2022-12-19T18:15:01.575-0400][27.074s] GC(4) Eden regions: 111->0(288)
[2022-12-19T18:15:01.575-0400][27.074s] GC(4) Survivor regions: 13->19(39)
[2022-12-19T18:15:01.575-0400][27.074s] GC(4) Old regions: 8->8
[2022-12-19T18:15:01.575-0400][27.074s] GC(4) Archive regions: 0->0
[2022-12-19T18:15:01.575-0400][27.074s] GC(4) Humongous regions: 4->4
[2022-12-19T18:15:01.575-0400][27.074s] GC(4) Metaspace: 35704K(36096K)->35704K(36096K) NonClass: 31551K(31744K)->31551K(31744K) Class: 4153K(4352K)->4153K(4352K)
[2022-12-19T18:15:01.575-0400][27.074s] GC(4) Pause Young (Concurrent Start) (Metadata GC Threshold) 135M->30M(512M) 8.282ms
[2022-12-19T18:15:01.575-0400][27.074s] GC(4) User=0.11s Sys=0.00s Real=0.01s
[2022-12-19T18:15:01.575-0400][27.074s] GC(5) Concurrent Mark Cycle
[2022-12-19T18:15:01.575-0400][27.074s] GC(5) Concurrent Clear Claimed Marks
[2022-12-19T18:15:01.575-0400][27.074s] GC(5) Concurrent Clear Claimed Marks 0.043ms
[2022-12-19T18:15:01.575-0400][27.074s] GC(5) Concurrent Scan Root Regions
[2022-12-19T18:15:01.581-0400][27.079s] GC(5) Concurrent Scan Root Regions 5.275ms
[2022-12-19T18:15:01.581-0400][27.079s] GC(5) Concurrent Mark
[2022-12-19T18:15:01.581-0400][27.079s] GC(5) Concurrent Mark From Roots
[2022-12-19T18:15:01.581-0400][27.079s] GC(5) Using 2 workers of 2 for marking
[2022-12-19T18:15:01.583-0400][27.088s] GC(5) Concurrent Mark From Roots 8.457ms
[2022-12-19T18:15:01.583-0400][27.088s] GC(5) Concurrent Preclean
[2022-12-19T18:15:01.583-0400][27.088s] GC(5) Concurrent Preclean 0.047ms
[2022-12-19T18:15:01.583-0400][27.088s] GC(5) Pause Remark
[2022-12-19T18:15:01.590-0400][27.090s] GC(5) Pause Remark 32M->32M(512M) 1.915ms
[2022-12-19T18:15:01.590-0400][27.090s] GC(5) User=0.12s Sys=0.00s Real=0.01s
[2022-12-19T18:15:01.590-0400][27.090s] GC(5) Concurrent Mark 10.717ms
[2022-12-19T18:15:01.590-0400][27.090s] GC(5) Concurrent Rebuild Remembered Sets
[2022-12-19T18:15:01.590-0400][27.090s] GC(5) Concurrent Rebuild Remembered Sets 0.014ms
[2022-12-19T18:15:01.590-0400][27.090s] GC(5) Pause Cleanup
[2022-12-19T18:15:01.590-0400][27.090s] GC(5) Pause Cleanup 32M->32M(512M) 0.028ms
[2022-12-19T18:15:01.590-0400][27.090s] GC(5) User=0.00s Sys=0.00s Real=0.00s
[2022-12-19T18:15:01.590-0400][27.090s] GC(5) Concurrent Cleanup for Next Mark
[2022-12-19T18:15:01.592-0400][27.091s] GC(5) Concurrent Cleanup for Next Mark 1.029ms
[2022-12-19T18:15:01.592-0400][27.091s] GC(5) Concurrent Mark Cycle 17.510ms
