[2023-01-03T10:49:17.831-0400][0.020s] CardTable entry size: 512
[2023-01-03T10:49:17.832-0400][0.020s] Using G1
[2023-01-03T10:49:18.020-0400][0.213s] Version: 18.0.1.1+2-6 (release)
[2023-01-03T10:49:18.020-0400][0.213s] CPUs: 8 total, 8 available
[2023-01-03T10:49:18.020-0400][0.213s] Memory: 7987M
[2023-01-03T10:49:18.020-0400][0.213s] Large Page Support: Disabled
[2023-01-03T10:49:18.020-0400][0.213s] NUMA Support: Disabled
[2023-01-03T10:49:18.020-0400][0.213s] Compressed Oops: Enabled (32-bit)
[2023-01-03T10:49:18.020-0400][0.213s] Heap Region Size: 1M
[2023-01-03T10:49:18.020-0400][0.213s] Heap Min Capacity: 512M
[2023-01-03T10:49:18.020-0400][0.213s] Heap Initial Capacity: 512M
[2023-01-03T10:49:18.020-0400][0.213s] Heap Max Capacity: 512M
[2023-01-03T10:49:18.020-0400][0.213s] Pre-touch: Enabled
[2023-01-03T10:49:18.020-0400][0.213s] Parallel Workers: 8
[2023-01-03T10:49:18.020-0400][0.213s] Concurrent Workers: 2
[2023-01-03T10:49:18.020-0400][0.213s] Concurrent Refinement Workers: 8
[2023-01-03T10:49:18.020-0400][0.213s] Periodic GC: Disabled
[2023-01-03T10:49:18.027-0400][0.216s] CDS archive(s) mapped at: [0x0000000800000000-0x0000000800ba0000-0x0000000800ba0000), size 12189696, SharedBaseAddress: 0x0000000800000000, ArchiveRelocationMode: 0.
[2023-01-03T10:49:18.027-0400][0.216s] Compressed class space mapped at: 0x0000000800c00000-0x0000000840c00000, reserved size: 1073741824
[2023-01-03T10:49:18.027-0400][0.216s] Narrow klass base: 0x0000000800000000, Narrow klass shift: 0, Narrow klass range: 0x100000000
[2023-01-03T10:49:24.840-0400][7.029s] GC(0) Pause Young (Normal) (G1 Evacuation Pause)
[2023-01-03T10:49:24.841-0400][7.030s] GC(0) Using 8 workers of 8 for evacuation
[2023-01-03T10:49:24.846-0400][7.035s] GC(0)   Pre Evacuate Collection Set: 0.1ms
[2023-01-03T10:49:24.846-0400][7.035s] GC(0)   Merge Heap Roots: 0.1ms
[2023-01-03T10:49:24.846-0400][7.035s] GC(0)   Evacuate Collection Set: 4.1ms
[2023-01-03T10:49:24.846-0400][7.035s] GC(0)   Post Evacuate Collection Set: 0.6ms
[2023-01-03T10:49:24.846-0400][7.035s] GC(0)   Other: 0.5ms
[2023-01-03T10:49:24.846-0400][7.035s] GC(0) Eden regions: 29->0(39)
[2023-01-03T10:49:24.846-0400][7.035s] GC(0) Survivor regions: 0->4(4)
[2023-01-03T10:49:24.846-0400][7.035s] GC(0) Old regions: 0->1
[2023-01-03T10:49:24.846-0400][7.035s] GC(0) Archive regions: 0->0
[2023-01-03T10:49:24.846-0400][7.035s] GC(0) Humongous regions: 0->0
[2023-01-03T10:49:24.847-0400][7.035s] GC(0) Metaspace: 9862K(10048K)->9862K(10048K) NonClass: 8749K(8832K)->8749K(8832K) Class: 1112K(1216K)->1112K(1216K)
[2023-01-03T10:49:24.847-0400][7.035s] GC(0) Pause Young (Normal) (G1 Evacuation Pause) 29M->4M(512M) 6.200ms
[2023-01-03T10:49:24.847-0400][7.035s] GC(0) User=0.00s Sys=0.02s Real=0.01s
[2023-01-03T10:49:25.609-0400][7.798s] GC(1) Pause Young (Normal) (G1 Evacuation Pause)
[2023-01-03T10:49:25.609-0400][7.798s] GC(1) Using 8 workers of 8 for evacuation
[2023-01-03T10:49:25.617-0400][7.806s] GC(1)   Pre Evacuate Collection Set: 0.1ms
[2023-01-03T10:49:25.617-0400][7.806s] GC(1)   Merge Heap Roots: 0.0ms
[2023-01-03T10:49:25.617-0400][7.806s] GC(1)   Evacuate Collection Set: 7.2ms
[2023-01-03T10:49:25.617-0400][7.806s] GC(1)   Post Evacuate Collection Set: 0.7ms
[2023-01-03T10:49:25.617-0400][7.806s] GC(1)   Other: 0.1ms
[2023-01-03T10:49:25.617-0400][7.806s] GC(1) Eden regions: 37->0(116)
[2023-01-03T10:49:25.617-0400][7.806s] GC(1) Survivor regions: 4->6(6)
[2023-01-03T10:49:25.617-0400][7.806s] GC(1) Old regions: 1->8
[2023-01-03T10:49:25.617-0400][7.806s] GC(1) Archive regions: 0->0
[2023-01-03T10:49:25.617-0400][7.806s] GC(1) Humongous regions: 4->4
[2023-01-03T10:49:25.617-0400][7.806s] GC(1) Metaspace: 16416K(16640K)->16416K(16640K) NonClass: 14539K(14656K)->14539K(14656K) Class: 1876K(1984K)->1876K(1984K)
[2023-01-03T10:49:25.617-0400][7.806s] GC(1) Pause Young (Normal) (G1 Evacuation Pause) 45M->17M(512M) 8.419ms
[2023-01-03T10:49:25.617-0400][7.806s] GC(1) User=0.11s Sys=0.00s Real=0.01s
[2023-01-03T10:49:27.225-0400][9.413s] GC(2) Pause Young (Concurrent Start) (Metadata GC Threshold)
[2023-01-03T10:49:27.225-0400][9.413s] GC(2) Using 8 workers of 8 for evacuation
[2023-01-03T10:49:27.231-0400][9.419s] GC(2)   Pre Evacuate Collection Set: 0.2ms
[2023-01-03T10:49:27.231-0400][9.419s] GC(2)   Merge Heap Roots: 0.1ms
[2023-01-03T10:49:27.231-0400][9.420s] GC(2)   Evacuate Collection Set: 4.2ms
[2023-01-03T10:49:27.231-0400][9.420s] GC(2)   Post Evacuate Collection Set: 0.8ms
[2023-01-03T10:49:27.231-0400][9.420s] GC(2)   Other: 1.0ms
[2023-01-03T10:49:27.231-0400][9.420s] GC(2) Eden regions: 69->0(294)
[2023-01-03T10:49:27.231-0400][9.420s] GC(2) Survivor regions: 6->13(16)
[2023-01-03T10:49:27.231-0400][9.420s] GC(2) Old regions: 8->8
[2023-01-03T10:49:27.231-0400][9.420s] GC(2) Archive regions: 0->0
[2023-01-03T10:49:27.231-0400][9.420s] GC(2) Humongous regions: 5->4
[2023-01-03T10:49:27.231-0400][9.420s] GC(2) Metaspace: 21161K(21504K)->21161K(21504K) NonClass: 18703K(18880K)->18703K(18880K) Class: 2457K(2624K)->2457K(2624K)
[2023-01-03T10:49:27.231-0400][9.420s] GC(2) Pause Young (Concurrent Start) (Metadata GC Threshold) 87M->24M(512M) 6.523ms
[2023-01-03T10:49:27.231-0400][9.420s] GC(3) Concurrent Mark Cycle
[2023-01-03T10:49:27.231-0400][9.420s] GC(2) User=0.00s Sys=0.00s Real=0.01s
[2023-01-03T10:49:27.231-0400][9.420s] GC(3) Concurrent Clear Claimed Marks
[2023-01-03T10:49:27.231-0400][9.420s] GC(3) Concurrent Clear Claimed Marks 0.096ms
[2023-01-03T10:49:27.231-0400][9.420s] GC(3) Concurrent Scan Root Regions
[2023-01-03T10:49:27.238-0400][9.427s] GC(3) Concurrent Scan Root Regions 6.607ms
[2023-01-03T10:49:27.238-0400][9.427s] GC(3) Concurrent Mark
[2023-01-03T10:49:27.238-0400][9.427s] GC(3) Concurrent Mark From Roots
[2023-01-03T10:49:27.238-0400][9.427s] GC(3) Using 2 workers of 2 for marking
[2023-01-03T10:49:27.249-0400][9.438s] GC(3) Concurrent Mark From Roots 11.254ms
[2023-01-03T10:49:27.250-0400][9.438s] GC(3) Concurrent Preclean
[2023-01-03T10:49:27.250-0400][9.438s] GC(3) Concurrent Preclean 0.098ms
[2023-01-03T10:49:27.250-0400][9.438s] GC(3) Pause Remark
[2023-01-03T10:49:27.253-0400][9.442s] GC(3) Pause Remark 25M->25M(512M) 3.156ms
[2023-01-03T10:49:27.253-0400][9.442s] GC(3) User=0.05s Sys=0.00s Real=0.00s
[2023-01-03T10:49:27.253-0400][9.442s] GC(3) Concurrent Mark 15.249ms
[2023-01-03T10:49:27.253-0400][9.442s] GC(3) Concurrent Rebuild Remembered Sets
[2023-01-03T10:49:27.256-0400][9.446s] GC(3) Concurrent Rebuild Remembered Sets 4.601ms
[2023-01-03T10:49:27.258-0400][9.447s] GC(3) Pause Cleanup
[2023-01-03T10:49:27.258-0400][9.447s] GC(3) Pause Cleanup 25M->25M(512M) 0.120ms
[2023-01-03T10:49:27.258-0400][9.447s] GC(3) User=0.00s Sys=0.00s Real=0.00s
[2023-01-03T10:49:27.258-0400][9.447s] GC(3) Concurrent Cleanup for Next Mark
[2023-01-03T10:49:27.259-0400][9.448s] GC(3) Concurrent Cleanup for Next Mark 0.945ms
[2023-01-03T10:49:27.259-0400][9.448s] GC(3) Concurrent Mark Cycle 28.144ms
[2023-01-03T10:49:48.539-0400][30.728s] GC(4) Pause Young (Concurrent Start) (Metadata GC Threshold)
[2023-01-03T10:49:48.539-0400][30.728s] GC(4) Using 8 workers of 8 for evacuation
[2023-01-03T10:49:48.549-0400][30.737s] GC(4)   Pre Evacuate Collection Set: 0.1ms
[2023-01-03T10:49:48.549-0400][30.737s] GC(4)   Merge Heap Roots: 0.1ms
[2023-01-03T10:49:48.549-0400][30.737s] GC(4)   Evacuate Collection Set: 8.2ms
[2023-01-03T10:49:48.549-0400][30.737s] GC(4)   Post Evacuate Collection Set: 0.9ms
[2023-01-03T10:49:48.549-0400][30.737s] GC(4)   Other: 0.1ms
[2023-01-03T10:49:48.549-0400][30.737s] GC(4) Eden regions: 117->0(289)
[2023-01-03T10:49:48.549-0400][30.737s] GC(4) Survivor regions: 13->18(39)
[2023-01-03T10:49:48.549-0400][30.737s] GC(4) Old regions: 8->8
[2023-01-03T10:49:48.549-0400][30.737s] GC(4) Archive regions: 0->0
[2023-01-03T10:49:48.549-0400][30.737s] GC(4) Humongous regions: 4->4
[2023-01-03T10:49:48.549-0400][30.737s] GC(4) Metaspace: 35704K(36096K)->35704K(36096K) NonClass: 31551K(31744K)->31551K(31744K) Class: 4152K(4352K)->4152K(4352K)
[2023-01-03T10:49:48.549-0400][30.737s] GC(4) Pause Young (Concurrent Start) (Metadata GC Threshold) 140M->29M(512M) 9.626ms
[2023-01-03T10:49:48.549-0400][30.737s] GC(5) Concurrent Mark Cycle
[2023-01-03T10:49:48.549-0400][30.737s] GC(4) User=0.00s Sys=0.00s Real=0.01s
[2023-01-03T10:49:48.549-0400][30.737s] GC(5) Concurrent Clear Claimed Marks
[2023-01-03T10:49:48.549-0400][30.738s] GC(5) Concurrent Clear Claimed Marks 0.153ms
[2023-01-03T10:49:48.549-0400][30.738s] GC(5) Concurrent Scan Root Regions
[2023-01-03T10:49:48.555-0400][30.743s] GC(5) Concurrent Scan Root Regions 5.294ms
[2023-01-03T10:49:48.555-0400][30.743s] GC(5) Concurrent Mark
[2023-01-03T10:49:48.555-0400][30.743s] GC(5) Concurrent Mark From Roots
[2023-01-03T10:49:48.555-0400][30.743s] GC(5) Using 2 workers of 2 for marking
[2023-01-03T10:49:48.565-0400][30.754s] GC(5) Concurrent Mark From Roots 10.475ms
[2023-01-03T10:49:48.565-0400][30.754s] GC(5) Concurrent Preclean
[2023-01-03T10:49:48.565-0400][30.754s] GC(5) Concurrent Preclean 0.041ms
[2023-01-03T10:49:48.565-0400][30.754s] GC(5) Pause Remark
[2023-01-03T10:49:48.567-0400][30.756s] GC(5) Pause Remark 30M->30M(512M) 2.343ms
[2023-01-03T10:49:48.567-0400][30.756s] GC(5) User=0.11s Sys=0.00s Real=0.00s
[2023-01-03T10:49:48.567-0400][30.756s] GC(5) Concurrent Mark 13.138ms
[2023-01-03T10:49:48.568-0400][30.756s] GC(5) Concurrent Rebuild Remembered Sets
[2023-01-03T10:49:48.572-0400][30.761s] GC(5) Concurrent Rebuild Remembered Sets 4.531ms
[2023-01-03T10:49:48.572-0400][30.761s] GC(5) Pause Cleanup
[2023-01-03T10:49:48.572-0400][30.761s] GC(5) Pause Cleanup 31M->31M(512M) 0.111ms
[2023-01-03T10:49:48.572-0400][30.761s] GC(5) User=0.00s Sys=0.00s Real=0.00s
[2023-01-03T10:49:48.572-0400][30.761s] GC(5) Concurrent Cleanup for Next Mark
[2023-01-03T10:49:48.573-0400][30.762s] GC(5) Concurrent Cleanup for Next Mark 0.975ms
[2023-01-03T10:49:48.573-0400][30.762s] GC(5) Concurrent Mark Cycle 24.628ms
