[2022-12-23T07:11:06.658-0400][0.020s] CardTable entry size: 512
[2022-12-23T07:11:06.658-0400][0.021s] Using G1
[2022-12-23T07:11:06.868-0400][0.232s] Version: 18.0.1.1+2-6 (release)
[2022-12-23T07:11:06.868-0400][0.232s] CPUs: 8 total, 8 available
[2022-12-23T07:11:06.868-0400][0.232s] Memory: 7987M
[2022-12-23T07:11:06.868-0400][0.232s] Large Page Support: Disabled
[2022-12-23T07:11:06.868-0400][0.232s] NUMA Support: Disabled
[2022-12-23T07:11:06.868-0400][0.232s] Compressed Oops: Enabled (32-bit)
[2022-12-23T07:11:06.868-0400][0.232s] Heap Region Size: 1M
[2022-12-23T07:11:06.868-0400][0.232s] Heap Min Capacity: 512M
[2022-12-23T07:11:06.868-0400][0.232s] Heap Initial Capacity: 512M
[2022-12-23T07:11:06.868-0400][0.232s] Heap Max Capacity: 512M
[2022-12-23T07:11:06.868-0400][0.232s] Pre-touch: Enabled
[2022-12-23T07:11:06.868-0400][0.232s] Parallel Workers: 8
[2022-12-23T07:11:06.868-0400][0.232s] Concurrent Workers: 2
[2022-12-23T07:11:06.868-0400][0.232s] Concurrent Refinement Workers: 8
[2022-12-23T07:11:06.868-0400][0.232s] Periodic GC: Disabled
[2022-12-23T07:11:06.868-0400][0.233s] CDS archive(s) mapped at: [0x0000000800000000-0x0000000800ba0000-0x0000000800ba0000), size 12189696, SharedBaseAddress: 0x0000000800000000, ArchiveRelocationMode: 0.
[2022-12-23T07:11:06.868-0400][0.233s] Compressed class space mapped at: 0x0000000800c00000-0x0000000840c00000, reserved size: 1073741824
[2022-12-23T07:11:06.868-0400][0.233s] Narrow klass base: 0x0000000800000000, Narrow klass shift: 0, Narrow klass range: 0x100000000
[2022-12-23T07:11:08.229-0400][1.593s] GC(0) Pause Young (Normal) (G1 Evacuation Pause)
[2022-12-23T07:11:08.229-0400][1.594s] GC(0) Using 8 workers of 8 for evacuation
[2022-12-23T07:11:08.235-0400][1.598s] GC(0)   Pre Evacuate Collection Set: 0.1ms
[2022-12-23T07:11:08.236-0400][1.598s] GC(0)   Merge Heap Roots: 0.1ms
[2022-12-23T07:11:08.236-0400][1.598s] GC(0)   Evacuate Collection Set: 3.5ms
[2022-12-23T07:11:08.236-0400][1.598s] GC(0)   Post Evacuate Collection Set: 0.7ms
[2022-12-23T07:11:08.236-0400][1.598s] GC(0)   Other: 0.5ms
[2022-12-23T07:11:08.236-0400][1.598s] GC(0) Eden regions: 29->0(40)
[2022-12-23T07:11:08.236-0400][1.598s] GC(0) Survivor regions: 0->4(4)
[2022-12-23T07:11:08.236-0400][1.598s] GC(0) Old regions: 0->1
[2022-12-23T07:11:08.236-0400][1.598s] GC(0) Archive regions: 0->0
[2022-12-23T07:11:08.236-0400][1.598s] GC(0) Humongous regions: 0->0
[2022-12-23T07:11:08.236-0400][1.598s] GC(0) Metaspace: 9870K(10048K)->9870K(10048K) NonClass: 8758K(8832K)->8758K(8832K) Class: 1112K(1216K)->1112K(1216K)
[2022-12-23T07:11:08.236-0400][1.598s] GC(0) Pause Young (Normal) (G1 Evacuation Pause) 29M->4M(512M) 5.223ms
[2022-12-23T07:11:08.236-0400][1.598s] GC(0) User=0.00s Sys=0.02s Real=0.01s
[2022-12-23T07:11:09.123-0400][2.486s] GC(1) Pause Young (Normal) (G1 Evacuation Pause)
[2022-12-23T07:11:09.123-0400][2.486s] GC(1) Using 8 workers of 8 for evacuation
[2022-12-23T07:11:09.132-0400][2.494s] GC(1)   Pre Evacuate Collection Set: 0.1ms
[2022-12-23T07:11:09.132-0400][2.494s] GC(1)   Merge Heap Roots: 0.1ms
[2022-12-23T07:11:09.132-0400][2.494s] GC(1)   Evacuate Collection Set: 7.3ms
[2022-12-23T07:11:09.132-0400][2.494s] GC(1)   Post Evacuate Collection Set: 0.7ms
[2022-12-23T07:11:09.132-0400][2.494s] GC(1)   Other: 0.1ms
[2022-12-23T07:11:09.132-0400][2.494s] GC(1) Eden regions: 37->0(114)
[2022-12-23T07:11:09.132-0400][2.494s] GC(1) Survivor regions: 4->6(6)
[2022-12-23T07:11:09.132-0400][2.494s] GC(1) Old regions: 1->9
[2022-12-23T07:11:09.132-0400][2.494s] GC(1) Archive regions: 0->0
[2022-12-23T07:11:09.132-0400][2.494s] GC(1) Humongous regions: 4->4
[2022-12-23T07:11:09.132-0400][2.494s] GC(1) Metaspace: 16435K(16768K)->16435K(16768K) NonClass: 14559K(14784K)->14559K(14784K) Class: 1876K(1984K)->1876K(1984K)
[2022-12-23T07:11:09.132-0400][2.494s] GC(1) Pause Young (Normal) (G1 Evacuation Pause) 45M->18M(512M) 8.474ms
[2022-12-23T07:11:09.132-0400][2.495s] GC(1) User=0.00s Sys=0.00s Real=0.01s
[2022-12-23T07:11:10.208-0400][3.579s] GC(2) Pause Young (Concurrent Start) (Metadata GC Threshold)
[2022-12-23T07:11:10.208-0400][3.579s] GC(2) Using 8 workers of 8 for evacuation
[2022-12-23T07:11:10.221-0400][3.584s] GC(2)   Pre Evacuate Collection Set: 0.2ms
[2022-12-23T07:11:10.221-0400][3.584s] GC(2)   Merge Heap Roots: 0.0ms
[2022-12-23T07:11:10.221-0400][3.584s] GC(2)   Evacuate Collection Set: 3.8ms
[2022-12-23T07:11:10.221-0400][3.584s] GC(2)   Post Evacuate Collection Set: 0.8ms
[2022-12-23T07:11:10.221-0400][3.584s] GC(2)   Other: 0.1ms
[2022-12-23T07:11:10.221-0400][3.584s] GC(2) Eden regions: 68->0(295)
[2022-12-23T07:11:10.221-0400][3.584s] GC(2) Survivor regions: 6->12(15)
[2022-12-23T07:11:10.221-0400][3.584s] GC(2) Old regions: 9->9
[2022-12-23T07:11:10.221-0400][3.584s] GC(2) Archive regions: 0->0
[2022-12-23T07:11:10.221-0400][3.584s] GC(2) Humongous regions: 5->4
[2022-12-23T07:11:10.221-0400][3.584s] GC(2) Metaspace: 21166K(21504K)->21166K(21504K) NonClass: 18708K(18880K)->18708K(18880K) Class: 2458K(2624K)->2458K(2624K)
[2022-12-23T07:11:10.221-0400][3.584s] GC(2) Pause Young (Concurrent Start) (Metadata GC Threshold) 87M->24M(512M) 5.201ms
[2022-12-23T07:11:10.221-0400][3.584s] GC(3) Concurrent Mark Cycle
[2022-12-23T07:11:10.221-0400][3.584s] GC(2) User=0.03s Sys=0.00s Real=0.01s
[2022-12-23T07:11:10.221-0400][3.584s] GC(3) Concurrent Clear Claimed Marks
[2022-12-23T07:11:10.222-0400][3.584s] GC(3) Concurrent Clear Claimed Marks 0.055ms
[2022-12-23T07:11:10.222-0400][3.584s] GC(3) Concurrent Scan Root Regions
[2022-12-23T07:11:10.224-0400][3.587s] GC(3) Concurrent Scan Root Regions 3.217ms
[2022-12-23T07:11:10.224-0400][3.587s] GC(3) Concurrent Mark
[2022-12-23T07:11:10.224-0400][3.587s] GC(3) Concurrent Mark From Roots
[2022-12-23T07:11:10.224-0400][3.587s] GC(3) Using 2 workers of 2 for marking
[2022-12-23T07:11:10.232-0400][3.597s] GC(3) Concurrent Mark From Roots 9.758ms
[2022-12-23T07:11:10.232-0400][3.597s] GC(3) Concurrent Preclean
[2022-12-23T07:11:10.232-0400][3.597s] GC(3) Concurrent Preclean 0.063ms
[2022-12-23T07:11:10.232-0400][3.597s] GC(3) Pause Remark
[2022-12-23T07:11:10.236-0400][3.599s] GC(3) Pause Remark 25M->25M(512M) 1.532ms
[2022-12-23T07:11:10.236-0400][3.599s] GC(3) User=0.00s Sys=0.00s Real=0.00s
[2022-12-23T07:11:10.237-0400][3.599s] GC(3) Concurrent Mark 11.695ms
[2022-12-23T07:11:10.237-0400][3.599s] GC(3) Concurrent Rebuild Remembered Sets
[2022-12-23T07:11:10.237-0400][3.604s] GC(3) Concurrent Rebuild Remembered Sets 4.526ms
[2022-12-23T07:11:10.237-0400][3.604s] GC(3) Pause Cleanup
[2022-12-23T07:11:10.237-0400][3.604s] GC(3) Pause Cleanup 25M->25M(512M) 0.122ms
[2022-12-23T07:11:10.237-0400][3.604s] GC(3) User=0.00s Sys=0.00s Real=0.00s
[2022-12-23T07:11:10.237-0400][3.604s] GC(3) Concurrent Cleanup for Next Mark
[2022-12-23T07:11:10.237-0400][3.605s] GC(3) Concurrent Cleanup for Next Mark 0.885ms
[2022-12-23T07:11:10.237-0400][3.605s] GC(3) Concurrent Mark Cycle 20.991ms
[2022-12-23T07:11:12.258-0400][5.635s] GC(4) Pause Young (Concurrent Start) (Metadata GC Threshold)
[2022-12-23T07:11:12.258-0400][5.635s] GC(4) Using 8 workers of 8 for evacuation
[2022-12-23T07:11:12.281-0400][5.643s] GC(4)   Pre Evacuate Collection Set: 0.2ms
[2022-12-23T07:11:12.281-0400][5.643s] GC(4)   Merge Heap Roots: 0.1ms
[2022-12-23T07:11:12.281-0400][5.643s] GC(4)   Evacuate Collection Set: 7.1ms
[2022-12-23T07:11:12.281-0400][5.643s] GC(4)   Post Evacuate Collection Set: 0.9ms
[2022-12-23T07:11:12.281-0400][5.643s] GC(4)   Other: 0.1ms
[2022-12-23T07:11:12.281-0400][5.643s] GC(4) Eden regions: 133->0(289)
[2022-12-23T07:11:12.281-0400][5.643s] GC(4) Survivor regions: 12->18(39)
[2022-12-23T07:11:12.281-0400][5.643s] GC(4) Old regions: 9->9
[2022-12-23T07:11:12.281-0400][5.643s] GC(4) Archive regions: 0->0
[2022-12-23T07:11:12.281-0400][5.643s] GC(4) Humongous regions: 4->4
[2022-12-23T07:11:12.281-0400][5.643s] GC(4) Metaspace: 35700K(36096K)->35700K(36096K) NonClass: 31558K(31744K)->31558K(31744K) Class: 4141K(4352K)->4141K(4352K)
[2022-12-23T07:11:12.281-0400][5.643s] GC(4) Pause Young (Concurrent Start) (Metadata GC Threshold) 157M->29M(512M) 8.547ms
[2022-12-23T07:11:12.281-0400][5.643s] GC(5) Concurrent Mark Cycle
[2022-12-23T07:11:12.281-0400][5.643s] GC(4) User=0.09s Sys=0.00s Real=0.02s
[2022-12-23T07:11:12.281-0400][5.643s] GC(5) Concurrent Clear Claimed Marks
[2022-12-23T07:11:12.281-0400][5.643s] GC(5) Concurrent Clear Claimed Marks 0.066ms
[2022-12-23T07:11:12.281-0400][5.643s] GC(5) Concurrent Scan Root Regions
[2022-12-23T07:11:12.286-0400][5.648s] GC(5) Concurrent Scan Root Regions 4.902ms
[2022-12-23T07:11:12.286-0400][5.648s] GC(5) Concurrent Mark
[2022-12-23T07:11:12.286-0400][5.648s] GC(5) Concurrent Mark From Roots
[2022-12-23T07:11:12.286-0400][5.648s] GC(5) Using 2 workers of 2 for marking
[2022-12-23T07:11:12.287-0400][5.656s] GC(5) Concurrent Mark From Roots 7.916ms
[2022-12-23T07:11:12.287-0400][5.656s] GC(5) Concurrent Preclean
[2022-12-23T07:11:12.287-0400][5.656s] GC(5) Concurrent Preclean 0.042ms
[2022-12-23T07:11:12.287-0400][5.657s] GC(5) Pause Remark
[2022-12-23T07:11:12.296-0400][5.658s] GC(5) Pause Remark 31M->31M(512M) 1.783ms
[2022-12-23T07:11:12.296-0400][5.658s] GC(5) User=0.02s Sys=0.02s Real=0.01s
[2022-12-23T07:11:12.296-0400][5.658s] GC(5) Concurrent Mark 10.002ms
[2022-12-23T07:11:12.296-0400][5.658s] GC(5) Concurrent Rebuild Remembered Sets
[2022-12-23T07:11:12.296-0400][5.663s] GC(5) Concurrent Rebuild Remembered Sets 4.131ms
[2022-12-23T07:11:12.296-0400][5.663s] GC(5) Pause Cleanup
[2022-12-23T07:11:12.296-0400][5.663s] GC(5) Pause Cleanup 31M->31M(512M) 0.095ms
[2022-12-23T07:11:12.296-0400][5.663s] GC(5) User=0.00s Sys=0.00s Real=0.00s
[2022-12-23T07:11:12.296-0400][5.663s] GC(5) Concurrent Cleanup for Next Mark
[2022-12-23T07:11:12.296-0400][5.664s] GC(5) Concurrent Cleanup for Next Mark 0.772ms
[2022-12-23T07:11:12.296-0400][5.664s] GC(5) Concurrent Mark Cycle 20.532ms
