[2023-01-04T07:29:08.050-0400][0.018s] CardTable entry size: 512
[2023-01-04T07:29:08.050-0400][0.018s] Using G1
[2023-01-04T07:29:08.213-0400][0.183s] Version: 18.0.1.1+2-6 (release)
[2023-01-04T07:29:08.213-0400][0.183s] CPUs: 8 total, 8 available
[2023-01-04T07:29:08.213-0400][0.183s] Memory: 7987M
[2023-01-04T07:29:08.213-0400][0.183s] Large Page Support: Disabled
[2023-01-04T07:29:08.213-0400][0.183s] NUMA Support: Disabled
[2023-01-04T07:29:08.213-0400][0.183s] Compressed Oops: Enabled (32-bit)
[2023-01-04T07:29:08.213-0400][0.183s] Heap Region Size: 1M
[2023-01-04T07:29:08.213-0400][0.183s] Heap Min Capacity: 512M
[2023-01-04T07:29:08.213-0400][0.183s] Heap Initial Capacity: 512M
[2023-01-04T07:29:08.213-0400][0.183s] Heap Max Capacity: 512M
[2023-01-04T07:29:08.213-0400][0.183s] Pre-touch: Enabled
[2023-01-04T07:29:08.213-0400][0.183s] Parallel Workers: 8
[2023-01-04T07:29:08.213-0400][0.183s] Concurrent Workers: 2
[2023-01-04T07:29:08.213-0400][0.183s] Concurrent Refinement Workers: 8
[2023-01-04T07:29:08.213-0400][0.183s] Periodic GC: Disabled
[2023-01-04T07:29:08.213-0400][0.184s] CDS archive(s) mapped at: [0x0000000800000000-0x0000000800ba0000-0x0000000800ba0000), size 12189696, SharedBaseAddress: 0x0000000800000000, ArchiveRelocationMode: 0.
[2023-01-04T07:29:08.213-0400][0.184s] Compressed class space mapped at: 0x0000000800c00000-0x0000000840c00000, reserved size: 1073741824
[2023-01-04T07:29:08.213-0400][0.184s] Narrow klass base: 0x0000000800000000, Narrow klass shift: 0, Narrow klass range: 0x100000000
[2023-01-04T07:29:13.942-0400][5.907s] GC(0) Pause Young (Normal) (G1 Evacuation Pause)
[2023-01-04T07:29:13.942-0400][5.907s] GC(0) Using 8 workers of 8 for evacuation
[2023-01-04T07:29:13.948-0400][5.912s] GC(0)   Pre Evacuate Collection Set: 0.2ms
[2023-01-04T07:29:13.948-0400][5.912s] GC(0)   Merge Heap Roots: 0.1ms
[2023-01-04T07:29:13.948-0400][5.912s] GC(0)   Evacuate Collection Set: 3.2ms
[2023-01-04T07:29:13.948-0400][5.912s] GC(0)   Post Evacuate Collection Set: 1.3ms
[2023-01-04T07:29:13.948-0400][5.912s] GC(0)   Other: 0.4ms
[2023-01-04T07:29:13.948-0400][5.912s] GC(0) Eden regions: 29->0(39)
[2023-01-04T07:29:13.948-0400][5.912s] GC(0) Survivor regions: 0->4(4)
[2023-01-04T07:29:13.948-0400][5.912s] GC(0) Old regions: 0->1
[2023-01-04T07:29:13.948-0400][5.912s] GC(0) Archive regions: 0->0
[2023-01-04T07:29:13.948-0400][5.912s] GC(0) Humongous regions: 0->0
[2023-01-04T07:29:13.948-0400][5.912s] GC(0) Metaspace: 9891K(10112K)->9891K(10112K) NonClass: 8778K(8896K)->8778K(8896K) Class: 1112K(1216K)->1112K(1216K)
[2023-01-04T07:29:13.948-0400][5.912s] GC(0) Pause Young (Normal) (G1 Evacuation Pause) 29M->4M(512M) 5.746ms
[2023-01-04T07:29:13.948-0400][5.913s] GC(0) User=0.00s Sys=0.00s Real=0.01s
[2023-01-04T07:29:14.559-0400][6.521s] GC(1) Pause Young (Normal) (G1 Evacuation Pause)
[2023-01-04T07:29:14.559-0400][6.521s] GC(1) Using 8 workers of 8 for evacuation
[2023-01-04T07:29:14.567-0400][6.528s] GC(1)   Pre Evacuate Collection Set: 0.1ms
[2023-01-04T07:29:14.567-0400][6.528s] GC(1)   Merge Heap Roots: 0.1ms
[2023-01-04T07:29:14.567-0400][6.528s] GC(1)   Evacuate Collection Set: 6.6ms
[2023-01-04T07:29:14.567-0400][6.528s] GC(1)   Post Evacuate Collection Set: 0.7ms
[2023-01-04T07:29:14.567-0400][6.528s] GC(1)   Other: 0.1ms
[2023-01-04T07:29:14.567-0400][6.528s] GC(1) Eden regions: 37->0(114)
[2023-01-04T07:29:14.567-0400][6.528s] GC(1) Survivor regions: 4->6(6)
[2023-01-04T07:29:14.567-0400][6.528s] GC(1) Old regions: 1->8
[2023-01-04T07:29:14.567-0400][6.528s] GC(1) Archive regions: 0->0
[2023-01-04T07:29:14.567-0400][6.528s] GC(1) Humongous regions: 4->4
[2023-01-04T07:29:14.567-0400][6.528s] GC(1) Metaspace: 16423K(16704K)->16423K(16704K) NonClass: 14547K(14720K)->14547K(14720K) Class: 1876K(1984K)->1876K(1984K)
[2023-01-04T07:29:14.567-0400][6.528s] GC(1) Pause Young (Normal) (G1 Evacuation Pause) 45M->17M(512M) 7.752ms
[2023-01-04T07:29:14.567-0400][6.528s] GC(1) User=0.02s Sys=0.00s Real=0.01s
[2023-01-04T07:29:15.421-0400][7.392s] GC(2) Pause Young (Concurrent Start) (Metadata GC Threshold)
[2023-01-04T07:29:15.421-0400][7.392s] GC(2) Using 8 workers of 8 for evacuation
[2023-01-04T07:29:15.437-0400][7.398s] GC(2)   Pre Evacuate Collection Set: 1.1ms
[2023-01-04T07:29:15.437-0400][7.398s] GC(2)   Merge Heap Roots: 0.1ms
[2023-01-04T07:29:15.437-0400][7.398s] GC(2)   Evacuate Collection Set: 4.4ms
[2023-01-04T07:29:15.437-0400][7.398s] GC(2)   Post Evacuate Collection Set: 0.7ms
[2023-01-04T07:29:15.437-0400][7.398s] GC(2)   Other: -0.2ms
[2023-01-04T07:29:15.437-0400][7.398s] GC(2) Eden regions: 69->0(294)
[2023-01-04T07:29:15.437-0400][7.398s] GC(2) Survivor regions: 6->13(15)
[2023-01-04T07:29:15.437-0400][7.398s] GC(2) Old regions: 8->8
[2023-01-04T07:29:15.437-0400][7.398s] GC(2) Archive regions: 0->0
[2023-01-04T07:29:15.437-0400][7.398s] GC(2) Humongous regions: 5->4
[2023-01-04T07:29:15.437-0400][7.398s] GC(2) Metaspace: 21168K(21504K)->21168K(21504K) NonClass: 18709K(18880K)->18709K(18880K) Class: 2459K(2624K)->2459K(2624K)
[2023-01-04T07:29:15.437-0400][7.398s] GC(2) Pause Young (Concurrent Start) (Metadata GC Threshold) 87M->24M(512M) 6.311ms
[2023-01-04T07:29:15.437-0400][7.399s] GC(2) User=0.06s Sys=0.00s Real=0.02s
[2023-01-04T07:29:15.437-0400][7.399s] GC(3) Concurrent Mark Cycle
[2023-01-04T07:29:15.437-0400][7.399s] GC(3) Concurrent Clear Claimed Marks
[2023-01-04T07:29:15.437-0400][7.399s] GC(3) Concurrent Clear Claimed Marks 0.034ms
[2023-01-04T07:29:15.437-0400][7.399s] GC(3) Concurrent Scan Root Regions
[2023-01-04T07:29:15.437-0400][7.401s] GC(3) Concurrent Scan Root Regions 2.279ms
[2023-01-04T07:29:15.437-0400][7.401s] GC(3) Concurrent Mark
[2023-01-04T07:29:15.437-0400][7.401s] GC(3) Concurrent Mark From Roots
[2023-01-04T07:29:15.437-0400][7.401s] GC(3) Using 2 workers of 2 for marking
[2023-01-04T07:29:15.437-0400][7.408s] GC(3) Concurrent Mark From Roots 7.110ms
[2023-01-04T07:29:15.437-0400][7.408s] GC(3) Concurrent Preclean
[2023-01-04T07:29:15.437-0400][7.408s] GC(3) Concurrent Preclean 0.035ms
[2023-01-04T07:29:15.437-0400][7.408s] GC(3) Pause Remark
[2023-01-04T07:29:15.437-0400][7.410s] GC(3) Pause Remark 25M->25M(512M) 1.996ms
[2023-01-04T07:29:15.437-0400][7.410s] GC(3) User=0.00s Sys=0.00s Real=0.00s
[2023-01-04T07:29:15.437-0400][7.410s] GC(3) Concurrent Mark 9.457ms
[2023-01-04T07:29:15.437-0400][7.410s] GC(3) Concurrent Rebuild Remembered Sets
[2023-01-04T07:29:15.437-0400][7.410s] GC(3) Concurrent Rebuild Remembered Sets 0.009ms
[2023-01-04T07:29:15.437-0400][7.410s] GC(3) Pause Cleanup
[2023-01-04T07:29:15.437-0400][7.411s] GC(3) Pause Cleanup 25M->25M(512M) 0.021ms
[2023-01-04T07:29:15.437-0400][7.411s] GC(3) User=0.00s Sys=0.00s Real=0.00s
[2023-01-04T07:29:15.437-0400][7.411s] GC(3) Concurrent Cleanup for Next Mark
[2023-01-04T07:29:15.437-0400][7.413s] GC(3) Concurrent Cleanup for Next Mark 2.112ms
[2023-01-04T07:29:15.437-0400][7.413s] GC(3) Concurrent Mark Cycle 14.190ms
[2023-01-04T07:29:36.493-0400][28.454s] GC(4) Pause Young (Concurrent Start) (Metadata GC Threshold)
[2023-01-04T07:29:36.493-0400][28.455s] GC(4) Using 8 workers of 8 for evacuation
[2023-01-04T07:29:36.506-0400][28.467s] GC(4)   Pre Evacuate Collection Set: 0.2ms
[2023-01-04T07:29:36.506-0400][28.468s] GC(4)   Merge Heap Roots: 0.1ms
[2023-01-04T07:29:36.506-0400][28.468s] GC(4)   Evacuate Collection Set: 11.1ms
[2023-01-04T07:29:36.506-0400][28.468s] GC(4)   Post Evacuate Collection Set: 1.4ms
[2023-01-04T07:29:36.506-0400][28.468s] GC(4)   Other: 0.2ms
[2023-01-04T07:29:36.506-0400][28.468s] GC(4) Eden regions: 111->0(289)
[2023-01-04T07:29:36.506-0400][28.468s] GC(4) Survivor regions: 13->18(39)
[2023-01-04T07:29:36.506-0400][28.468s] GC(4) Old regions: 8->8
[2023-01-04T07:29:36.506-0400][28.468s] GC(4) Archive regions: 0->0
[2023-01-04T07:29:36.506-0400][28.468s] GC(4) Humongous regions: 4->4
[2023-01-04T07:29:36.506-0400][28.468s] GC(4) Metaspace: 35689K(36096K)->35689K(36096K) NonClass: 31542K(31744K)->31542K(31744K) Class: 4146K(4352K)->4146K(4352K)
[2023-01-04T07:29:36.506-0400][28.468s] GC(4) Pause Young (Concurrent Start) (Metadata GC Threshold) 135M->29M(512M) 13.351ms
[2023-01-04T07:29:36.507-0400][28.468s] GC(5) Concurrent Mark Cycle
[2023-01-04T07:29:36.507-0400][28.468s] GC(4) User=0.06s Sys=0.03s Real=0.01s
[2023-01-04T07:29:36.507-0400][28.468s] GC(5) Concurrent Clear Claimed Marks
[2023-01-04T07:29:36.507-0400][28.468s] GC(5) Concurrent Clear Claimed Marks 0.087ms
[2023-01-04T07:29:36.507-0400][28.468s] GC(5) Concurrent Scan Root Regions
[2023-01-04T07:29:36.512-0400][28.474s] GC(5) Concurrent Scan Root Regions 5.295ms
[2023-01-04T07:29:36.512-0400][28.474s] GC(5) Concurrent Mark
[2023-01-04T07:29:36.512-0400][28.474s] GC(5) Concurrent Mark From Roots
[2023-01-04T07:29:36.512-0400][28.474s] GC(5) Using 2 workers of 2 for marking
[2023-01-04T07:29:36.523-0400][28.484s] GC(5) Concurrent Mark From Roots 10.642ms
[2023-01-04T07:29:36.523-0400][28.484s] GC(5) Concurrent Preclean
[2023-01-04T07:29:36.523-0400][28.484s] GC(5) Concurrent Preclean 0.058ms
[2023-01-04T07:29:36.523-0400][28.484s] GC(5) Pause Remark
[2023-01-04T07:29:36.526-0400][28.487s] GC(5) Pause Remark 31M->31M(512M) 2.349ms
[2023-01-04T07:29:36.526-0400][28.487s] GC(5) User=0.00s Sys=0.00s Real=0.00s
[2023-01-04T07:29:36.526-0400][28.487s] GC(5) Concurrent Mark 13.343ms
[2023-01-04T07:29:36.526-0400][28.487s] GC(5) Concurrent Rebuild Remembered Sets
[2023-01-04T07:29:36.526-0400][28.487s] GC(5) Concurrent Rebuild Remembered Sets 0.015ms
[2023-01-04T07:29:36.526-0400][28.487s] GC(5) Pause Cleanup
[2023-01-04T07:29:36.526-0400][28.487s] GC(5) Pause Cleanup 31M->31M(512M) 0.035ms
[2023-01-04T07:29:36.526-0400][28.487s] GC(5) User=0.00s Sys=0.00s Real=0.00s
[2023-01-04T07:29:36.526-0400][28.487s] GC(5) Concurrent Cleanup for Next Mark
[2023-01-04T07:29:36.529-0400][28.490s] GC(5) Concurrent Cleanup for Next Mark 2.864ms
[2023-01-04T07:29:36.529-0400][28.490s] GC(5) Concurrent Mark Cycle 22.066ms
