[2022-12-20T14:23:40.972-0400][0.028s] CardTable entry size: 512
[2022-12-20T14:23:40.973-0400][0.029s] Using G1
[2022-12-20T14:23:41.247-0400][0.303s] Version: 18.0.1.1+2-6 (release)
[2022-12-20T14:23:41.247-0400][0.303s] CPUs: 8 total, 8 available
[2022-12-20T14:23:41.247-0400][0.303s] Memory: 7987M
[2022-12-20T14:23:41.247-0400][0.303s] Large Page Support: Disabled
[2022-12-20T14:23:41.247-0400][0.303s] NUMA Support: Disabled
[2022-12-20T14:23:41.247-0400][0.303s] Compressed Oops: Enabled (32-bit)
[2022-12-20T14:23:41.247-0400][0.303s] Heap Region Size: 1M
[2022-12-20T14:23:41.247-0400][0.303s] Heap Min Capacity: 512M
[2022-12-20T14:23:41.247-0400][0.304s] Heap Initial Capacity: 512M
[2022-12-20T14:23:41.247-0400][0.304s] Heap Max Capacity: 512M
[2022-12-20T14:23:41.248-0400][0.304s] Pre-touch: Enabled
[2022-12-20T14:23:41.248-0400][0.304s] Parallel Workers: 8
[2022-12-20T14:23:41.248-0400][0.304s] Concurrent Workers: 2
[2022-12-20T14:23:41.248-0400][0.304s] Concurrent Refinement Workers: 8
[2022-12-20T14:23:41.248-0400][0.304s] Periodic GC: Disabled
[2022-12-20T14:23:41.249-0400][0.305s] CDS archive(s) mapped at: [0x0000000800000000-0x0000000800ba0000-0x0000000800ba0000), size 12189696, SharedBaseAddress: 0x0000000800000000, ArchiveRelocationMode: 0.
[2022-12-20T14:23:41.249-0400][0.305s] Compressed class space mapped at: 0x0000000800c00000-0x0000000840c00000, reserved size: 1073741824
[2022-12-20T14:23:41.249-0400][0.305s] Narrow klass base: 0x0000000800000000, Narrow klass shift: 0, Narrow klass range: 0x100000000
[2022-12-20T14:23:44.595-0400][3.652s] GC(0) Pause Young (Normal) (G1 Evacuation Pause)
[2022-12-20T14:23:44.596-0400][3.652s] GC(0) Using 8 workers of 8 for evacuation
[2022-12-20T14:23:44.610-0400][3.666s] GC(0)   Pre Evacuate Collection Set: 0.1ms
[2022-12-20T14:23:44.610-0400][3.666s] GC(0)   Merge Heap Roots: 0.1ms
[2022-12-20T14:23:44.610-0400][3.666s] GC(0)   Evacuate Collection Set: 12.6ms
[2022-12-20T14:23:44.610-0400][3.666s] GC(0)   Post Evacuate Collection Set: 0.9ms
[2022-12-20T14:23:44.610-0400][3.666s] GC(0)   Other: 0.6ms
[2022-12-20T14:23:44.610-0400][3.666s] GC(0) Eden regions: 29->0(39)
[2022-12-20T14:23:44.610-0400][3.667s] GC(0) Survivor regions: 0->4(4)
[2022-12-20T14:23:44.610-0400][3.667s] GC(0) Old regions: 0->1
[2022-12-20T14:23:44.610-0400][3.667s] GC(0) Archive regions: 0->0
[2022-12-20T14:23:44.610-0400][3.667s] GC(0) Humongous regions: 0->0
[2022-12-20T14:23:44.610-0400][3.667s] GC(0) Metaspace: 9844K(10048K)->9844K(10048K) NonClass: 8732K(8832K)->8732K(8832K) Class: 1112K(1216K)->1112K(1216K)
[2022-12-20T14:23:44.610-0400][3.667s] GC(0) Pause Young (Normal) (G1 Evacuation Pause) 29M->4M(512M) 14.957ms
[2022-12-20T14:23:44.610-0400][3.667s] GC(0) User=0.05s Sys=0.00s Real=0.01s
[2022-12-20T14:23:46.750-0400][5.807s] GC(1) Pause Young (Normal) (G1 Evacuation Pause)
[2022-12-20T14:23:46.751-0400][5.807s] GC(1) Using 8 workers of 8 for evacuation
[2022-12-20T14:23:46.764-0400][5.821s] GC(1)   Pre Evacuate Collection Set: 0.1ms
[2022-12-20T14:23:46.764-0400][5.821s] GC(1)   Merge Heap Roots: 0.1ms
[2022-12-20T14:23:46.764-0400][5.821s] GC(1)   Evacuate Collection Set: 11.9ms
[2022-12-20T14:23:46.764-0400][5.821s] GC(1)   Post Evacuate Collection Set: 1.1ms
[2022-12-20T14:23:46.764-0400][5.821s] GC(1)   Other: 0.2ms
[2022-12-20T14:23:46.764-0400][5.821s] GC(1) Eden regions: 37->0(110)
[2022-12-20T14:23:46.764-0400][5.821s] GC(1) Survivor regions: 4->6(6)
[2022-12-20T14:23:46.764-0400][5.821s] GC(1) Old regions: 1->9
[2022-12-20T14:23:46.764-0400][5.821s] GC(1) Archive regions: 0->0
[2022-12-20T14:23:46.764-0400][5.821s] GC(1) Humongous regions: 4->4
[2022-12-20T14:23:46.764-0400][5.821s] GC(1) Metaspace: 16470K(16704K)->16470K(16704K) NonClass: 14594K(14720K)->14594K(14720K) Class: 1876K(1984K)->1876K(1984K)
[2022-12-20T14:23:46.764-0400][5.821s] GC(1) Pause Young (Normal) (G1 Evacuation Pause) 45M->18M(512M) 14.041ms
[2022-12-20T14:23:46.765-0400][5.821s] GC(1) User=0.08s Sys=0.00s Real=0.02s
[2022-12-20T14:23:48.815-0400][7.872s] GC(2) Pause Young (Concurrent Start) (Metadata GC Threshold)
[2022-12-20T14:23:48.816-0400][7.872s] GC(2) Using 8 workers of 8 for evacuation
[2022-12-20T14:23:48.822-0400][7.878s] GC(2)   Pre Evacuate Collection Set: 0.2ms
[2022-12-20T14:23:48.822-0400][7.878s] GC(2)   Merge Heap Roots: 0.1ms
[2022-12-20T14:23:48.822-0400][7.878s] GC(2)   Evacuate Collection Set: 4.5ms
[2022-12-20T14:23:48.822-0400][7.878s] GC(2)   Post Evacuate Collection Set: 0.6ms
[2022-12-20T14:23:48.822-0400][7.878s] GC(2)   Other: 1.1ms
[2022-12-20T14:23:48.822-0400][7.878s] GC(2) Eden regions: 68->0(295)
[2022-12-20T14:23:48.822-0400][7.878s] GC(2) Survivor regions: 6->12(15)
[2022-12-20T14:23:48.822-0400][7.878s] GC(2) Old regions: 9->9
[2022-12-20T14:23:48.822-0400][7.878s] GC(2) Archive regions: 0->0
[2022-12-20T14:23:48.822-0400][7.878s] GC(2) Humongous regions: 5->4
[2022-12-20T14:23:48.822-0400][7.878s] GC(2) Metaspace: 21189K(21504K)->21189K(21504K) NonClass: 18735K(18880K)->18735K(18880K) Class: 2454K(2624K)->2454K(2624K)
[2022-12-20T14:23:48.822-0400][7.878s] GC(2) Pause Young (Concurrent Start) (Metadata GC Threshold) 87M->24M(512M) 6.777ms
[2022-12-20T14:23:48.822-0400][7.879s] GC(3) Concurrent Mark Cycle
[2022-12-20T14:23:48.822-0400][7.879s] GC(2) User=0.11s Sys=0.00s Real=0.01s
[2022-12-20T14:23:48.822-0400][7.879s] GC(3) Concurrent Clear Claimed Marks
[2022-12-20T14:23:48.822-0400][7.879s] GC(3) Concurrent Clear Claimed Marks 0.059ms
[2022-12-20T14:23:48.822-0400][7.879s] GC(3) Concurrent Scan Root Regions
[2022-12-20T14:23:48.825-0400][7.882s] GC(3) Concurrent Scan Root Regions 2.915ms
[2022-12-20T14:23:48.825-0400][7.882s] GC(3) Concurrent Mark
[2022-12-20T14:23:48.825-0400][7.882s] GC(3) Concurrent Mark From Roots
[2022-12-20T14:23:48.825-0400][7.882s] GC(3) Using 2 workers of 2 for marking
[2022-12-20T14:23:48.838-0400][7.894s] GC(3) Concurrent Mark From Roots 12.811ms
[2022-12-20T14:23:48.838-0400][7.895s] GC(3) Concurrent Preclean
[2022-12-20T14:23:48.838-0400][7.895s] GC(3) Concurrent Preclean 0.040ms
[2022-12-20T14:23:48.838-0400][7.895s] GC(3) Pause Remark
[2022-12-20T14:23:48.840-0400][7.897s] GC(3) Pause Remark 25M->25M(512M) 1.969ms
[2022-12-20T14:23:48.840-0400][7.897s] GC(3) User=0.00s Sys=0.00s Real=0.00s
[2022-12-20T14:23:48.840-0400][7.897s] GC(3) Concurrent Mark 15.097ms
[2022-12-20T14:23:48.840-0400][7.897s] GC(3) Concurrent Rebuild Remembered Sets
[2022-12-20T14:23:48.840-0400][7.897s] GC(3) Concurrent Rebuild Remembered Sets 0.022ms
[2022-12-20T14:23:48.840-0400][7.897s] GC(3) Pause Cleanup
[2022-12-20T14:23:48.840-0400][7.897s] GC(3) Pause Cleanup 25M->25M(512M) 0.028ms
[2022-12-20T14:23:48.840-0400][7.897s] GC(3) User=0.00s Sys=0.00s Real=0.00s
[2022-12-20T14:23:48.840-0400][7.897s] GC(3) Concurrent Cleanup for Next Mark
[2022-12-20T14:23:48.841-0400][7.898s] GC(3) Concurrent Cleanup for Next Mark 0.796ms
[2022-12-20T14:23:48.841-0400][7.898s] GC(3) Concurrent Mark Cycle 19.252ms
[2022-12-20T14:23:52.986-0400][12.042s] GC(4) Pause Young (Concurrent Start) (Metadata GC Threshold)
[2022-12-20T14:23:52.986-0400][12.043s] GC(4) Using 8 workers of 8 for evacuation
[2022-12-20T14:23:53.002-0400][12.059s] GC(4)   Pre Evacuate Collection Set: 0.3ms
[2022-12-20T14:23:53.002-0400][12.059s] GC(4)   Merge Heap Roots: 0.1ms
[2022-12-20T14:23:53.002-0400][12.059s] GC(4)   Evacuate Collection Set: 13.4ms
[2022-12-20T14:23:53.002-0400][12.059s] GC(4)   Post Evacuate Collection Set: 1.9ms
[2022-12-20T14:23:53.002-0400][12.059s] GC(4)   Other: 0.4ms
[2022-12-20T14:23:53.002-0400][12.059s] GC(4) Eden regions: 122->0(288)
[2022-12-20T14:23:53.002-0400][12.059s] GC(4) Survivor regions: 12->19(39)
[2022-12-20T14:23:53.003-0400][12.059s] GC(4) Old regions: 8->8
[2022-12-20T14:23:53.003-0400][12.059s] GC(4) Archive regions: 0->0
[2022-12-20T14:23:53.003-0400][12.059s] GC(4) Humongous regions: 4->4
[2022-12-20T14:23:53.003-0400][12.059s] GC(4) Metaspace: 35698K(36096K)->35698K(36096K) NonClass: 31553K(31744K)->31553K(31744K) Class: 4145K(4352K)->4145K(4352K)
[2022-12-20T14:23:53.003-0400][12.059s] GC(4) Pause Young (Concurrent Start) (Metadata GC Threshold) 145M->30M(512M) 16.855ms
[2022-12-20T14:23:53.003-0400][12.059s] GC(5) Concurrent Mark Cycle
[2022-12-20T14:23:53.003-0400][12.059s] GC(4) User=0.09s Sys=0.02s Real=0.02s
[2022-12-20T14:23:53.003-0400][12.060s] GC(5) Concurrent Clear Claimed Marks
[2022-12-20T14:23:53.003-0400][12.060s] GC(5) Concurrent Clear Claimed Marks 0.151ms
[2022-12-20T14:23:53.003-0400][12.060s] GC(5) Concurrent Scan Root Regions
[2022-12-20T14:23:53.013-0400][12.070s] GC(5) Concurrent Scan Root Regions 10.105ms
[2022-12-20T14:23:53.014-0400][12.070s] GC(5) Concurrent Mark
[2022-12-20T14:23:53.014-0400][12.070s] GC(5) Concurrent Mark From Roots
[2022-12-20T14:23:53.014-0400][12.070s] GC(5) Using 2 workers of 2 for marking
[2022-12-20T14:23:53.033-0400][12.090s] GC(5) Concurrent Mark From Roots 19.721ms
[2022-12-20T14:23:53.034-0400][12.090s] GC(5) Concurrent Preclean
[2022-12-20T14:23:53.034-0400][12.090s] GC(5) Concurrent Preclean 0.046ms
[2022-12-20T14:23:53.034-0400][12.090s] GC(5) Pause Remark
[2022-12-20T14:23:53.037-0400][12.093s] GC(5) Pause Remark 31M->31M(512M) 3.241ms
[2022-12-20T14:23:53.037-0400][12.093s] GC(5) User=0.02s Sys=0.02s Real=0.00s
[2022-12-20T14:23:53.037-0400][12.094s] GC(5) Concurrent Mark 23.724ms
[2022-12-20T14:23:53.037-0400][12.094s] GC(5) Concurrent Rebuild Remembered Sets
[2022-12-20T14:23:53.037-0400][12.094s] GC(5) Concurrent Rebuild Remembered Sets 0.013ms
[2022-12-20T14:23:53.038-0400][12.094s] GC(5) Pause Cleanup
[2022-12-20T14:23:53.038-0400][12.094s] GC(5) Pause Cleanup 31M->31M(512M) 0.033ms
[2022-12-20T14:23:53.038-0400][12.094s] GC(5) User=0.00s Sys=0.00s Real=0.00s
[2022-12-20T14:23:53.038-0400][12.094s] GC(5) Concurrent Cleanup for Next Mark
[2022-12-20T14:23:53.039-0400][12.095s] GC(5) Concurrent Cleanup for Next Mark 1.187ms
[2022-12-20T14:23:53.039-0400][12.095s] GC(5) Concurrent Mark Cycle 35.885ms
[2022-12-20T14:56:00.132-0400][1939.189s] GC(6) Pause Young (Normal) (G1 Evacuation Pause)
[2022-12-20T14:56:00.133-0400][1939.189s] GC(6) Using 8 workers of 8 for evacuation
[2022-12-20T14:56:00.161-0400][1939.218s] GC(6)   Pre Evacuate Collection Set: 0.3ms
[2022-12-20T14:56:00.161-0400][1939.218s] GC(6)   Merge Heap Roots: 0.2ms
[2022-12-20T14:56:00.161-0400][1939.218s] GC(6)   Evacuate Collection Set: 26.5ms
[2022-12-20T14:56:00.161-0400][1939.218s] GC(6)   Post Evacuate Collection Set: 1.6ms
[2022-12-20T14:56:00.161-0400][1939.218s] GC(6)   Other: 0.4ms
[2022-12-20T14:56:00.161-0400][1939.218s] GC(6) Eden regions: 288->0(275)
[2022-12-20T14:56:00.161-0400][1939.218s] GC(6) Survivor regions: 19->32(39)
[2022-12-20T14:56:00.161-0400][1939.218s] GC(6) Old regions: 8->8
[2022-12-20T14:56:00.161-0400][1939.218s] GC(6) Archive regions: 0->0
[2022-12-20T14:56:00.161-0400][1939.218s] GC(6) Humongous regions: 4->4
[2022-12-20T14:56:00.161-0400][1939.218s] GC(6) Metaspace: 50499K(51008K)->50499K(51008K) NonClass: 44611K(44864K)->44611K(44864K) Class: 5888K(6144K)->5888K(6144K)
[2022-12-20T14:56:00.161-0400][1939.218s] GC(6) Pause Young (Normal) (G1 Evacuation Pause) 318M->43M(512M) 29.444ms
[2022-12-20T14:56:00.161-0400][1939.219s] GC(6) User=0.08s Sys=0.03s Real=0.03s
[2022-12-20T15:06:05.136-0400][2544.193s] GC(7) Pause Young (Normal) (G1 Evacuation Pause)
[2022-12-20T15:06:05.136-0400][2544.193s] GC(7) Using 8 workers of 8 for evacuation
[2022-12-20T15:06:05.167-0400][2544.223s] GC(7)   Pre Evacuate Collection Set: 0.1ms
[2022-12-20T15:06:05.167-0400][2544.223s] GC(7)   Merge Heap Roots: 0.2ms
[2022-12-20T15:06:05.167-0400][2544.223s] GC(7)   Evacuate Collection Set: 28.5ms
[2022-12-20T15:06:05.167-0400][2544.223s] GC(7)   Post Evacuate Collection Set: 1.7ms
[2022-12-20T15:06:05.167-0400][2544.223s] GC(7)   Other: 0.1ms
[2022-12-20T15:06:05.167-0400][2544.223s] GC(7) Eden regions: 275->0(290)
[2022-12-20T15:06:05.167-0400][2544.223s] GC(7) Survivor regions: 32->17(39)
[2022-12-20T15:06:05.167-0400][2544.223s] GC(7) Old regions: 8->25
[2022-12-20T15:06:05.167-0400][2544.223s] GC(7) Archive regions: 0->0
[2022-12-20T15:06:05.167-0400][2544.223s] GC(7) Humongous regions: 4->4
[2022-12-20T15:06:05.167-0400][2544.223s] GC(7) Metaspace: 51093K(51648K)->51093K(51648K) NonClass: 45202K(45504K)->45202K(45504K) Class: 5891K(6144K)->5891K(6144K)
[2022-12-20T15:06:05.167-0400][2544.223s] GC(7) Pause Young (Normal) (G1 Evacuation Pause) 318M->45M(512M) 30.967ms
[2022-12-20T15:06:05.167-0400][2544.224s] GC(7) User=0.20s Sys=0.00s Real=0.03s
[2022-12-20T15:07:41.498-0400][2640.554s] Heap
[2022-12-20T15:07:41.498-0400][2640.554s]  garbage-first heap   total 524288K, used 122643K [0x00000000e0000000, 0x0000000100000000)
[2022-12-20T15:07:41.498-0400][2640.554s]   region size 1024K, 92 young (94208K), 17 survivors (17408K)
[2022-12-20T15:07:41.498-0400][2640.554s]  Metaspace       used 51430K, committed 52032K, reserved 1114112K
[2022-12-20T15:07:41.498-0400][2640.554s]   class space    used 5916K, committed 6208K, reserved 1048576K
