[2022-12-20T15:07:46.410-0400][0.017s] CardTable entry size: 512
[2022-12-20T15:07:46.410-0400][0.018s] Using G1
[2022-12-20T15:07:46.582-0400][0.192s] Version: 18.0.1.1+2-6 (release)
[2022-12-20T15:07:46.582-0400][0.192s] CPUs: 8 total, 8 available
[2022-12-20T15:07:46.582-0400][0.192s] Memory: 7987M
[2022-12-20T15:07:46.582-0400][0.192s] Large Page Support: Disabled
[2022-12-20T15:07:46.582-0400][0.192s] NUMA Support: Disabled
[2022-12-20T15:07:46.582-0400][0.192s] Compressed Oops: Enabled (32-bit)
[2022-12-20T15:07:46.582-0400][0.192s] Heap Region Size: 1M
[2022-12-20T15:07:46.582-0400][0.192s] Heap Min Capacity: 512M
[2022-12-20T15:07:46.582-0400][0.192s] Heap Initial Capacity: 512M
[2022-12-20T15:07:46.582-0400][0.192s] Heap Max Capacity: 512M
[2022-12-20T15:07:46.582-0400][0.193s] Pre-touch: Enabled
[2022-12-20T15:07:46.582-0400][0.193s] Parallel Workers: 8
[2022-12-20T15:07:46.582-0400][0.193s] Concurrent Workers: 2
[2022-12-20T15:07:46.582-0400][0.193s] Concurrent Refinement Workers: 8
[2022-12-20T15:07:46.582-0400][0.193s] Periodic GC: Disabled
[2022-12-20T15:07:46.582-0400][0.194s] CDS archive(s) mapped at: [0x0000000800000000-0x0000000800ba0000-0x0000000800ba0000), size 12189696, SharedBaseAddress: 0x0000000800000000, ArchiveRelocationMode: 0.
[2022-12-20T15:07:46.582-0400][0.194s] Compressed class space mapped at: 0x0000000800c00000-0x0000000840c00000, reserved size: 1073741824
[2022-12-20T15:07:46.582-0400][0.194s] Narrow klass base: 0x0000000800000000, Narrow klass shift: 0, Narrow klass range: 0x100000000
[2022-12-20T15:07:48.190-0400][1.798s] GC(0) Pause Young (Normal) (G1 Evacuation Pause)
[2022-12-20T15:07:48.190-0400][1.799s] GC(0) Using 8 workers of 8 for evacuation
[2022-12-20T15:07:48.198-0400][1.805s] GC(0)   Pre Evacuate Collection Set: 0.1ms
[2022-12-20T15:07:48.198-0400][1.805s] GC(0)   Merge Heap Roots: 0.0ms
[2022-12-20T15:07:48.198-0400][1.805s] GC(0)   Evacuate Collection Set: 4.0ms
[2022-12-20T15:07:48.198-0400][1.805s] GC(0)   Post Evacuate Collection Set: 2.1ms
[2022-12-20T15:07:48.198-0400][1.805s] GC(0)   Other: 0.5ms
[2022-12-20T15:07:48.198-0400][1.805s] GC(0) Eden regions: 29->0(39)
[2022-12-20T15:07:48.198-0400][1.805s] GC(0) Survivor regions: 0->4(4)
[2022-12-20T15:07:48.198-0400][1.805s] GC(0) Old regions: 0->1
[2022-12-20T15:07:48.198-0400][1.805s] GC(0) Archive regions: 0->0
[2022-12-20T15:07:48.198-0400][1.805s] GC(0) Humongous regions: 0->0
[2022-12-20T15:07:48.198-0400][1.805s] GC(0) Metaspace: 9873K(10112K)->9873K(10112K) NonClass: 8761K(8896K)->8761K(8896K) Class: 1112K(1216K)->1112K(1216K)
[2022-12-20T15:07:48.198-0400][1.805s] GC(0) Pause Young (Normal) (G1 Evacuation Pause) 29M->4M(512M) 7.043ms
[2022-12-20T15:07:48.198-0400][1.805s] GC(0) User=0.09s Sys=0.00s Real=0.01s
[2022-12-20T15:07:49.034-0400][2.642s] GC(1) Pause Young (Normal) (G1 Evacuation Pause)
[2022-12-20T15:07:49.034-0400][2.642s] GC(1) Using 8 workers of 8 for evacuation
[2022-12-20T15:07:49.041-0400][2.649s] GC(1)   Pre Evacuate Collection Set: 0.1ms
[2022-12-20T15:07:49.041-0400][2.649s] GC(1)   Merge Heap Roots: 0.0ms
[2022-12-20T15:07:49.041-0400][2.649s] GC(1)   Evacuate Collection Set: 6.7ms
[2022-12-20T15:07:49.041-0400][2.649s] GC(1)   Post Evacuate Collection Set: 0.6ms
[2022-12-20T15:07:49.041-0400][2.649s] GC(1)   Other: 0.1ms
[2022-12-20T15:07:49.041-0400][2.649s] GC(1) Eden regions: 37->0(114)
[2022-12-20T15:07:49.041-0400][2.649s] GC(1) Survivor regions: 4->6(6)
[2022-12-20T15:07:49.041-0400][2.649s] GC(1) Old regions: 1->9
[2022-12-20T15:07:49.041-0400][2.649s] GC(1) Archive regions: 0->0
[2022-12-20T15:07:49.041-0400][2.649s] GC(1) Humongous regions: 4->4
[2022-12-20T15:07:49.041-0400][2.649s] GC(1) Metaspace: 16406K(16640K)->16406K(16640K) NonClass: 14530K(14656K)->14530K(14656K) Class: 1876K(1984K)->1876K(1984K)
[2022-12-20T15:07:49.043-0400][2.649s] GC(1) Pause Young (Normal) (G1 Evacuation Pause) 45M->18M(512M) 7.751ms
[2022-12-20T15:07:49.043-0400][2.649s] GC(1) User=0.12s Sys=0.00s Real=0.01s
[2022-12-20T15:07:49.978-0400][3.585s] GC(2) Pause Young (Concurrent Start) (Metadata GC Threshold)
[2022-12-20T15:07:49.978-0400][3.585s] GC(2) Using 8 workers of 8 for evacuation
[2022-12-20T15:07:49.983-0400][3.590s] GC(2)   Pre Evacuate Collection Set: 0.2ms
[2022-12-20T15:07:49.983-0400][3.590s] GC(2)   Merge Heap Roots: 0.0ms
[2022-12-20T15:07:49.983-0400][3.590s] GC(2)   Evacuate Collection Set: 4.2ms
[2022-12-20T15:07:49.983-0400][3.590s] GC(2)   Post Evacuate Collection Set: 0.8ms
[2022-12-20T15:07:49.983-0400][3.590s] GC(2)   Other: 0.2ms
[2022-12-20T15:07:49.983-0400][3.590s] GC(2) Eden regions: 69->0(295)
[2022-12-20T15:07:49.983-0400][3.590s] GC(2) Survivor regions: 6->12(15)
[2022-12-20T15:07:49.983-0400][3.590s] GC(2) Old regions: 9->9
[2022-12-20T15:07:49.983-0400][3.590s] GC(2) Archive regions: 0->0
[2022-12-20T15:07:49.983-0400][3.590s] GC(2) Humongous regions: 5->4
[2022-12-20T15:07:49.983-0400][3.590s] GC(2) Metaspace: 21166K(21504K)->21166K(21504K) NonClass: 18707K(18880K)->18707K(18880K) Class: 2459K(2624K)->2459K(2624K)
[2022-12-20T15:07:49.983-0400][3.590s] GC(2) Pause Young (Concurrent Start) (Metadata GC Threshold) 87M->24M(512M) 5.754ms
[2022-12-20T15:07:49.983-0400][3.590s] GC(2) User=0.00s Sys=0.00s Real=0.01s
[2022-12-20T15:07:49.983-0400][3.590s] GC(3) Concurrent Mark Cycle
[2022-12-20T15:07:49.983-0400][3.591s] GC(3) Concurrent Clear Claimed Marks
[2022-12-20T15:07:49.983-0400][3.591s] GC(3) Concurrent Clear Claimed Marks 0.037ms
[2022-12-20T15:07:49.984-0400][3.591s] GC(3) Concurrent Scan Root Regions
[2022-12-20T15:07:49.988-0400][3.595s] GC(3) Concurrent Scan Root Regions 4.429ms
[2022-12-20T15:07:49.988-0400][3.595s] GC(3) Concurrent Mark
[2022-12-20T15:07:49.988-0400][3.595s] GC(3) Concurrent Mark From Roots
[2022-12-20T15:07:49.988-0400][3.595s] GC(3) Using 2 workers of 2 for marking
[2022-12-20T15:07:49.999-0400][3.606s] GC(3) Concurrent Mark From Roots 10.911ms
[2022-12-20T15:07:49.999-0400][3.606s] GC(3) Concurrent Preclean
[2022-12-20T15:07:49.999-0400][3.606s] GC(3) Concurrent Preclean 0.078ms
[2022-12-20T15:07:49.999-0400][3.606s] GC(3) Pause Remark
[2022-12-20T15:07:50.001-0400][3.608s] GC(3) Pause Remark 25M->25M(512M) 1.674ms
[2022-12-20T15:07:50.001-0400][3.608s] GC(3) User=0.00s Sys=0.00s Real=0.00s
[2022-12-20T15:07:50.001-0400][3.608s] GC(3) Concurrent Mark 13.018ms
[2022-12-20T15:07:50.001-0400][3.608s] GC(3) Concurrent Rebuild Remembered Sets
[2022-12-20T15:07:50.006-0400][3.613s] GC(3) Concurrent Rebuild Remembered Sets 4.843ms
[2022-12-20T15:07:50.006-0400][3.613s] GC(3) Pause Cleanup
[2022-12-20T15:07:50.006-0400][3.613s] GC(3) Pause Cleanup 25M->25M(512M) 0.081ms
[2022-12-20T15:07:50.006-0400][3.613s] GC(3) User=0.00s Sys=0.00s Real=0.00s
[2022-12-20T15:07:50.006-0400][3.613s] GC(3) Concurrent Cleanup for Next Mark
[2022-12-20T15:07:50.007-0400][3.614s] GC(3) Concurrent Cleanup for Next Mark 0.830ms
[2022-12-20T15:07:50.007-0400][3.614s] GC(3) Concurrent Mark Cycle 23.841ms
[2022-12-20T15:07:51.887-0400][5.494s] GC(4) Pause Young (Concurrent Start) (Metadata GC Threshold)
[2022-12-20T15:07:51.887-0400][5.494s] GC(4) Using 8 workers of 8 for evacuation
[2022-12-20T15:07:51.897-0400][5.504s] GC(4)   Pre Evacuate Collection Set: 0.2ms
[2022-12-20T15:07:51.897-0400][5.504s] GC(4)   Merge Heap Roots: 0.1ms
[2022-12-20T15:07:51.897-0400][5.504s] GC(4)   Evacuate Collection Set: 8.3ms
[2022-12-20T15:07:51.897-0400][5.504s] GC(4)   Post Evacuate Collection Set: 1.0ms
[2022-12-20T15:07:51.897-0400][5.504s] GC(4)   Other: 0.2ms
[2022-12-20T15:07:51.897-0400][5.504s] GC(4) Eden regions: 116->0(289)
[2022-12-20T15:07:51.897-0400][5.504s] GC(4) Survivor regions: 12->18(39)
[2022-12-20T15:07:51.897-0400][5.504s] GC(4) Old regions: 9->9
[2022-12-20T15:07:51.897-0400][5.504s] GC(4) Archive regions: 0->0
[2022-12-20T15:07:51.897-0400][5.504s] GC(4) Humongous regions: 4->4
[2022-12-20T15:07:51.897-0400][5.504s] GC(4) Metaspace: 35538K(35968K)->35538K(35968K) NonClass: 31398K(31616K)->31398K(31616K) Class: 4140K(4352K)->4140K(4352K)
[2022-12-20T15:07:51.897-0400][5.504s] GC(4) Pause Young (Concurrent Start) (Metadata GC Threshold) 139M->29M(512M) 9.954ms
[2022-12-20T15:07:51.897-0400][5.504s] GC(5) Concurrent Mark Cycle
[2022-12-20T15:07:51.897-0400][5.504s] GC(4) User=0.06s Sys=0.00s Real=0.01s
[2022-12-20T15:07:51.897-0400][5.505s] GC(5) Concurrent Clear Claimed Marks
[2022-12-20T15:07:51.897-0400][5.505s] GC(5) Concurrent Clear Claimed Marks 0.109ms
[2022-12-20T15:07:51.897-0400][5.505s] GC(5) Concurrent Scan Root Regions
[2022-12-20T15:07:51.903-0400][5.510s] GC(5) Concurrent Scan Root Regions 5.528ms
[2022-12-20T15:07:51.903-0400][5.510s] GC(5) Concurrent Mark
[2022-12-20T15:07:51.903-0400][5.510s] GC(5) Concurrent Mark From Roots
[2022-12-20T15:07:51.903-0400][5.510s] GC(5) Using 2 workers of 2 for marking
[2022-12-20T15:07:51.913-0400][5.521s] GC(5) Concurrent Mark From Roots 10.605ms
[2022-12-20T15:07:51.913-0400][5.521s] GC(5) Concurrent Preclean
[2022-12-20T15:07:51.913-0400][5.521s] GC(5) Concurrent Preclean 0.075ms
[2022-12-20T15:07:51.914-0400][5.521s] GC(5) Pause Remark
[2022-12-20T15:07:51.916-0400][5.523s] GC(5) Pause Remark 30M->30M(512M) 2.016ms
[2022-12-20T15:07:51.916-0400][5.523s] GC(5) User=0.00s Sys=0.00s Real=0.00s
[2022-12-20T15:07:51.916-0400][5.523s] GC(5) Concurrent Mark 13.063ms
[2022-12-20T15:07:51.916-0400][5.523s] GC(5) Concurrent Rebuild Remembered Sets
[2022-12-20T15:07:51.921-0400][5.528s] GC(5) Concurrent Rebuild Remembered Sets 4.908ms
[2022-12-20T15:07:51.922-0400][5.528s] GC(5) Pause Cleanup
[2022-12-20T15:07:51.922-0400][5.529s] GC(5) Pause Cleanup 31M->31M(512M) 0.141ms
[2022-12-20T15:07:51.922-0400][5.529s] GC(5) User=0.00s Sys=0.00s Real=0.00s
[2022-12-20T15:07:51.922-0400][5.529s] GC(5) Concurrent Cleanup for Next Mark
[2022-12-20T15:07:51.922-0400][5.530s] GC(5) Concurrent Cleanup for Next Mark 0.970ms
[2022-12-20T15:07:51.922-0400][5.530s] GC(5) Concurrent Mark Cycle 25.323ms
