[2023-01-15T17:07:52.126-0400][0.016s] CardTable entry size: 512
[2023-01-15T17:07:52.126-0400][0.017s] Using G1
[2023-01-15T17:07:52.310-0400][0.195s] Version: 18.0.1.1+2-6 (release)
[2023-01-15T17:07:52.310-0400][0.195s] CPUs: 8 total, 8 available
[2023-01-15T17:07:52.310-0400][0.195s] Memory: 7987M
[2023-01-15T17:07:52.310-0400][0.195s] Large Page Support: Disabled
[2023-01-15T17:07:52.310-0400][0.195s] NUMA Support: Disabled
[2023-01-15T17:07:52.310-0400][0.195s] Compressed Oops: Enabled (32-bit)
[2023-01-15T17:07:52.310-0400][0.196s] Heap Region Size: 1M
[2023-01-15T17:07:52.310-0400][0.196s] Heap Min Capacity: 512M
[2023-01-15T17:07:52.310-0400][0.196s] Heap Initial Capacity: 512M
[2023-01-15T17:07:52.310-0400][0.196s] Heap Max Capacity: 512M
[2023-01-15T17:07:52.310-0400][0.196s] Pre-touch: Enabled
[2023-01-15T17:07:52.310-0400][0.196s] Parallel Workers: 8
[2023-01-15T17:07:52.310-0400][0.196s] Concurrent Workers: 2
[2023-01-15T17:07:52.310-0400][0.196s] Concurrent Refinement Workers: 8
[2023-01-15T17:07:52.310-0400][0.196s] Periodic GC: Disabled
[2023-01-15T17:07:52.310-0400][0.197s] CDS archive(s) mapped at: [0x0000000800000000-0x0000000800ba0000-0x0000000800ba0000), size 12189696, SharedBaseAddress: 0x0000000800000000, ArchiveRelocationMode: 0.
[2023-01-15T17:07:52.310-0400][0.197s] Compressed class space mapped at: 0x0000000800c00000-0x0000000840c00000, reserved size: 1073741824
[2023-01-15T17:07:52.310-0400][0.197s] Narrow klass base: 0x0000000800000000, Narrow klass shift: 0, Narrow klass range: 0x100000000
[2023-01-15T17:07:58.175-0400][6.059s] GC(0) Pause Young (Normal) (G1 Evacuation Pause)
[2023-01-15T17:07:58.175-0400][6.060s] GC(0) Using 8 workers of 8 for evacuation
[2023-01-15T17:07:58.175-0400][6.064s] GC(0)   Pre Evacuate Collection Set: 0.2ms
[2023-01-15T17:07:58.175-0400][6.064s] GC(0)   Merge Heap Roots: 0.0ms
[2023-01-15T17:07:58.175-0400][6.064s] GC(0)   Evacuate Collection Set: 2.8ms
[2023-01-15T17:07:58.175-0400][6.064s] GC(0)   Post Evacuate Collection Set: 1.0ms
[2023-01-15T17:07:58.175-0400][6.064s] GC(0)   Other: 0.4ms
[2023-01-15T17:07:58.175-0400][6.064s] GC(0) Eden regions: 29->0(39)
[2023-01-15T17:07:58.175-0400][6.064s] GC(0) Survivor regions: 0->4(4)
[2023-01-15T17:07:58.175-0400][6.064s] GC(0) Old regions: 0->1
[2023-01-15T17:07:58.175-0400][6.064s] GC(0) Archive regions: 0->0
[2023-01-15T17:07:58.175-0400][6.064s] GC(0) Humongous regions: 0->0
[2023-01-15T17:07:58.175-0400][6.064s] GC(0) Metaspace: 9858K(10048K)->9858K(10048K) NonClass: 8749K(8832K)->8749K(8832K) Class: 1109K(1216K)->1109K(1216K)
[2023-01-15T17:07:58.175-0400][6.064s] GC(0) Pause Young (Normal) (G1 Evacuation Pause) 29M->4M(512M) 4.794ms
[2023-01-15T17:07:58.175-0400][6.064s] GC(0) User=0.00s Sys=0.00s Real=0.00s
[2023-01-15T17:07:58.824-0400][6.714s] GC(1) Pause Young (Normal) (G1 Evacuation Pause)
[2023-01-15T17:07:58.824-0400][6.714s] GC(1) Using 8 workers of 8 for evacuation
[2023-01-15T17:07:58.836-0400][6.721s] GC(1)   Pre Evacuate Collection Set: 0.1ms
[2023-01-15T17:07:58.836-0400][6.721s] GC(1)   Merge Heap Roots: 0.0ms
[2023-01-15T17:07:58.836-0400][6.721s] GC(1)   Evacuate Collection Set: 6.2ms
[2023-01-15T17:07:58.836-0400][6.721s] GC(1)   Post Evacuate Collection Set: 0.7ms
[2023-01-15T17:07:58.836-0400][6.721s] GC(1)   Other: 0.1ms
[2023-01-15T17:07:58.836-0400][6.721s] GC(1) Eden regions: 37->0(106)
[2023-01-15T17:07:58.836-0400][6.721s] GC(1) Survivor regions: 4->6(6)
[2023-01-15T17:07:58.836-0400][6.721s] GC(1) Old regions: 1->8
[2023-01-15T17:07:58.836-0400][6.721s] GC(1) Archive regions: 0->0
[2023-01-15T17:07:58.836-0400][6.721s] GC(1) Humongous regions: 4->4
[2023-01-15T17:07:58.836-0400][6.721s] GC(1) Metaspace: 16429K(16768K)->16429K(16768K) NonClass: 14552K(14784K)->14552K(14784K) Class: 1877K(1984K)->1877K(1984K)
[2023-01-15T17:07:58.836-0400][6.721s] GC(1) Pause Young (Normal) (G1 Evacuation Pause) 45M->17M(512M) 7.406ms
[2023-01-15T17:07:58.836-0400][6.721s] GC(1) User=0.08s Sys=0.00s Real=0.01s
[2023-01-15T17:07:59.775-0400][7.661s] GC(2) Pause Young (Concurrent Start) (Metadata GC Threshold)
[2023-01-15T17:07:59.775-0400][7.662s] GC(2) Using 8 workers of 8 for evacuation
[2023-01-15T17:07:59.780-0400][7.666s] GC(2)   Pre Evacuate Collection Set: 0.2ms
[2023-01-15T17:07:59.780-0400][7.666s] GC(2)   Merge Heap Roots: 0.1ms
[2023-01-15T17:07:59.780-0400][7.666s] GC(2)   Evacuate Collection Set: 3.3ms
[2023-01-15T17:07:59.780-0400][7.666s] GC(2)   Post Evacuate Collection Set: 0.5ms
[2023-01-15T17:07:59.780-0400][7.666s] GC(2)   Other: 0.7ms
[2023-01-15T17:07:59.780-0400][7.666s] GC(2) Eden regions: 69->0(294)
[2023-01-15T17:07:59.780-0400][7.666s] GC(2) Survivor regions: 6->13(14)
[2023-01-15T17:07:59.780-0400][7.666s] GC(2) Old regions: 8->8
[2023-01-15T17:07:59.780-0400][7.667s] GC(2) Archive regions: 0->0
[2023-01-15T17:07:59.780-0400][7.667s] GC(2) Humongous regions: 5->4
[2023-01-15T17:07:59.780-0400][7.667s] GC(2) Metaspace: 21184K(21504K)->21184K(21504K) NonClass: 18724K(18880K)->18724K(18880K) Class: 2459K(2624K)->2459K(2624K)
[2023-01-15T17:07:59.780-0400][7.667s] GC(2) Pause Young (Concurrent Start) (Metadata GC Threshold) 87M->24M(512M) 5.104ms
[2023-01-15T17:07:59.780-0400][7.667s] GC(2) User=0.00s Sys=0.00s Real=0.00s
[2023-01-15T17:07:59.780-0400][7.667s] GC(3) Concurrent Mark Cycle
[2023-01-15T17:07:59.780-0400][7.667s] GC(3) Concurrent Clear Claimed Marks
[2023-01-15T17:07:59.780-0400][7.667s] GC(3) Concurrent Clear Claimed Marks 0.029ms
[2023-01-15T17:07:59.780-0400][7.667s] GC(3) Concurrent Scan Root Regions
[2023-01-15T17:07:59.785-0400][7.670s] GC(3) Concurrent Scan Root Regions 3.287ms
[2023-01-15T17:07:59.785-0400][7.670s] GC(3) Concurrent Mark
[2023-01-15T17:07:59.785-0400][7.670s] GC(3) Concurrent Mark From Roots
[2023-01-15T17:07:59.785-0400][7.670s] GC(3) Using 2 workers of 2 for marking
[2023-01-15T17:07:59.794-0400][7.679s] GC(3) Concurrent Mark From Roots 9.320ms
[2023-01-15T17:07:59.794-0400][7.679s] GC(3) Concurrent Preclean
[2023-01-15T17:07:59.794-0400][7.679s] GC(3) Concurrent Preclean 0.037ms
[2023-01-15T17:07:59.794-0400][7.680s] GC(3) Pause Remark
[2023-01-15T17:07:59.794-0400][7.682s] GC(3) Pause Remark 25M->25M(512M) 2.175ms
[2023-01-15T17:07:59.794-0400][7.682s] GC(3) User=0.00s Sys=0.00s Real=0.00s
[2023-01-15T17:07:59.794-0400][7.682s] GC(3) Concurrent Mark 11.802ms
[2023-01-15T17:07:59.794-0400][7.682s] GC(3) Concurrent Rebuild Remembered Sets
[2023-01-15T17:07:59.794-0400][7.682s] GC(3) Concurrent Rebuild Remembered Sets 0.016ms
[2023-01-15T17:07:59.794-0400][7.682s] GC(3) Pause Cleanup
[2023-01-15T17:07:59.794-0400][7.682s] GC(3) Pause Cleanup 25M->25M(512M) 0.022ms
[2023-01-15T17:07:59.794-0400][7.682s] GC(3) User=0.00s Sys=0.00s Real=0.00s
[2023-01-15T17:07:59.794-0400][7.682s] GC(3) Concurrent Cleanup for Next Mark
[2023-01-15T17:07:59.794-0400][7.683s] GC(3) Concurrent Cleanup for Next Mark 0.796ms
[2023-01-15T17:07:59.794-0400][7.683s] GC(3) Concurrent Mark Cycle 16.298ms
[2023-01-15T17:08:19.869-0400][27.754s] GC(4) Pause Young (Concurrent Start) (Metadata GC Threshold)
[2023-01-15T17:08:19.869-0400][27.754s] GC(4) Using 8 workers of 8 for evacuation
[2023-01-15T17:08:19.876-0400][27.761s] GC(4)   Pre Evacuate Collection Set: 0.1ms
[2023-01-15T17:08:19.876-0400][27.761s] GC(4)   Merge Heap Roots: 0.0ms
[2023-01-15T17:08:19.876-0400][27.761s] GC(4)   Evacuate Collection Set: 6.1ms
[2023-01-15T17:08:19.876-0400][27.761s] GC(4)   Post Evacuate Collection Set: 0.8ms
[2023-01-15T17:08:19.876-0400][27.761s] GC(4)   Other: 0.1ms
[2023-01-15T17:08:19.876-0400][27.761s] GC(4) Eden regions: 110->0(289)
[2023-01-15T17:08:19.876-0400][27.761s] GC(4) Survivor regions: 13->18(39)
[2023-01-15T17:08:19.876-0400][27.761s] GC(4) Old regions: 8->8
[2023-01-15T17:08:19.876-0400][27.761s] GC(4) Archive regions: 0->0
[2023-01-15T17:08:19.876-0400][27.761s] GC(4) Humongous regions: 4->4
[2023-01-15T17:08:19.876-0400][27.761s] GC(4) Metaspace: 35693K(36096K)->35693K(36096K) NonClass: 31541K(31744K)->31541K(31744K) Class: 4151K(4352K)->4151K(4352K)
[2023-01-15T17:08:19.876-0400][27.761s] GC(4) Pause Young (Concurrent Start) (Metadata GC Threshold) 134M->29M(512M) 7.333ms
[2023-01-15T17:08:19.876-0400][27.761s] GC(5) Concurrent Mark Cycle
[2023-01-15T17:08:19.876-0400][27.761s] GC(4) User=0.12s Sys=0.00s Real=0.01s
[2023-01-15T17:08:19.876-0400][27.761s] GC(5) Concurrent Clear Claimed Marks
[2023-01-15T17:08:19.876-0400][27.761s] GC(5) Concurrent Clear Claimed Marks 0.060ms
[2023-01-15T17:08:19.876-0400][27.761s] GC(5) Concurrent Scan Root Regions
[2023-01-15T17:08:19.877-0400][27.767s] GC(5) Concurrent Scan Root Regions 5.290ms
[2023-01-15T17:08:19.877-0400][27.767s] GC(5) Concurrent Mark
[2023-01-15T17:08:19.877-0400][27.767s] GC(5) Concurrent Mark From Roots
[2023-01-15T17:08:19.877-0400][27.767s] GC(5) Using 2 workers of 2 for marking
[2023-01-15T17:08:19.890-0400][27.777s] GC(5) Concurrent Mark From Roots 9.955ms
[2023-01-15T17:08:19.890-0400][27.777s] GC(5) Concurrent Preclean
[2023-01-15T17:08:19.890-0400][27.777s] GC(5) Concurrent Preclean 0.047ms
[2023-01-15T17:08:19.890-0400][27.777s] GC(5) Pause Remark
[2023-01-15T17:08:19.894-0400][27.779s] GC(5) Pause Remark 31M->31M(512M) 1.866ms
[2023-01-15T17:08:19.894-0400][27.779s] GC(5) User=0.00s Sys=0.00s Real=0.00s
[2023-01-15T17:08:19.894-0400][27.779s] GC(5) Concurrent Mark 12.186ms
[2023-01-15T17:08:19.894-0400][27.779s] GC(5) Concurrent Rebuild Remembered Sets
[2023-01-15T17:08:19.894-0400][27.779s] GC(5) Concurrent Rebuild Remembered Sets 0.017ms
[2023-01-15T17:08:19.894-0400][27.779s] GC(5) Pause Cleanup
[2023-01-15T17:08:19.894-0400][27.779s] GC(5) Pause Cleanup 31M->31M(512M) 0.025ms
[2023-01-15T17:08:19.894-0400][27.779s] GC(5) User=0.00s Sys=0.00s Real=0.00s
[2023-01-15T17:08:19.894-0400][27.779s] GC(5) Concurrent Cleanup for Next Mark
[2023-01-15T17:08:19.895-0400][27.780s] GC(5) Concurrent Cleanup for Next Mark 0.920ms
[2023-01-15T17:08:19.895-0400][27.780s] GC(5) Concurrent Mark Cycle 18.873ms
