[2022-12-19T17:23:39.111-0400][0.013s] CardTable entry size: 512
[2022-12-19T17:23:39.111-0400][0.014s] Using G1
[2022-12-19T17:23:39.305-0400][0.200s] Version: 18.0.1.1+2-6 (release)
[2022-12-19T17:23:39.305-0400][0.200s] CPUs: 8 total, 8 available
[2022-12-19T17:23:39.305-0400][0.200s] Memory: 7987M
[2022-12-19T17:23:39.305-0400][0.200s] Large Page Support: Disabled
[2022-12-19T17:23:39.305-0400][0.200s] NUMA Support: Disabled
[2022-12-19T17:23:39.305-0400][0.200s] Compressed Oops: Enabled (32-bit)
[2022-12-19T17:23:39.305-0400][0.200s] Heap Region Size: 1M
[2022-12-19T17:23:39.305-0400][0.200s] Heap Min Capacity: 512M
[2022-12-19T17:23:39.305-0400][0.201s] Heap Initial Capacity: 512M
[2022-12-19T17:23:39.305-0400][0.201s] Heap Max Capacity: 512M
[2022-12-19T17:23:39.305-0400][0.201s] Pre-touch: Enabled
[2022-12-19T17:23:39.305-0400][0.201s] Parallel Workers: 8
[2022-12-19T17:23:39.305-0400][0.201s] Concurrent Workers: 2
[2022-12-19T17:23:39.305-0400][0.201s] Concurrent Refinement Workers: 8
[2022-12-19T17:23:39.305-0400][0.201s] Periodic GC: Disabled
[2022-12-19T17:23:39.305-0400][0.203s] CDS archive(s) mapped at: [0x0000000800000000-0x0000000800ba0000-0x0000000800ba0000), size 12189696, SharedBaseAddress: 0x0000000800000000, ArchiveRelocationMode: 0.
[2022-12-19T17:23:39.305-0400][0.203s] Compressed class space mapped at: 0x0000000800c00000-0x0000000840c00000, reserved size: 1073741824
[2022-12-19T17:23:39.305-0400][0.203s] Narrow klass base: 0x0000000800000000, Narrow klass shift: 0, Narrow klass range: 0x100000000
[2022-12-19T17:23:45.124-0400][6.022s] GC(0) Pause Young (Normal) (G1 Evacuation Pause)
[2022-12-19T17:23:45.124-0400][6.022s] GC(0) Using 8 workers of 8 for evacuation
[2022-12-19T17:23:45.132-0400][6.026s] GC(0)   Pre Evacuate Collection Set: 0.1ms
[2022-12-19T17:23:45.132-0400][6.027s] GC(0)   Merge Heap Roots: 0.2ms
[2022-12-19T17:23:45.132-0400][6.027s] GC(0)   Evacuate Collection Set: 2.9ms
[2022-12-19T17:23:45.132-0400][6.027s] GC(0)   Post Evacuate Collection Set: 0.8ms
[2022-12-19T17:23:45.132-0400][6.027s] GC(0)   Other: 0.4ms
[2022-12-19T17:23:45.132-0400][6.027s] GC(0) Eden regions: 29->0(39)
[2022-12-19T17:23:45.132-0400][6.027s] GC(0) Survivor regions: 0->4(4)
[2022-12-19T17:23:45.132-0400][6.027s] GC(0) Old regions: 0->1
[2022-12-19T17:23:45.132-0400][6.027s] GC(0) Archive regions: 0->0
[2022-12-19T17:23:45.132-0400][6.027s] GC(0) Humongous regions: 0->0
[2022-12-19T17:23:45.132-0400][6.027s] GC(0) Metaspace: 9845K(10048K)->9845K(10048K) NonClass: 8733K(8832K)->8733K(8832K) Class: 1112K(1216K)->1112K(1216K)
[2022-12-19T17:23:45.132-0400][6.027s] GC(0) Pause Young (Normal) (G1 Evacuation Pause) 29M->4M(512M) 4.904ms
[2022-12-19T17:23:45.132-0400][6.027s] GC(0) User=0.09s Sys=0.00s Real=0.01s
[2022-12-19T17:23:45.771-0400][6.675s] GC(1) Pause Young (Normal) (G1 Evacuation Pause)
[2022-12-19T17:23:45.771-0400][6.675s] GC(1) Using 8 workers of 8 for evacuation
[2022-12-19T17:23:45.789-0400][6.683s] GC(1)   Pre Evacuate Collection Set: 0.1ms
[2022-12-19T17:23:45.789-0400][6.683s] GC(1)   Merge Heap Roots: 0.1ms
[2022-12-19T17:23:45.789-0400][6.683s] GC(1)   Evacuate Collection Set: 6.5ms
[2022-12-19T17:23:45.789-0400][6.683s] GC(1)   Post Evacuate Collection Set: 0.5ms
[2022-12-19T17:23:45.789-0400][6.683s] GC(1)   Other: 0.1ms
[2022-12-19T17:23:45.789-0400][6.683s] GC(1) Eden regions: 37->0(111)
[2022-12-19T17:23:45.789-0400][6.683s] GC(1) Survivor regions: 4->6(6)
[2022-12-19T17:23:45.789-0400][6.683s] GC(1) Old regions: 1->8
[2022-12-19T17:23:45.789-0400][6.683s] GC(1) Archive regions: 0->0
[2022-12-19T17:23:45.789-0400][6.683s] GC(1) Humongous regions: 4->4
[2022-12-19T17:23:45.789-0400][6.683s] GC(1) Metaspace: 16411K(16640K)->16411K(16640K) NonClass: 14535K(14656K)->14535K(14656K) Class: 1876K(1984K)->1876K(1984K)
[2022-12-19T17:23:45.789-0400][6.683s] GC(1) Pause Young (Normal) (G1 Evacuation Pause) 45M->17M(512M) 7.472ms
[2022-12-19T17:23:45.789-0400][6.683s] GC(1) User=0.08s Sys=0.00s Real=0.02s
[2022-12-19T17:23:46.595-0400][7.501s] GC(2) Pause Young (Concurrent Start) (Metadata GC Threshold)
[2022-12-19T17:23:46.595-0400][7.501s] GC(2) Using 8 workers of 8 for evacuation
[2022-12-19T17:23:46.612-0400][7.507s] GC(2)   Pre Evacuate Collection Set: 0.2ms
[2022-12-19T17:23:46.612-0400][7.507s] GC(2)   Merge Heap Roots: 0.0ms
[2022-12-19T17:23:46.612-0400][7.507s] GC(2)   Evacuate Collection Set: 4.2ms
[2022-12-19T17:23:46.612-0400][7.507s] GC(2)   Post Evacuate Collection Set: 0.6ms
[2022-12-19T17:23:46.612-0400][7.507s] GC(2)   Other: 0.6ms
[2022-12-19T17:23:46.612-0400][7.507s] GC(2) Eden regions: 68->0(294)
[2022-12-19T17:23:46.613-0400][7.507s] GC(2) Survivor regions: 6->13(15)
[2022-12-19T17:23:46.613-0400][7.507s] GC(2) Old regions: 8->8
[2022-12-19T17:23:46.613-0400][7.507s] GC(2) Archive regions: 0->0
[2022-12-19T17:23:46.613-0400][7.507s] GC(2) Humongous regions: 5->4
[2022-12-19T17:23:46.613-0400][7.507s] GC(2) Metaspace: 21151K(21504K)->21151K(21504K) NonClass: 18693K(18880K)->18693K(18880K) Class: 2458K(2624K)->2458K(2624K)
[2022-12-19T17:23:46.613-0400][7.507s] GC(2) Pause Young (Concurrent Start) (Metadata GC Threshold) 86M->24M(512M) 5.918ms
[2022-12-19T17:23:46.613-0400][7.507s] GC(3) Concurrent Mark Cycle
[2022-12-19T17:23:46.613-0400][7.507s] GC(2) User=0.09s Sys=0.00s Real=0.02s
[2022-12-19T17:23:46.613-0400][7.507s] GC(3) Concurrent Clear Claimed Marks
[2022-12-19T17:23:46.613-0400][7.507s] GC(3) Concurrent Clear Claimed Marks 0.059ms
[2022-12-19T17:23:46.613-0400][7.507s] GC(3) Concurrent Scan Root Regions
[2022-12-19T17:23:46.614-0400][7.510s] GC(3) Concurrent Scan Root Regions 3.411ms
[2022-12-19T17:23:46.614-0400][7.510s] GC(3) Concurrent Mark
[2022-12-19T17:23:46.614-0400][7.511s] GC(3) Concurrent Mark From Roots
[2022-12-19T17:23:46.614-0400][7.511s] GC(3) Using 2 workers of 2 for marking
[2022-12-19T17:23:46.614-0400][7.520s] GC(3) Concurrent Mark From Roots 9.583ms
[2022-12-19T17:23:46.614-0400][7.520s] GC(3) Concurrent Preclean
[2022-12-19T17:23:46.614-0400][7.520s] GC(3) Concurrent Preclean 0.106ms
[2022-12-19T17:23:46.614-0400][7.520s] GC(3) Pause Remark
[2022-12-19T17:23:46.628-0400][7.522s] GC(3) Pause Remark 25M->25M(512M) 1.973ms
[2022-12-19T17:23:46.628-0400][7.522s] GC(3) User=0.05s Sys=0.02s Real=0.01s
[2022-12-19T17:23:46.628-0400][7.522s] GC(3) Concurrent Mark 11.990ms
[2022-12-19T17:23:46.628-0400][7.523s] GC(3) Concurrent Rebuild Remembered Sets
[2022-12-19T17:23:46.628-0400][7.523s] GC(3) Concurrent Rebuild Remembered Sets 0.015ms
[2022-12-19T17:23:46.628-0400][7.523s] GC(3) Pause Cleanup
[2022-12-19T17:23:46.628-0400][7.523s] GC(3) Pause Cleanup 25M->25M(512M) 0.041ms
[2022-12-19T17:23:46.628-0400][7.523s] GC(3) User=0.00s Sys=0.00s Real=0.00s
[2022-12-19T17:23:46.628-0400][7.523s] GC(3) Concurrent Cleanup for Next Mark
[2022-12-19T17:23:46.628-0400][7.524s] GC(3) Concurrent Cleanup for Next Mark 0.805ms
[2022-12-19T17:23:46.628-0400][7.524s] GC(3) Concurrent Mark Cycle 16.685ms
[2022-12-19T17:34:32.831-0400][653.726s] GC(4) Pause Young (Concurrent Start) (Metadata GC Threshold)
[2022-12-19T17:34:32.831-0400][653.726s] GC(4) Using 8 workers of 8 for evacuation
[2022-12-19T17:34:32.848-0400][653.742s] GC(4)   Pre Evacuate Collection Set: 0.3ms
[2022-12-19T17:34:32.848-0400][653.742s] GC(4)   Merge Heap Roots: 0.2ms
[2022-12-19T17:34:32.848-0400][653.742s] GC(4)   Evacuate Collection Set: 13.7ms
[2022-12-19T17:34:32.848-0400][653.742s] GC(4)   Post Evacuate Collection Set: 1.8ms
[2022-12-19T17:34:32.848-0400][653.742s] GC(4)   Other: 0.2ms
[2022-12-19T17:34:32.848-0400][653.743s] GC(4) Eden regions: 126->0(288)
[2022-12-19T17:34:32.848-0400][653.743s] GC(4) Survivor regions: 13->19(39)
[2022-12-19T17:34:32.848-0400][653.743s] GC(4) Old regions: 8->8
[2022-12-19T17:34:32.848-0400][653.743s] GC(4) Archive regions: 0->0
[2022-12-19T17:34:32.848-0400][653.743s] GC(4) Humongous regions: 4->4
[2022-12-19T17:34:32.848-0400][653.743s] GC(4) Metaspace: 35750K(36096K)->35750K(36096K) NonClass: 31568K(31744K)->31568K(31744K) Class: 4182K(4352K)->4182K(4352K)
[2022-12-19T17:34:32.848-0400][653.743s] GC(4) Pause Young (Concurrent Start) (Metadata GC Threshold) 149M->30M(512M) 16.511ms
[2022-12-19T17:34:32.848-0400][653.743s] GC(4) User=0.02s Sys=0.00s Real=0.02s
[2022-12-19T17:34:32.848-0400][653.743s] GC(5) Concurrent Mark Cycle
[2022-12-19T17:34:32.848-0400][653.743s] GC(5) Concurrent Clear Claimed Marks
[2022-12-19T17:34:32.849-0400][653.743s] GC(5) Concurrent Clear Claimed Marks 0.044ms
[2022-12-19T17:34:32.849-0400][653.743s] GC(5) Concurrent Scan Root Regions
[2022-12-19T17:34:32.854-0400][653.748s] GC(5) Concurrent Scan Root Regions 4.871ms
[2022-12-19T17:34:32.854-0400][653.748s] GC(5) Concurrent Mark
[2022-12-19T17:34:32.854-0400][653.748s] GC(5) Concurrent Mark From Roots
[2022-12-19T17:34:32.854-0400][653.748s] GC(5) Using 2 workers of 2 for marking
[2022-12-19T17:34:32.863-0400][653.757s] GC(5) Concurrent Mark From Roots 9.320ms
[2022-12-19T17:34:32.863-0400][653.757s] GC(5) Concurrent Preclean
[2022-12-19T17:34:32.863-0400][653.757s] GC(5) Concurrent Preclean 0.275ms
[2022-12-19T17:34:32.863-0400][653.758s] GC(5) Pause Remark
[2022-12-19T17:34:32.870-0400][653.765s] GC(5) Pause Remark 31M->31M(512M) 7.165ms
[2022-12-19T17:34:32.870-0400][653.765s] GC(5) User=0.05s Sys=0.02s Real=0.01s
[2022-12-19T17:34:32.870-0400][653.765s] GC(5) Concurrent Mark 17.146ms
[2022-12-19T17:34:32.870-0400][653.765s] GC(5) Concurrent Rebuild Remembered Sets
[2022-12-19T17:34:32.870-0400][653.765s] GC(5) Concurrent Rebuild Remembered Sets 0.014ms
[2022-12-19T17:34:32.871-0400][653.766s] GC(5) Pause Cleanup
[2022-12-19T17:34:32.871-0400][653.766s] GC(5) Pause Cleanup 31M->31M(512M) 0.066ms
[2022-12-19T17:34:32.871-0400][653.766s] GC(5) User=0.00s Sys=0.00s Real=0.00s
[2022-12-19T17:34:32.871-0400][653.766s] GC(5) Concurrent Cleanup for Next Mark
[2022-12-19T17:34:32.875-0400][653.769s] GC(5) Concurrent Cleanup for Next Mark 3.079ms
[2022-12-19T17:34:32.875-0400][653.769s] GC(5) Concurrent Mark Cycle 26.233ms
[2022-12-19T18:14:29.520-0400][3050.414s] Heap
[2022-12-19T18:14:29.520-0400][3050.414s]  garbage-first heap   total 524288K, used 231567K [0x00000000e0000000, 0x0000000100000000)
[2022-12-19T18:14:29.520-0400][3050.414s]   region size 1024K, 215 young (220160K), 19 survivors (19456K)
[2022-12-19T18:14:29.520-0400][3050.414s]  Metaspace       used 49267K, committed 49792K, reserved 1114112K
[2022-12-19T18:14:29.520-0400][3050.414s]   class space    used 5859K, committed 6144K, reserved 1048576K
