[2023-01-22T07:07:38.984-0400][0.018s] CardTable entry size: 512
[2023-01-22T07:07:38.984-0400][0.018s] Using G1
[2023-01-22T07:07:39.190-0400][0.217s] Version: 18.0.1.1+2-6 (release)
[2023-01-22T07:07:39.190-0400][0.217s] CPUs: 8 total, 8 available
[2023-01-22T07:07:39.190-0400][0.217s] Memory: 7987M
[2023-01-22T07:07:39.190-0400][0.217s] Large Page Support: Disabled
[2023-01-22T07:07:39.190-0400][0.217s] NUMA Support: Disabled
[2023-01-22T07:07:39.190-0400][0.217s] Compressed Oops: Enabled (32-bit)
[2023-01-22T07:07:39.190-0400][0.217s] Heap Region Size: 1M
[2023-01-22T07:07:39.190-0400][0.217s] Heap Min Capacity: 512M
[2023-01-22T07:07:39.190-0400][0.217s] Heap Initial Capacity: 512M
[2023-01-22T07:07:39.190-0400][0.217s] Heap Max Capacity: 512M
[2023-01-22T07:07:39.190-0400][0.218s] Pre-touch: Enabled
[2023-01-22T07:07:39.190-0400][0.218s] Parallel Workers: 8
[2023-01-22T07:07:39.190-0400][0.218s] Concurrent Workers: 2
[2023-01-22T07:07:39.190-0400][0.218s] Concurrent Refinement Workers: 8
[2023-01-22T07:07:39.190-0400][0.218s] Periodic GC: Disabled
[2023-01-22T07:07:39.190-0400][0.219s] CDS archive(s) mapped at: [0x0000000800000000-0x0000000800ba0000-0x0000000800ba0000), size 12189696, SharedBaseAddress: 0x0000000800000000, ArchiveRelocationMode: 0.
[2023-01-22T07:07:39.190-0400][0.219s] Compressed class space mapped at: 0x0000000800c00000-0x0000000840c00000, reserved size: 1073741824
[2023-01-22T07:07:39.190-0400][0.219s] Narrow klass base: 0x0000000800000000, Narrow klass shift: 0, Narrow klass range: 0x100000000
[2023-01-22T07:07:40.616-0400][1.643s] GC(0) Pause Young (Normal) (G1 Evacuation Pause)
[2023-01-22T07:07:40.616-0400][1.644s] GC(0) Using 8 workers of 8 for evacuation
[2023-01-22T07:07:40.629-0400][1.655s] GC(0)   Pre Evacuate Collection Set: 0.2ms
[2023-01-22T07:07:40.629-0400][1.655s] GC(0)   Merge Heap Roots: 0.0ms
[2023-01-22T07:07:40.629-0400][1.655s] GC(0)   Evacuate Collection Set: 9.9ms
[2023-01-22T07:07:40.629-0400][1.655s] GC(0)   Post Evacuate Collection Set: 0.8ms
[2023-01-22T07:07:40.629-0400][1.655s] GC(0)   Other: 0.6ms
[2023-01-22T07:07:40.629-0400][1.655s] GC(0) Eden regions: 29->0(40)
[2023-01-22T07:07:40.629-0400][1.655s] GC(0) Survivor regions: 0->4(4)
[2023-01-22T07:07:40.629-0400][1.655s] GC(0) Old regions: 0->1
[2023-01-22T07:07:40.629-0400][1.655s] GC(0) Archive regions: 0->0
[2023-01-22T07:07:40.629-0400][1.655s] GC(0) Humongous regions: 0->0
[2023-01-22T07:07:40.629-0400][1.655s] GC(0) Metaspace: 9874K(10112K)->9874K(10112K) NonClass: 8761K(8896K)->8761K(8896K) Class: 1112K(1216K)->1112K(1216K)
[2023-01-22T07:07:40.629-0400][1.655s] GC(0) Pause Young (Normal) (G1 Evacuation Pause) 29M->4M(512M) 11.869ms
[2023-01-22T07:07:40.629-0400][1.655s] GC(0) User=0.03s Sys=0.00s Real=0.01s
[2023-01-22T07:07:41.579-0400][2.615s] GC(1) Pause Young (Normal) (G1 Evacuation Pause)
[2023-01-22T07:07:41.579-0400][2.615s] GC(1) Using 8 workers of 8 for evacuation
[2023-01-22T07:07:41.598-0400][2.625s] GC(1)   Pre Evacuate Collection Set: 0.2ms
[2023-01-22T07:07:41.598-0400][2.625s] GC(1)   Merge Heap Roots: 0.1ms
[2023-01-22T07:07:41.598-0400][2.625s] GC(1)   Evacuate Collection Set: 8.3ms
[2023-01-22T07:07:41.598-0400][2.625s] GC(1)   Post Evacuate Collection Set: 0.7ms
[2023-01-22T07:07:41.598-0400][2.625s] GC(1)   Other: 0.1ms
[2023-01-22T07:07:41.598-0400][2.625s] GC(1) Eden regions: 36->0(111)
[2023-01-22T07:07:41.598-0400][2.625s] GC(1) Survivor regions: 4->5(5)
[2023-01-22T07:07:41.598-0400][2.625s] GC(1) Old regions: 1->10
[2023-01-22T07:07:41.598-0400][2.625s] GC(1) Archive regions: 0->0
[2023-01-22T07:07:41.598-0400][2.625s] GC(1) Humongous regions: 4->4
[2023-01-22T07:07:41.598-0400][2.625s] GC(1) Metaspace: 16392K(16640K)->16392K(16640K) NonClass: 14515K(14656K)->14515K(14656K) Class: 1876K(1984K)->1876K(1984K)
[2023-01-22T07:07:41.598-0400][2.625s] GC(1) Pause Young (Normal) (G1 Evacuation Pause) 44M->18M(512M) 9.705ms
[2023-01-22T07:07:41.598-0400][2.625s] GC(1) User=0.05s Sys=0.00s Real=0.02s
[2023-01-22T07:07:42.873-0400][3.912s] GC(2) Pause Young (Concurrent Start) (Metadata GC Threshold)
[2023-01-22T07:07:42.873-0400][3.912s] GC(2) Using 8 workers of 8 for evacuation
[2023-01-22T07:07:42.888-0400][3.916s] GC(2)   Pre Evacuate Collection Set: 0.1ms
[2023-01-22T07:07:42.888-0400][3.916s] GC(2)   Merge Heap Roots: 0.1ms
[2023-01-22T07:07:42.888-0400][3.916s] GC(2)   Evacuate Collection Set: 3.4ms
[2023-01-22T07:07:42.888-0400][3.916s] GC(2)   Post Evacuate Collection Set: 0.7ms
[2023-01-22T07:07:42.888-0400][3.916s] GC(2)   Other: 0.2ms
[2023-01-22T07:07:42.888-0400][3.916s] GC(2) Eden regions: 70->0(295)
[2023-01-22T07:07:42.888-0400][3.916s] GC(2) Survivor regions: 5->12(15)
[2023-01-22T07:07:42.888-0400][3.916s] GC(2) Old regions: 10->10
[2023-01-22T07:07:42.888-0400][3.916s] GC(2) Archive regions: 0->0
[2023-01-22T07:07:42.888-0400][3.916s] GC(2) Humongous regions: 5->4
[2023-01-22T07:07:42.888-0400][3.916s] GC(2) Metaspace: 21187K(21504K)->21187K(21504K) NonClass: 18724K(18880K)->18724K(18880K) Class: 2463K(2624K)->2463K(2624K)
[2023-01-22T07:07:42.888-0400][3.916s] GC(2) Pause Young (Concurrent Start) (Metadata GC Threshold) 89M->24M(512M) 4.671ms
[2023-01-22T07:07:42.888-0400][3.916s] GC(3) Concurrent Mark Cycle
[2023-01-22T07:07:42.888-0400][3.916s] GC(2) User=0.12s Sys=0.00s Real=0.02s
[2023-01-22T07:07:42.888-0400][3.916s] GC(3) Concurrent Clear Claimed Marks
[2023-01-22T07:07:42.888-0400][3.917s] GC(3) Concurrent Clear Claimed Marks 0.101ms
[2023-01-22T07:07:42.888-0400][3.917s] GC(3) Concurrent Scan Root Regions
[2023-01-22T07:07:42.888-0400][3.919s] GC(3) Concurrent Scan Root Regions 2.904ms
[2023-01-22T07:07:42.888-0400][3.920s] GC(3) Concurrent Mark
[2023-01-22T07:07:42.888-0400][3.920s] GC(3) Concurrent Mark From Roots
[2023-01-22T07:07:42.888-0400][3.920s] GC(3) Using 2 workers of 2 for marking
[2023-01-22T07:07:42.897-0400][3.929s] GC(3) Concurrent Mark From Roots 9.606ms
[2023-01-22T07:07:42.897-0400][3.929s] GC(3) Concurrent Preclean
[2023-01-22T07:07:42.897-0400][3.929s] GC(3) Concurrent Preclean 0.071ms
[2023-01-22T07:07:42.897-0400][3.929s] GC(3) Pause Remark
[2023-01-22T07:07:42.897-0400][3.931s] GC(3) Pause Remark 25M->25M(512M) 1.736ms
[2023-01-22T07:07:42.897-0400][3.931s] GC(3) User=0.00s Sys=0.00s Real=0.00s
[2023-01-22T07:07:42.897-0400][3.931s] GC(3) Concurrent Mark 11.759ms
[2023-01-22T07:07:42.897-0400][3.931s] GC(3) Concurrent Rebuild Remembered Sets
[2023-01-22T07:07:42.897-0400][3.936s] GC(3) Concurrent Rebuild Remembered Sets 4.483ms
[2023-01-22T07:07:42.897-0400][3.936s] GC(3) Pause Cleanup
[2023-01-22T07:07:42.897-0400][3.936s] GC(3) Pause Cleanup 25M->25M(512M) 0.124ms
[2023-01-22T07:07:42.897-0400][3.936s] GC(3) User=0.00s Sys=0.00s Real=0.00s
[2023-01-22T07:07:42.897-0400][3.936s] GC(3) Concurrent Cleanup for Next Mark
[2023-01-22T07:07:42.897-0400][3.937s] GC(3) Concurrent Cleanup for Next Mark 0.893ms
[2023-01-22T07:07:42.897-0400][3.937s] GC(3) Concurrent Mark Cycle 20.705ms
[2023-01-22T07:07:45.296-0400][6.331s] GC(4) Pause Young (Concurrent Start) (Metadata GC Threshold)
[2023-01-22T07:07:45.296-0400][6.331s] GC(4) Using 8 workers of 8 for evacuation
[2023-01-22T07:07:45.306-0400][6.339s] GC(4)   Pre Evacuate Collection Set: 0.1ms
[2023-01-22T07:07:45.306-0400][6.339s] GC(4)   Merge Heap Roots: 0.0ms
[2023-01-22T07:07:45.306-0400][6.339s] GC(4)   Evacuate Collection Set: 6.2ms
[2023-01-22T07:07:45.306-0400][6.339s] GC(4)   Post Evacuate Collection Set: 0.8ms
[2023-01-22T07:07:45.306-0400][6.339s] GC(4)   Other: 0.1ms
[2023-01-22T07:07:45.306-0400][6.339s] GC(4) Eden regions: 135->0(289)
[2023-01-22T07:07:45.306-0400][6.339s] GC(4) Survivor regions: 12->18(39)
[2023-01-22T07:07:45.306-0400][6.339s] GC(4) Old regions: 10->10
[2023-01-22T07:07:45.306-0400][6.339s] GC(4) Archive regions: 0->0
[2023-01-22T07:07:45.306-0400][6.339s] GC(4) Humongous regions: 4->4
[2023-01-22T07:07:45.306-0400][6.339s] GC(4) Metaspace: 35617K(36096K)->35617K(36096K) NonClass: 31443K(31680K)->31443K(31680K) Class: 4174K(4416K)->4174K(4416K)
[2023-01-22T07:07:45.306-0400][6.339s] GC(4) Pause Young (Concurrent Start) (Metadata GC Threshold) 159M->30M(512M) 7.462ms
[2023-01-22T07:07:45.306-0400][6.339s] GC(5) Concurrent Mark Cycle
[2023-01-22T07:07:45.306-0400][6.339s] GC(4) User=0.00s Sys=0.00s Real=0.01s
[2023-01-22T07:07:45.306-0400][6.339s] GC(5) Concurrent Clear Claimed Marks
[2023-01-22T07:07:45.306-0400][6.339s] GC(5) Concurrent Clear Claimed Marks 0.062ms
[2023-01-22T07:07:45.306-0400][6.339s] GC(5) Concurrent Scan Root Regions
[2023-01-22T07:07:45.318-0400][6.344s] GC(5) Concurrent Scan Root Regions 5.487ms
[2023-01-22T07:07:45.318-0400][6.345s] GC(5) Concurrent Mark
[2023-01-22T07:07:45.318-0400][6.345s] GC(5) Concurrent Mark From Roots
[2023-01-22T07:07:45.318-0400][6.345s] GC(5) Using 2 workers of 2 for marking
[2023-01-22T07:07:45.322-0400][6.355s] GC(5) Concurrent Mark From Roots 10.094ms
[2023-01-22T07:07:45.322-0400][6.355s] GC(5) Concurrent Preclean
[2023-01-22T07:07:45.322-0400][6.355s] GC(5) Concurrent Preclean 0.048ms
[2023-01-22T07:07:45.329-0400][6.355s] GC(5) Pause Remark
[2023-01-22T07:07:45.330-0400][6.357s] GC(5) Pause Remark 32M->32M(512M) 2.177ms
[2023-01-22T07:07:45.330-0400][6.357s] GC(5) User=0.00s Sys=0.00s Real=0.00s
[2023-01-22T07:07:45.330-0400][6.357s] GC(5) Concurrent Mark 12.630ms
[2023-01-22T07:07:45.330-0400][6.357s] GC(5) Concurrent Rebuild Remembered Sets
[2023-01-22T07:07:45.336-0400][6.362s] GC(5) Concurrent Rebuild Remembered Sets 5.176ms
[2023-01-22T07:07:45.336-0400][6.363s] GC(5) Pause Cleanup
[2023-01-22T07:07:45.336-0400][6.363s] GC(5) Pause Cleanup 32M->32M(512M) 0.151ms
[2023-01-22T07:07:45.336-0400][6.363s] GC(5) User=0.00s Sys=0.00s Real=0.00s
[2023-01-22T07:07:45.336-0400][6.363s] GC(5) Concurrent Cleanup for Next Mark
[2023-01-22T07:07:45.337-0400][6.364s] GC(5) Concurrent Cleanup for Next Mark 0.976ms
[2023-01-22T07:07:45.337-0400][6.364s] GC(5) Concurrent Mark Cycle 24.920ms
[2023-01-22T07:46:20.872-0400][2321.902s] GC(6) Pause Young (Normal) (G1 Evacuation Pause)
[2023-01-22T07:46:20.872-0400][2321.912s] GC(6) Using 8 workers of 8 for evacuation
[2023-01-22T07:46:21.526-0400][2322.555s] GC(6) MMU target violated: 251.0ms (250.0ms/251.0ms)
[2023-01-22T07:46:21.530-0400][2322.556s] GC(6)   Pre Evacuate Collection Set: 7.8ms
[2023-01-22T07:46:21.530-0400][2322.556s] GC(6)   Merge Heap Roots: 3.2ms
[2023-01-22T07:46:21.530-0400][2322.556s] GC(6)   Evacuate Collection Set: 582.5ms
[2023-01-22T07:46:21.530-0400][2322.557s] GC(6)   Post Evacuate Collection Set: 46.3ms
[2023-01-22T07:46:21.530-0400][2322.557s] GC(6)   Other: 9.1ms
[2023-01-22T07:46:21.530-0400][2322.557s] GC(6) Eden regions: 289->0(32)
[2023-01-22T07:46:21.530-0400][2322.557s] GC(6) Survivor regions: 18->39(39)
[2023-01-22T07:46:21.530-0400][2322.557s] GC(6) Old regions: 10->10
[2023-01-22T07:46:21.530-0400][2322.557s] GC(6) Archive regions: 0->0
[2023-01-22T07:46:21.531-0400][2322.557s] GC(6) Humongous regions: 4->4
[2023-01-22T07:46:21.531-0400][2322.557s] GC(6) Metaspace: 51223K(51904K)->51223K(51904K) NonClass: 45150K(45504K)->45150K(45504K) Class: 6072K(6400K)->6072K(6400K)
[2023-01-22T07:46:21.531-0400][2322.557s] GC(6) Pause Young (Normal) (G1 Evacuation Pause) 319M->52M(512M) 655.987ms
[2023-01-22T07:46:21.531-0400][2322.557s] GC(6) User=0.28s Sys=1.98s Real=0.66s
[2023-01-22T07:46:22.857-0400][2323.890s] GC(7) Pause Young (Normal) (G1 Evacuation Pause)
[2023-01-22T07:46:22.857-0400][2323.891s] GC(7) Using 8 workers of 8 for evacuation
[2023-01-22T07:46:22.922-0400][2323.948s] GC(7)   Pre Evacuate Collection Set: 1.1ms
[2023-01-22T07:46:22.922-0400][2323.949s] GC(7)   Merge Heap Roots: 0.1ms
[2023-01-22T07:46:22.922-0400][2323.949s] GC(7)   Evacuate Collection Set: 52.7ms
[2023-01-22T07:46:22.922-0400][2323.949s] GC(7)   Post Evacuate Collection Set: 3.7ms
[2023-01-22T07:46:22.923-0400][2323.949s] GC(7)   Other: 0.4ms
[2023-01-22T07:46:22.923-0400][2323.949s] GC(7) Eden regions: 32->0(210)
[2023-01-22T07:46:22.923-0400][2323.949s] GC(7) Survivor regions: 39->4(9)
[2023-01-22T07:46:22.923-0400][2323.949s] GC(7) Old regions: 10->47
[2023-01-22T07:46:22.923-0400][2323.949s] GC(7) Archive regions: 0->0
[2023-01-22T07:46:22.923-0400][2323.949s] GC(7) Humongous regions: 4->4
[2023-01-22T07:46:22.923-0400][2323.949s] GC(7) Metaspace: 51246K(51904K)->51246K(51904K) NonClass: 45174K(45504K)->45174K(45504K) Class: 6072K(6400K)->6072K(6400K)
[2023-01-22T07:46:22.923-0400][2323.950s] GC(7) Pause Young (Normal) (G1 Evacuation Pause) 84M->54M(512M) 59.729ms
[2023-01-22T07:46:22.923-0400][2323.950s] GC(7) User=0.14s Sys=0.12s Real=0.07s
[2023-01-22T08:57:34.476-0400][6595.510s] GC(8) Pause Young (Normal) (G1 Evacuation Pause)
[2023-01-22T08:57:34.492-0400][6595.518s] GC(8) Using 8 workers of 8 for evacuation
[2023-01-22T08:57:34.569-0400][6595.597s] GC(8)   Pre Evacuate Collection Set: 5.7ms
[2023-01-22T08:57:34.569-0400][6595.597s] GC(8)   Merge Heap Roots: 2.7ms
[2023-01-22T08:57:34.569-0400][6595.597s] GC(8)   Evacuate Collection Set: 63.0ms
[2023-01-22T08:57:34.569-0400][6595.597s] GC(8)   Post Evacuate Collection Set: 6.1ms
[2023-01-22T08:57:34.569-0400][6595.598s] GC(8)   Other: 6.7ms
[2023-01-22T08:57:34.569-0400][6595.598s] GC(8) Eden regions: 210->0(211)
[2023-01-22T08:57:34.569-0400][6595.598s] GC(8) Survivor regions: 4->4(27)
[2023-01-22T08:57:34.569-0400][6595.598s] GC(8) Old regions: 47->47
[2023-01-22T08:57:34.569-0400][6595.598s] GC(8) Archive regions: 0->0
[2023-01-22T08:57:34.569-0400][6595.598s] GC(8) Humongous regions: 4->4
[2023-01-22T08:57:34.569-0400][6595.598s] GC(8) Metaspace: 52721K(53312K)->52721K(53312K) NonClass: 46535K(46848K)->46535K(46848K) Class: 6186K(6464K)->6186K(6464K)
[2023-01-22T08:57:34.569-0400][6595.598s] GC(8) Pause Young (Normal) (G1 Evacuation Pause) 264M->54M(512M) 88.897ms
[2023-01-22T08:57:34.569-0400][6595.598s] GC(8) User=0.02s Sys=0.16s Real=0.09s
