[2022-09-08T18:53:16.639-0400][0.013s] CardTable entry size: 512
[2022-09-08T18:53:16.639-0400][0.014s] Using G1
[2022-09-08T18:53:16.788-0400][0.167s] Version: 18.0.1.1+2-6 (release)
[2022-09-08T18:53:16.788-0400][0.167s] CPUs: 8 total, 8 available
[2022-09-08T18:53:16.788-0400][0.167s] Memory: 7987M
[2022-09-08T18:53:16.788-0400][0.167s] Large Page Support: Disabled
[2022-09-08T18:53:16.788-0400][0.167s] NUMA Support: Disabled
[2022-09-08T18:53:16.788-0400][0.167s] Compressed Oops: Enabled (32-bit)
[2022-09-08T18:53:16.788-0400][0.167s] Heap Region Size: 1M
[2022-09-08T18:53:16.788-0400][0.167s] Heap Min Capacity: 512M
[2022-09-08T18:53:16.788-0400][0.167s] Heap Initial Capacity: 512M
[2022-09-08T18:53:16.788-0400][0.167s] Heap Max Capacity: 512M
[2022-09-08T18:53:16.788-0400][0.167s] Pre-touch: Enabled
[2022-09-08T18:53:16.788-0400][0.167s] Parallel Workers: 8
[2022-09-08T18:53:16.788-0400][0.167s] Concurrent Workers: 2
[2022-09-08T18:53:16.788-0400][0.167s] Concurrent Refinement Workers: 8
[2022-09-08T18:53:16.788-0400][0.167s] Periodic GC: Disabled
[2022-09-08T18:53:16.788-0400][0.168s] CDS archive(s) mapped at: [0x0000000800000000-0x0000000800ba0000-0x0000000800ba0000), size 12189696, SharedBaseAddress: 0x0000000800000000, ArchiveRelocationMode: 0.
[2022-09-08T18:53:16.788-0400][0.168s] Compressed class space mapped at: 0x0000000800c00000-0x0000000840c00000, reserved size: 1073741824
[2022-09-08T18:53:16.788-0400][0.168s] Narrow klass base: 0x0000000800000000, Narrow klass shift: 0, Narrow klass range: 0x100000000
[2022-09-08T18:53:19.640-0400][3.016s] GC(0) Pause Young (Normal) (G1 Evacuation Pause)
[2022-09-08T18:53:19.642-0400][3.017s] GC(0) Using 8 workers of 8 for evacuation
[2022-09-08T18:53:19.647-0400][3.022s] GC(0)   Pre Evacuate Collection Set: 0.1ms
[2022-09-08T18:53:19.647-0400][3.022s] GC(0)   Merge Heap Roots: 0.0ms
[2022-09-08T18:53:19.647-0400][3.022s] GC(0)   Evacuate Collection Set: 2.8ms
[2022-09-08T18:53:19.647-0400][3.022s] GC(0)   Post Evacuate Collection Set: 1.4ms
[2022-09-08T18:53:19.648-0400][3.023s] GC(0)   Other: 0.7ms
[2022-09-08T18:53:19.648-0400][3.023s] GC(0) Eden regions: 29->0(41)
[2022-09-08T18:53:19.648-0400][3.023s] GC(0) Survivor regions: 0->4(4)
[2022-09-08T18:53:19.648-0400][3.023s] GC(0) Old regions: 0->0
[2022-09-08T18:53:19.648-0400][3.023s] GC(0) Archive regions: 0->0
[2022-09-08T18:53:19.648-0400][3.023s] GC(0) Humongous regions: 0->0
[2022-09-08T18:53:19.649-0400][3.023s] GC(0) Metaspace: 7158K(7296K)->7158K(7296K) NonClass: 6342K(6400K)->6342K(6400K) Class: 815K(896K)->815K(896K)
[2022-09-08T18:53:19.649-0400][3.023s] GC(0) Pause Young (Normal) (G1 Evacuation Pause) 29M->3M(512M) 7.673ms
[2022-09-08T18:53:19.649-0400][3.023s] GC(0) User=0.00s Sys=0.00s Real=0.01s
[2022-09-08T18:53:20.627-0400][4.002s] GC(1) Pause Young (Normal) (G1 Evacuation Pause)
[2022-09-08T18:53:20.627-0400][4.002s] GC(1) Using 8 workers of 8 for evacuation
[2022-09-08T18:53:20.636-0400][4.011s] GC(1)   Pre Evacuate Collection Set: 0.1ms
[2022-09-08T18:53:20.636-0400][4.011s] GC(1)   Merge Heap Roots: 0.0ms
[2022-09-08T18:53:20.636-0400][4.011s] GC(1)   Evacuate Collection Set: 7.7ms
[2022-09-08T18:53:20.636-0400][4.011s] GC(1)   Post Evacuate Collection Set: 0.8ms
[2022-09-08T18:53:20.636-0400][4.011s] GC(1)   Other: 0.1ms
[2022-09-08T18:53:20.636-0400][4.011s] GC(1) Eden regions: 41->0(85)
[2022-09-08T18:53:20.636-0400][4.011s] GC(1) Survivor regions: 4->6(6)
[2022-09-08T18:53:20.636-0400][4.011s] GC(1) Old regions: 0->8
[2022-09-08T18:53:20.636-0400][4.011s] GC(1) Archive regions: 0->0
[2022-09-08T18:53:20.636-0400][4.011s] GC(1) Humongous regions: 4->4
[2022-09-08T18:53:20.636-0400][4.011s] GC(1) Metaspace: 16378K(16768K)->16378K(16768K) NonClass: 14497K(14720K)->14497K(14720K) Class: 1881K(2048K)->1881K(2048K)
[2022-09-08T18:53:20.636-0400][4.011s] GC(1) Pause Young (Normal) (G1 Evacuation Pause) 48M->17M(512M) 8.970ms
[2022-09-08T18:53:20.636-0400][4.011s] GC(1) User=0.03s Sys=0.00s Real=0.01s
[2022-09-08T18:53:23.834-0400][7.209s] GC(2) Pause Young (Normal) (G1 Evacuation Pause)
[2022-09-08T18:53:23.834-0400][7.209s] GC(2) Using 8 workers of 8 for evacuation
[2022-09-08T18:53:23.838-0400][7.213s] GC(2)   Pre Evacuate Collection Set: 0.1ms
[2022-09-08T18:53:23.838-0400][7.213s] GC(2)   Merge Heap Roots: 0.0ms
[2022-09-08T18:53:23.838-0400][7.213s] GC(2)   Evacuate Collection Set: 3.2ms
[2022-09-08T18:53:23.839-0400][7.213s] GC(2)   Post Evacuate Collection Set: 0.7ms
[2022-09-08T18:53:23.839-0400][7.213s] GC(2)   Other: 0.1ms
[2022-09-08T18:53:23.839-0400][7.213s] GC(2) Eden regions: 85->0(297)
[2022-09-08T18:53:23.839-0400][7.213s] GC(2) Survivor regions: 6->10(12)
[2022-09-08T18:53:23.839-0400][7.213s] GC(2) Old regions: 8->8
[2022-09-08T18:53:23.839-0400][7.213s] GC(2) Archive regions: 0->0
[2022-09-08T18:53:23.839-0400][7.213s] GC(2) Humongous regions: 4->4
[2022-09-08T18:53:23.839-0400][7.213s] GC(2) Metaspace: 16595K(16896K)->16595K(16896K) NonClass: 14711K(14848K)->14711K(14848K) Class: 1883K(2048K)->1883K(2048K)
[2022-09-08T18:53:23.839-0400][7.213s] GC(2) Pause Young (Normal) (G1 Evacuation Pause) 102M->21M(512M) 4.427ms
[2022-09-08T18:53:23.839-0400][7.213s] GC(2) User=0.00s Sys=0.00s Real=0.00s
[2022-09-08T18:53:24.383-0400][7.758s] GC(3) Pause Young (Concurrent Start) (Metadata GC Threshold)
[2022-09-08T18:53:24.383-0400][7.758s] GC(3) Using 8 workers of 8 for evacuation
[2022-09-08T18:53:24.388-0400][7.763s] GC(3)   Pre Evacuate Collection Set: 0.2ms
[2022-09-08T18:53:24.388-0400][7.763s] GC(3)   Merge Heap Roots: 0.1ms
[2022-09-08T18:53:24.388-0400][7.763s] GC(3)   Evacuate Collection Set: 3.6ms
[2022-09-08T18:53:24.388-0400][7.763s] GC(3)   Post Evacuate Collection Set: 0.5ms
[2022-09-08T18:53:24.388-0400][7.763s] GC(3)   Other: 0.6ms
[2022-09-08T18:53:24.388-0400][7.763s] GC(3) Eden regions: 57->0(295)
[2022-09-08T18:53:24.388-0400][7.763s] GC(3) Survivor regions: 10->12(39)
[2022-09-08T18:53:24.388-0400][7.763s] GC(3) Old regions: 8->8
[2022-09-08T18:53:24.388-0400][7.763s] GC(3) Archive regions: 0->0
[2022-09-08T18:53:24.388-0400][7.763s] GC(3) Humongous regions: 4->4
[2022-09-08T18:53:24.388-0400][7.764s] GC(3) Metaspace: 21145K(21504K)->21145K(21504K) NonClass: 18802K(18944K)->18802K(18944K) Class: 2342K(2560K)->2342K(2560K)
[2022-09-08T18:53:24.388-0400][7.764s] GC(3) Pause Young (Concurrent Start) (Metadata GC Threshold) 78M->23M(512M) 5.318ms
[2022-09-08T18:53:24.389-0400][7.764s] GC(4) Concurrent Mark Cycle
[2022-09-08T18:53:24.389-0400][7.764s] GC(3) User=0.09s Sys=0.00s Real=0.01s
[2022-09-08T18:53:24.389-0400][7.764s] GC(4) Concurrent Clear Claimed Marks
[2022-09-08T18:53:24.389-0400][7.764s] GC(4) Concurrent Clear Claimed Marks 0.060ms
[2022-09-08T18:53:24.389-0400][7.764s] GC(4) Concurrent Scan Root Regions
[2022-09-08T18:53:24.393-0400][7.768s] GC(4) Concurrent Scan Root Regions 4.677ms
[2022-09-08T18:53:24.394-0400][7.768s] GC(4) Concurrent Mark
[2022-09-08T18:53:24.394-0400][7.769s] GC(4) Concurrent Mark From Roots
[2022-09-08T18:53:24.394-0400][7.769s] GC(4) Using 2 workers of 2 for marking
[2022-09-08T18:53:24.403-0400][7.778s] GC(4) Concurrent Mark From Roots 9.777ms
[2022-09-08T18:53:24.403-0400][7.778s] GC(4) Concurrent Preclean
[2022-09-08T18:53:24.403-0400][7.778s] GC(4) Concurrent Preclean 0.090ms
[2022-09-08T18:53:24.404-0400][7.779s] GC(4) Pause Remark
[2022-09-08T18:53:24.406-0400][7.781s] GC(4) Pause Remark 25M->25M(512M) 2.089ms
[2022-09-08T18:53:24.406-0400][7.781s] GC(4) User=0.00s Sys=0.00s Real=0.00s
[2022-09-08T18:53:24.406-0400][7.781s] GC(4) Concurrent Mark 12.374ms
[2022-09-08T18:53:24.406-0400][7.781s] GC(4) Concurrent Rebuild Remembered Sets
[2022-09-08T18:53:24.406-0400][7.781s] GC(4) Concurrent Rebuild Remembered Sets 0.016ms
[2022-09-08T18:53:24.406-0400][7.781s] GC(4) Pause Cleanup
[2022-09-08T18:53:24.406-0400][7.781s] GC(4) Pause Cleanup 25M->25M(512M) 0.031ms
[2022-09-08T18:53:24.406-0400][7.781s] GC(4) User=0.00s Sys=0.00s Real=0.00s
[2022-09-08T18:53:24.406-0400][7.781s] GC(4) Concurrent Cleanup for Next Mark
[2022-09-08T18:53:24.407-0400][7.782s] GC(4) Concurrent Cleanup for Next Mark 0.962ms
[2022-09-08T18:53:24.407-0400][7.782s] GC(4) Concurrent Mark Cycle 18.644ms
[2022-09-08T18:53:27.773-0400][11.148s] GC(5) Pause Young (Normal) (G1 Evacuation Pause)
[2022-09-08T18:53:27.773-0400][11.148s] GC(5) Using 8 workers of 8 for evacuation
[2022-09-08T18:53:27.781-0400][11.156s] GC(5)   Pre Evacuate Collection Set: 0.1ms
[2022-09-08T18:53:27.781-0400][11.156s] GC(5)   Merge Heap Roots: 0.1ms
[2022-09-08T18:53:27.781-0400][11.156s] GC(5)   Evacuate Collection Set: 7.1ms
[2022-09-08T18:53:27.781-0400][11.156s] GC(5)   Post Evacuate Collection Set: 0.8ms
[2022-09-08T18:53:27.781-0400][11.156s] GC(5)   Other: 0.2ms
[2022-09-08T18:53:27.781-0400][11.157s] GC(5) Eden regions: 295->0(290)
[2022-09-08T18:53:27.781-0400][11.157s] GC(5) Survivor regions: 12->17(39)
[2022-09-08T18:53:27.781-0400][11.157s] GC(5) Old regions: 8->8
[2022-09-08T18:53:27.781-0400][11.157s] GC(5) Archive regions: 0->0
[2022-09-08T18:53:27.781-0400][11.157s] GC(5) Humongous regions: 5->4
[2022-09-08T18:53:27.781-0400][11.157s] GC(5) Metaspace: 34279K(34752K)->34279K(34752K) NonClass: 30291K(30528K)->30291K(30528K) Class: 3988K(4224K)->3988K(4224K)
[2022-09-08T18:53:27.781-0400][11.157s] GC(5) Pause Young (Normal) (G1 Evacuation Pause) 319M->28M(512M) 8.594ms
[2022-09-08T18:53:27.781-0400][11.157s] GC(5) User=0.09s Sys=0.00s Real=0.01s
[2022-09-08T18:53:28.014-0400][11.388s] GC(6) Pause Young (Concurrent Start) (Metadata GC Threshold)
[2022-09-08T18:53:28.014-0400][11.388s] GC(6) Using 8 workers of 8 for evacuation
[2022-09-08T18:53:28.021-0400][11.396s] GC(6)   Pre Evacuate Collection Set: 0.1ms
[2022-09-08T18:53:28.021-0400][11.396s] GC(6)   Merge Heap Roots: 0.0ms
[2022-09-08T18:53:28.021-0400][11.396s] GC(6)   Evacuate Collection Set: 6.7ms
[2022-09-08T18:53:28.021-0400][11.396s] GC(6)   Post Evacuate Collection Set: 0.7ms
[2022-09-08T18:53:28.021-0400][11.396s] GC(6)   Other: 0.1ms
[2022-09-08T18:53:28.021-0400][11.396s] GC(6) Eden regions: 40->0(288)
[2022-09-08T18:53:28.021-0400][11.396s] GC(6) Survivor regions: 17->19(39)
[2022-09-08T18:53:28.021-0400][11.396s] GC(6) Old regions: 8->8
[2022-09-08T18:53:28.021-0400][11.396s] GC(6) Archive regions: 0->0
[2022-09-08T18:53:28.021-0400][11.396s] GC(6) Humongous regions: 4->4
[2022-09-08T18:53:28.021-0400][11.396s] GC(6) Metaspace: 35970K(36416K)->35970K(36416K) NonClass: 31786K(32000K)->31786K(32000K) Class: 4184K(4416K)->4184K(4416K)
[2022-09-08T18:53:28.021-0400][11.396s] GC(6) Pause Young (Concurrent Start) (Metadata GC Threshold) 68M->30M(512M) 7.869ms
[2022-09-08T18:53:28.021-0400][11.396s] GC(7) Concurrent Mark Cycle
[2022-09-08T18:53:28.021-0400][11.396s] GC(6) User=0.00s Sys=0.00s Real=0.01s
[2022-09-08T18:53:28.021-0400][11.396s] GC(7) Concurrent Clear Claimed Marks
[2022-09-08T18:53:28.022-0400][11.396s] GC(7) Concurrent Clear Claimed Marks 0.079ms
[2022-09-08T18:53:28.022-0400][11.396s] GC(7) Concurrent Scan Root Regions
[2022-09-08T18:53:28.028-0400][11.403s] GC(7) Concurrent Scan Root Regions 6.186ms
[2022-09-08T18:53:28.028-0400][11.403s] GC(7) Concurrent Mark
[2022-09-08T18:53:28.028-0400][11.403s] GC(7) Concurrent Mark From Roots
[2022-09-08T18:53:28.028-0400][11.403s] GC(7) Using 2 workers of 2 for marking
[2022-09-08T18:53:28.037-0400][11.411s] GC(7) Concurrent Mark From Roots 8.731ms
[2022-09-08T18:53:28.037-0400][11.411s] GC(7) Concurrent Preclean
[2022-09-08T18:53:28.037-0400][11.412s] GC(7) Concurrent Preclean 0.058ms
[2022-09-08T18:53:28.037-0400][11.412s] GC(7) Pause Remark
[2022-09-08T18:53:28.039-0400][11.414s] GC(7) Pause Remark 32M->32M(512M) 2.236ms
[2022-09-08T18:53:28.039-0400][11.414s] GC(7) User=0.00s Sys=0.00s Real=0.00s
[2022-09-08T18:53:28.039-0400][11.414s] GC(7) Concurrent Mark 11.350ms
[2022-09-08T18:53:28.039-0400][11.414s] GC(7) Concurrent Rebuild Remembered Sets
[2022-09-08T18:53:28.039-0400][11.414s] GC(7) Concurrent Rebuild Remembered Sets 0.018ms
[2022-09-08T18:53:28.040-0400][11.414s] GC(7) Pause Cleanup
[2022-09-08T18:53:28.040-0400][11.414s] GC(7) Pause Cleanup 32M->32M(512M) 0.078ms
[2022-09-08T18:53:28.040-0400][11.414s] GC(7) User=0.00s Sys=0.00s Real=0.00s
[2022-09-08T18:53:28.040-0400][11.414s] GC(7) Concurrent Cleanup for Next Mark
[2022-09-08T18:53:28.041-0400][11.415s] GC(7) Concurrent Cleanup for Next Mark 0.984ms
[2022-09-08T18:53:28.041-0400][11.416s] GC(7) Concurrent Mark Cycle 19.191ms
[2022-09-08T19:09:11.564-0400][954.939s] GC(8) Pause Young (Normal) (GCLocker Initiated GC)
[2022-09-08T19:09:11.565-0400][954.941s] GC(8) Using 8 workers of 8 for evacuation
[2022-09-08T19:09:11.606-0400][954.981s] GC(8)   Pre Evacuate Collection Set: 0.9ms
[2022-09-08T19:09:11.606-0400][954.981s] GC(8)   Merge Heap Roots: 0.5ms
[2022-09-08T19:09:11.606-0400][954.981s] GC(8)   Evacuate Collection Set: 35.7ms
[2022-09-08T19:09:11.606-0400][954.981s] GC(8)   Post Evacuate Collection Set: 2.3ms
[2022-09-08T19:09:11.606-0400][954.981s] GC(8)   Other: 1.2ms
[2022-09-08T19:09:11.606-0400][954.981s] GC(8) Eden regions: 289->0(277)
[2022-09-08T19:09:11.606-0400][954.981s] GC(8) Survivor regions: 19->30(39)
[2022-09-08T19:09:11.606-0400][954.981s] GC(8) Old regions: 8->8
[2022-09-08T19:09:11.606-0400][954.981s] GC(8) Archive regions: 0->0
[2022-09-08T19:09:11.606-0400][954.981s] GC(8) Humongous regions: 4->4
[2022-09-08T19:09:11.606-0400][954.981s] GC(8) Metaspace: 46373K(46912K)->46373K(46912K) NonClass: 40872K(41152K)->40872K(41152K) Class: 5501K(5760K)->5501K(5760K)
[2022-09-08T19:09:11.606-0400][954.982s] GC(8) Pause Young (Normal) (GCLocker Initiated GC) 319M->41M(512M) 42.411ms
[2022-09-08T19:09:11.606-0400][954.982s] GC(8) User=0.09s Sys=0.12s Real=0.04s
[2022-09-08T19:45:35.691-0400][3139.065s] Heap
[2022-09-08T19:45:35.691-0400][3139.066s]  garbage-first heap   total 524288K, used 147432K [0x00000000e0000000, 0x0000000100000000)
[2022-09-08T19:45:35.691-0400][3139.066s]   region size 1024K, 132 young (135168K), 30 survivors (30720K)
[2022-09-08T19:45:35.691-0400][3139.066s]  Metaspace       used 48871K, committed 49408K, reserved 1114112K
[2022-09-08T19:45:35.691-0400][3139.066s]   class space    used 5783K, committed 6016K, reserved 1048576K
