[2022-10-05T09:44:24.631-0400][0.015s] CardTable entry size: 512
[2022-10-05T09:44:24.633-0400][0.017s] Using G1
[2022-10-05T09:44:24.921-0400][0.306s] Version: 18.0.1.1+2-6 (release)
[2022-10-05T09:44:24.922-0400][0.306s] CPUs: 8 total, 8 available
[2022-10-05T09:44:24.922-0400][0.307s] Memory: 7582M
[2022-10-05T09:44:24.922-0400][0.307s] Large Page Support: Disabled
[2022-10-05T09:44:24.922-0400][0.307s] NUMA Support: Disabled
[2022-10-05T09:44:24.922-0400][0.307s] Compressed Oops: Enabled (32-bit)
[2022-10-05T09:44:24.922-0400][0.307s] Heap Region Size: 1M
[2022-10-05T09:44:24.922-0400][0.307s] Heap Min Capacity: 512M
[2022-10-05T09:44:24.922-0400][0.307s] Heap Initial Capacity: 512M
[2022-10-05T09:44:24.922-0400][0.307s] Heap Max Capacity: 512M
[2022-10-05T09:44:24.923-0400][0.308s] Pre-touch: Enabled
[2022-10-05T09:44:24.923-0400][0.308s] Parallel Workers: 8
[2022-10-05T09:44:24.923-0400][0.308s] Concurrent Workers: 2
[2022-10-05T09:44:24.923-0400][0.308s] Concurrent Refinement Workers: 8
[2022-10-05T09:44:24.923-0400][0.308s] Periodic GC: Disabled
[2022-10-05T09:44:24.926-0400][0.311s] CDS archive(s) mapped at: [0x0000000800000000-0x0000000800ba0000-0x0000000800ba0000), size 12189696, SharedBaseAddress: 0x0000000800000000, ArchiveRelocationMode: 0.
[2022-10-05T09:44:24.926-0400][0.311s] Compressed class space mapped at: 0x0000000800c00000-0x0000000840c00000, reserved size: 1073741824
[2022-10-05T09:44:24.926-0400][0.311s] Narrow klass base: 0x0000000800000000, Narrow klass shift: 0, Narrow klass range: 0x100000000
[2022-10-05T09:44:26.652-0400][2.037s] GC(0) Pause Young (Normal) (G1 Evacuation Pause)
[2022-10-05T09:44:26.654-0400][2.038s] GC(0) Using 8 workers of 8 for evacuation
[2022-10-05T09:44:26.659-0400][2.044s] GC(0)   Pre Evacuate Collection Set: 0.1ms
[2022-10-05T09:44:26.659-0400][2.044s] GC(0)   Merge Heap Roots: 0.1ms
[2022-10-05T09:44:26.659-0400][2.044s] GC(0)   Evacuate Collection Set: 3.8ms
[2022-10-05T09:44:26.659-0400][2.044s] GC(0)   Post Evacuate Collection Set: 1.6ms
[2022-10-05T09:44:26.660-0400][2.044s] GC(0)   Other: 0.6ms
[2022-10-05T09:44:26.660-0400][2.044s] GC(0) Eden regions: 29->0(42)
[2022-10-05T09:44:26.660-0400][2.044s] GC(0) Survivor regions: 0->4(4)
[2022-10-05T09:44:26.660-0400][2.044s] GC(0) Old regions: 0->0
[2022-10-05T09:44:26.660-0400][2.044s] GC(0) Archive regions: 0->0
[2022-10-05T09:44:26.660-0400][2.044s] GC(0) Humongous regions: 0->0
[2022-10-05T09:44:26.660-0400][2.044s] GC(0) Metaspace: 6776K(6976K)->6776K(6976K) NonClass: 6006K(6144K)->6006K(6144K) Class: 770K(832K)->770K(832K)
[2022-10-05T09:44:26.660-0400][2.044s] GC(0) Pause Young (Normal) (G1 Evacuation Pause) 29M->3M(512M) 7.798ms
[2022-10-05T09:44:26.660-0400][2.045s] GC(0) User=0.12s Sys=0.00s Real=0.01s
[2022-10-05T09:44:27.696-0400][3.082s] GC(1) Pause Young (Normal) (G1 Evacuation Pause)
[2022-10-05T09:44:27.697-0400][3.082s] GC(1) Using 8 workers of 8 for evacuation
[2022-10-05T09:44:27.709-0400][3.094s] GC(1)   Pre Evacuate Collection Set: 0.1ms
[2022-10-05T09:44:27.709-0400][3.094s] GC(1)   Merge Heap Roots: 0.0ms
[2022-10-05T09:44:27.709-0400][3.094s] GC(1)   Evacuate Collection Set: 11.1ms
[2022-10-05T09:44:27.709-0400][3.094s] GC(1)   Post Evacuate Collection Set: 0.9ms
[2022-10-05T09:44:27.709-0400][3.094s] GC(1)   Other: 0.1ms
[2022-10-05T09:44:27.709-0400][3.094s] GC(1) Eden regions: 42->0(76)
[2022-10-05T09:44:27.709-0400][3.094s] GC(1) Survivor regions: 4->6(6)
[2022-10-05T09:44:27.709-0400][3.094s] GC(1) Old regions: 0->8
[2022-10-05T09:44:27.709-0400][3.094s] GC(1) Archive regions: 0->0
[2022-10-05T09:44:27.709-0400][3.094s] GC(1) Humongous regions: 4->4
[2022-10-05T09:44:27.709-0400][3.094s] GC(1) Metaspace: 15568K(15872K)->15568K(15872K) NonClass: 13783K(13952K)->13783K(13952K) Class: 1785K(1920K)->1785K(1920K)
[2022-10-05T09:44:27.709-0400][3.094s] GC(1) Pause Young (Normal) (G1 Evacuation Pause) 49M->17M(512M) 12.526ms
[2022-10-05T09:44:27.709-0400][3.094s] GC(1) User=0.06s Sys=0.00s Real=0.01s
[2022-10-05T09:44:28.143-0400][3.528s] GC(2) Pause Young (Normal) (G1 Evacuation Pause)
[2022-10-05T09:44:28.143-0400][3.529s] GC(2) Using 8 workers of 8 for evacuation
[2022-10-05T09:44:28.148-0400][3.533s] GC(2)   Pre Evacuate Collection Set: 0.1ms
[2022-10-05T09:44:28.148-0400][3.533s] GC(2)   Merge Heap Roots: 0.1ms
[2022-10-05T09:44:28.148-0400][3.533s] GC(2)   Evacuate Collection Set: 3.5ms
[2022-10-05T09:44:28.148-0400][3.533s] GC(2)   Post Evacuate Collection Set: 0.5ms
[2022-10-05T09:44:28.148-0400][3.533s] GC(2)   Other: 0.1ms
[2022-10-05T09:44:28.148-0400][3.533s] GC(2) Eden regions: 76->0(303)
[2022-10-05T09:44:28.148-0400][3.533s] GC(2) Survivor regions: 6->4(11)
[2022-10-05T09:44:28.148-0400][3.533s] GC(2) Old regions: 8->14
[2022-10-05T09:44:28.148-0400][3.533s] GC(2) Archive regions: 0->0
[2022-10-05T09:44:28.148-0400][3.533s] GC(2) Humongous regions: 4->4
[2022-10-05T09:44:28.148-0400][3.533s] GC(2) Metaspace: 16558K(16896K)->16558K(16896K) NonClass: 14671K(14848K)->14671K(14848K) Class: 1886K(2048K)->1886K(2048K)
[2022-10-05T09:44:28.148-0400][3.533s] GC(2) Pause Young (Normal) (G1 Evacuation Pause) 93M->21M(512M) 4.431ms
[2022-10-05T09:44:28.148-0400][3.533s] GC(2) User=0.00s Sys=0.00s Real=0.01s
[2022-10-05T09:44:28.914-0400][4.309s] GC(3) Pause Young (Concurrent Start) (Metadata GC Threshold)
[2022-10-05T09:44:28.914-0400][4.309s] GC(3) Using 8 workers of 8 for evacuation
[2022-10-05T09:44:28.914-0400][4.312s] GC(3)   Pre Evacuate Collection Set: 0.1ms
[2022-10-05T09:44:28.914-0400][4.312s] GC(3)   Merge Heap Roots: 0.0ms
[2022-10-05T09:44:28.914-0400][4.312s] GC(3)   Evacuate Collection Set: 1.4ms
[2022-10-05T09:44:28.914-0400][4.312s] GC(3)   Post Evacuate Collection Set: 0.5ms
[2022-10-05T09:44:28.914-0400][4.312s] GC(3)   Other: 0.4ms
[2022-10-05T09:44:28.914-0400][4.312s] GC(3) Eden regions: 141->0(302)
[2022-10-05T09:44:28.914-0400][4.312s] GC(3) Survivor regions: 4->5(39)
[2022-10-05T09:44:28.914-0400][4.312s] GC(3) Old regions: 14->14
[2022-10-05T09:44:28.914-0400][4.312s] GC(3) Archive regions: 0->0
[2022-10-05T09:44:28.914-0400][4.312s] GC(3) Humongous regions: 4->4
[2022-10-05T09:44:28.914-0400][4.312s] GC(3) Metaspace: 21100K(21504K)->21100K(21504K) NonClass: 18762K(19008K)->18762K(19008K) Class: 2338K(2496K)->2338K(2496K)
[2022-10-05T09:44:28.914-0400][4.312s] GC(3) Pause Young (Concurrent Start) (Metadata GC Threshold) 162M->22M(512M) 2.685ms
[2022-10-05T09:44:28.914-0400][4.312s] GC(4) Concurrent Mark Cycle
[2022-10-05T09:44:28.914-0400][4.312s] GC(3) User=0.00s Sys=0.00s Real=0.00s
[2022-10-05T09:44:28.914-0400][4.312s] GC(4) Concurrent Clear Claimed Marks
[2022-10-05T09:44:28.914-0400][4.312s] GC(4) Concurrent Clear Claimed Marks 0.040ms
[2022-10-05T09:44:28.914-0400][4.312s] GC(4) Concurrent Scan Root Regions
[2022-10-05T09:44:28.914-0400][4.313s] GC(4) Concurrent Scan Root Regions 1.080ms
[2022-10-05T09:44:28.914-0400][4.313s] GC(4) Concurrent Mark
[2022-10-05T09:44:28.914-0400][4.313s] GC(4) Concurrent Mark From Roots
[2022-10-05T09:44:28.914-0400][4.313s] GC(4) Using 2 workers of 2 for marking
[2022-10-05T09:44:28.929-0400][4.325s] GC(4) Concurrent Mark From Roots 11.827ms
[2022-10-05T09:44:28.929-0400][4.325s] GC(4) Concurrent Preclean
[2022-10-05T09:44:28.929-0400][4.325s] GC(4) Concurrent Preclean 0.036ms
[2022-10-05T09:44:28.929-0400][4.325s] GC(4) Pause Remark
[2022-10-05T09:44:28.929-0400][4.327s] GC(4) Pause Remark 26M->26M(512M) 1.554ms
[2022-10-05T09:44:28.929-0400][4.327s] GC(4) User=0.00s Sys=0.00s Real=0.00s
[2022-10-05T09:44:28.943-0400][4.327s] GC(4) Concurrent Mark 13.732ms
[2022-10-05T09:44:28.943-0400][4.327s] GC(4) Concurrent Rebuild Remembered Sets
[2022-10-05T09:44:28.948-0400][4.332s] GC(4) Concurrent Rebuild Remembered Sets 5.283ms
[2022-10-05T09:44:28.948-0400][4.332s] GC(4) Pause Cleanup
[2022-10-05T09:44:28.948-0400][4.332s] GC(4) Pause Cleanup 28M->28M(512M) 0.083ms
[2022-10-05T09:44:28.948-0400][4.332s] GC(4) User=0.00s Sys=0.00s Real=0.00s
[2022-10-05T09:44:28.948-0400][4.333s] GC(4) Concurrent Cleanup for Next Mark
[2022-10-05T09:44:28.949-0400][4.333s] GC(4) Concurrent Cleanup for Next Mark 0.573ms
[2022-10-05T09:44:28.949-0400][4.333s] GC(4) Concurrent Mark Cycle 21.298ms
[2022-10-05T09:44:30.691-0400][6.087s] GC(5) Pause Young (Prepare Mixed) (G1 Evacuation Pause)
[2022-10-05T09:44:30.691-0400][6.087s] GC(5) Using 8 workers of 8 for evacuation
[2022-10-05T09:44:30.707-0400][6.092s] GC(5)   Pre Evacuate Collection Set: 0.1ms
[2022-10-05T09:44:30.707-0400][6.092s] GC(5)   Merge Heap Roots: 0.1ms
[2022-10-05T09:44:30.707-0400][6.092s] GC(5)   Evacuate Collection Set: 4.5ms
[2022-10-05T09:44:30.707-0400][6.092s] GC(5)   Post Evacuate Collection Set: 1.0ms
[2022-10-05T09:44:30.707-0400][6.092s] GC(5)   Other: 0.1ms
[2022-10-05T09:44:30.707-0400][6.092s] GC(5) Eden regions: 302->0(15)
[2022-10-05T09:44:30.707-0400][6.092s] GC(5) Survivor regions: 5->10(39)
[2022-10-05T09:44:30.707-0400][6.092s] GC(5) Old regions: 14->14
[2022-10-05T09:44:30.707-0400][6.092s] GC(5) Archive regions: 0->0
[2022-10-05T09:44:30.707-0400][6.092s] GC(5) Humongous regions: 4->4
[2022-10-05T09:44:30.707-0400][6.092s] GC(5) Metaspace: 33123K(33536K)->33123K(33536K) NonClass: 29269K(29504K)->29269K(29504K) Class: 3854K(4032K)->3854K(4032K)
[2022-10-05T09:44:30.707-0400][6.092s] GC(5) Pause Young (Prepare Mixed) (G1 Evacuation Pause) 324M->27M(512M) 5.976ms
[2022-10-05T09:44:30.707-0400][6.093s] GC(5) User=0.09s Sys=0.00s Real=0.02s
[2022-10-05T09:44:30.772-0400][6.160s] GC(6) Pause Young (Mixed) (G1 Evacuation Pause)
[2022-10-05T09:44:30.772-0400][6.160s] GC(6) Using 8 workers of 8 for evacuation
[2022-10-05T09:44:30.772-0400][6.164s] GC(6)   Pre Evacuate Collection Set: 0.1ms
[2022-10-05T09:44:30.772-0400][6.165s] GC(6)   Merge Heap Roots: 0.0ms
[2022-10-05T09:44:30.772-0400][6.165s] GC(6)   Evacuate Collection Set: 3.9ms
[2022-10-05T09:44:30.772-0400][6.165s] GC(6)   Post Evacuate Collection Set: 0.4ms
[2022-10-05T09:44:30.772-0400][6.165s] GC(6)   Other: 0.1ms
[2022-10-05T09:44:30.772-0400][6.165s] GC(6) Eden regions: 15->0(305)
[2022-10-05T09:44:30.772-0400][6.165s] GC(6) Survivor regions: 10->2(4)
[2022-10-05T09:44:30.772-0400][6.165s] GC(6) Old regions: 14->23
[2022-10-05T09:44:30.772-0400][6.165s] GC(6) Archive regions: 0->0
[2022-10-05T09:44:30.772-0400][6.165s] GC(6) Humongous regions: 5->4
[2022-10-05T09:44:30.772-0400][6.165s] GC(6) Metaspace: 33500K(33920K)->33500K(33920K) NonClass: 29598K(29824K)->29598K(29824K) Class: 3902K(4096K)->3902K(4096K)
[2022-10-05T09:44:30.772-0400][6.165s] GC(6) Pause Young (Mixed) (G1 Evacuation Pause) 43M->28M(512M) 4.737ms
[2022-10-05T09:44:30.772-0400][6.165s] GC(6) User=0.00s Sys=0.00s Real=0.00s
[2022-10-05T09:44:31.121-0400][6.506s] GC(7) Pause Young (Concurrent Start) (Metadata GC Threshold)
[2022-10-05T09:44:31.121-0400][6.506s] GC(7) Using 8 workers of 8 for evacuation
[2022-10-05T09:44:31.124-0400][6.508s] GC(7)   Pre Evacuate Collection Set: 0.1ms
[2022-10-05T09:44:31.124-0400][6.508s] GC(7)   Merge Heap Roots: 0.0ms
[2022-10-05T09:44:31.124-0400][6.508s] GC(7)   Evacuate Collection Set: 1.6ms
[2022-10-05T09:44:31.124-0400][6.508s] GC(7)   Post Evacuate Collection Set: 0.3ms
[2022-10-05T09:44:31.124-0400][6.508s] GC(7)   Other: 0.1ms
[2022-10-05T09:44:31.124-0400][6.508s] GC(7) Eden regions: 75->0(304)
[2022-10-05T09:44:31.124-0400][6.508s] GC(7) Survivor regions: 2->3(39)
[2022-10-05T09:44:31.124-0400][6.508s] GC(7) Old regions: 23->23
[2022-10-05T09:44:31.124-0400][6.508s] GC(7) Archive regions: 0->0
[2022-10-05T09:44:31.124-0400][6.508s] GC(7) Humongous regions: 4->4
[2022-10-05T09:44:31.124-0400][6.508s] GC(7) Metaspace: 35987K(36416K)->35987K(36416K) NonClass: 31797K(32000K)->31797K(32000K) Class: 4189K(4416K)->4189K(4416K)
[2022-10-05T09:44:31.124-0400][6.508s] GC(7) Pause Young (Concurrent Start) (Metadata GC Threshold) 102M->29M(512M) 2.354ms
[2022-10-05T09:44:31.124-0400][6.508s] GC(8) Concurrent Mark Cycle
[2022-10-05T09:44:31.124-0400][6.508s] GC(7) User=0.00s Sys=0.00s Real=0.00s
[2022-10-05T09:44:31.124-0400][6.508s] GC(8) Concurrent Clear Claimed Marks
[2022-10-05T09:44:31.124-0400][6.508s] GC(8) Concurrent Clear Claimed Marks 0.064ms
[2022-10-05T09:44:31.124-0400][6.508s] GC(8) Concurrent Scan Root Regions
[2022-10-05T09:44:31.125-0400][6.509s] GC(8) Concurrent Scan Root Regions 1.034ms
[2022-10-05T09:44:31.125-0400][6.510s] GC(8) Concurrent Mark
[2022-10-05T09:44:31.125-0400][6.510s] GC(8) Concurrent Mark From Roots
[2022-10-05T09:44:31.125-0400][6.510s] GC(8) Using 2 workers of 2 for marking
[2022-10-05T09:44:31.147-0400][6.531s] GC(8) Concurrent Mark From Roots 21.963ms
[2022-10-05T09:44:31.147-0400][6.532s] GC(8) Concurrent Preclean
[2022-10-05T09:44:31.147-0400][6.532s] GC(8) Concurrent Preclean 0.136ms
[2022-10-05T09:44:31.147-0400][6.532s] GC(8) Pause Remark
[2022-10-05T09:44:31.149-0400][6.534s] GC(8) Pause Remark 32M->32M(512M) 1.917ms
[2022-10-05T09:44:31.149-0400][6.534s] GC(8) User=0.00s Sys=0.00s Real=0.00s
[2022-10-05T09:44:31.149-0400][6.534s] GC(8) Concurrent Mark 24.303ms
[2022-10-05T09:44:31.149-0400][6.534s] GC(8) Concurrent Rebuild Remembered Sets
[2022-10-05T09:44:31.158-0400][6.542s] GC(8) Concurrent Rebuild Remembered Sets 8.296ms
[2022-10-05T09:44:31.158-0400][6.542s] GC(8) Pause Cleanup
[2022-10-05T09:44:31.158-0400][6.542s] GC(8) Pause Cleanup 33M->33M(512M) 0.131ms
[2022-10-05T09:44:31.158-0400][6.542s] GC(8) User=0.00s Sys=0.00s Real=0.00s
[2022-10-05T09:44:31.158-0400][6.543s] GC(8) Concurrent Cleanup for Next Mark
[2022-10-05T09:44:31.159-0400][6.543s] GC(8) Concurrent Cleanup for Next Mark 0.827ms
[2022-10-05T09:44:31.159-0400][6.543s] GC(8) Concurrent Mark Cycle 35.124ms
[2022-10-05T09:44:32.425-0400][7.809s] GC(9) Pause Young (Normal) (G1 Evacuation Pause)
[2022-10-05T09:44:32.425-0400][7.809s] GC(9) Using 8 workers of 8 for evacuation
[2022-10-05T09:44:32.431-0400][7.816s] GC(9)   Pre Evacuate Collection Set: 0.2ms
[2022-10-05T09:44:32.431-0400][7.816s] GC(9)   Merge Heap Roots: 0.1ms
[2022-10-05T09:44:32.431-0400][7.816s] GC(9)   Evacuate Collection Set: 5.3ms
[2022-10-05T09:44:32.431-0400][7.816s] GC(9)   Post Evacuate Collection Set: 0.8ms
[2022-10-05T09:44:32.431-0400][7.816s] GC(9)   Other: 0.1ms
[2022-10-05T09:44:32.431-0400][7.816s] GC(9) Eden regions: 304->0(294)
[2022-10-05T09:44:32.431-0400][7.816s] GC(9) Survivor regions: 3->13(39)
[2022-10-05T09:44:32.431-0400][7.816s] GC(9) Old regions: 23->23
[2022-10-05T09:44:32.431-0400][7.816s] GC(9) Archive regions: 0->0
[2022-10-05T09:44:32.431-0400][7.816s] GC(9) Humongous regions: 4->4
[2022-10-05T09:44:32.431-0400][7.816s] GC(9) Metaspace: 44571K(45120K)->44571K(45120K) NonClass: 39282K(39552K)->39282K(39552K) Class: 5288K(5568K)->5288K(5568K)
[2022-10-05T09:44:32.431-0400][7.816s] GC(9) Pause Young (Normal) (G1 Evacuation Pause) 333M->39M(512M) 6.663ms
[2022-10-05T09:44:32.431-0400][7.816s] GC(9) User=0.00s Sys=0.00s Real=0.01s
[2022-10-05T09:46:29.552-0400][124.934s] GC(10) Pause Young (Normal) (G1 Evacuation Pause)
[2022-10-05T09:46:29.553-0400][124.934s] GC(10) Using 8 workers of 8 for evacuation
[2022-10-05T09:46:29.562-0400][124.943s] GC(10)   Pre Evacuate Collection Set: 0.1ms
[2022-10-05T09:46:29.562-0400][124.943s] GC(10)   Merge Heap Roots: 0.1ms
[2022-10-05T09:46:29.562-0400][124.943s] GC(10)   Evacuate Collection Set: 6.9ms
[2022-10-05T09:46:29.562-0400][124.943s] GC(10)   Post Evacuate Collection Set: 2.1ms
[2022-10-05T09:46:29.562-0400][124.944s] GC(10)   Other: 0.2ms
[2022-10-05T09:46:29.562-0400][124.944s] GC(10) Eden regions: 294->0(293)
[2022-10-05T09:46:29.562-0400][124.944s] GC(10) Survivor regions: 13->14(39)
[2022-10-05T09:46:29.562-0400][124.944s] GC(10) Old regions: 23->23
[2022-10-05T09:46:29.562-0400][124.944s] GC(10) Archive regions: 0->0
[2022-10-05T09:46:29.562-0400][124.944s] GC(10) Humongous regions: 4->4
[2022-10-05T09:46:29.562-0400][124.944s] GC(10) Metaspace: 46560K(47040K)->46560K(47040K) NonClass: 41061K(41280K)->41061K(41280K) Class: 5498K(5760K)->5498K(5760K)
[2022-10-05T09:46:29.562-0400][124.944s] GC(10) Pause Young (Normal) (G1 Evacuation Pause) 333M->40M(512M) 9.806ms
[2022-10-05T09:46:29.562-0400][124.944s] GC(10) User=0.00s Sys=0.00s Real=0.01s
[2022-10-05T12:20:05.408-0400][9340.672s] GC(11) Pause Young (Normal) (G1 Evacuation Pause)
[2022-10-05T12:20:05.410-0400][9340.674s] GC(11) Using 8 workers of 8 for evacuation
[2022-10-05T12:20:05.527-0400][9340.791s] GC(11)   Pre Evacuate Collection Set: 2.4ms
[2022-10-05T12:20:05.527-0400][9340.791s] GC(11)   Merge Heap Roots: 1.6ms
[2022-10-05T12:20:05.527-0400][9340.791s] GC(11)   Evacuate Collection Set: 104.0ms
[2022-10-05T12:20:05.527-0400][9340.791s] GC(11)   Post Evacuate Collection Set: 8.2ms
[2022-10-05T12:20:05.527-0400][9340.791s] GC(11)   Other: 1.7ms
[2022-10-05T12:20:05.527-0400][9340.791s] GC(11) Eden regions: 293->0(292)
[2022-10-05T12:20:05.527-0400][9340.791s] GC(11) Survivor regions: 14->15(39)
[2022-10-05T12:20:05.527-0400][9340.791s] GC(11) Old regions: 23->23
[2022-10-05T12:20:05.527-0400][9340.791s] GC(11) Archive regions: 0->0
[2022-10-05T12:20:05.527-0400][9340.791s] GC(11) Humongous regions: 7->7
[2022-10-05T12:20:05.527-0400][9340.791s] GC(11) Metaspace: 50956K(51520K)->50956K(51520K) NonClass: 45032K(45376K)->45032K(45376K) Class: 5924K(6144K)->5924K(6144K)
[2022-10-05T12:20:05.527-0400][9340.791s] GC(11) Pause Young (Normal) (G1 Evacuation Pause) 336M->44M(512M) 119.430ms
[2022-10-05T12:20:05.527-0400][9340.791s] GC(11) User=0.03s Sys=0.16s Real=0.12s
[2022-10-05T16:06:07.474-0400][22902.679s] Heap
[2022-10-05T16:06:07.475-0400][22902.679s]  garbage-first heap   total 524288K, used 167114K [0x00000000e0000000, 0x0000000100000000)
[2022-10-05T16:06:07.475-0400][22902.679s]   region size 1024K, 134 young (137216K), 15 survivors (15360K)
[2022-10-05T16:06:07.475-0400][22902.679s]  Metaspace       used 51659K, committed 52224K, reserved 1114112K
[2022-10-05T16:06:07.475-0400][22902.679s]   class space    used 5996K, committed 6272K, reserved 1048576K
