[2022-09-11T18:21:59.212-0400][0.016s] CardTable entry size: 512
[2022-09-11T18:21:59.212-0400][0.016s] Using G1
[2022-09-11T18:21:59.380-0400][0.185s] Version: 18.0.1.1+2-6 (release)
[2022-09-11T18:21:59.380-0400][0.186s] CPUs: 8 total, 8 available
[2022-09-11T18:21:59.380-0400][0.186s] Memory: 7987M
[2022-09-11T18:21:59.380-0400][0.186s] Large Page Support: Disabled
[2022-09-11T18:21:59.380-0400][0.186s] NUMA Support: Disabled
[2022-09-11T18:21:59.380-0400][0.186s] Compressed Oops: Enabled (32-bit)
[2022-09-11T18:21:59.380-0400][0.186s] Heap Region Size: 1M
[2022-09-11T18:21:59.380-0400][0.186s] Heap Min Capacity: 512M
[2022-09-11T18:21:59.380-0400][0.186s] Heap Initial Capacity: 512M
[2022-09-11T18:21:59.380-0400][0.186s] Heap Max Capacity: 512M
[2022-09-11T18:21:59.396-0400][0.202s] Pre-touch: Enabled
[2022-09-11T18:21:59.396-0400][0.202s] Parallel Workers: 8
[2022-09-11T18:21:59.396-0400][0.202s] Concurrent Workers: 2
[2022-09-11T18:21:59.396-0400][0.202s] Concurrent Refinement Workers: 8
[2022-09-11T18:21:59.396-0400][0.202s] Periodic GC: Disabled
[2022-09-11T18:21:59.396-0400][0.202s] CDS archive(s) mapped at: [0x0000000800000000-0x0000000800ba0000-0x0000000800ba0000), size 12189696, SharedBaseAddress: 0x0000000800000000, ArchiveRelocationMode: 0.
[2022-09-11T18:21:59.396-0400][0.202s] Compressed class space mapped at: 0x0000000800c00000-0x0000000840c00000, reserved size: 1073741824
[2022-09-11T18:21:59.396-0400][0.202s] Narrow klass base: 0x0000000800000000, Narrow klass shift: 0, Narrow klass range: 0x100000000
[2022-09-11T18:22:00.462-0400][1.263s] GC(0) Pause Young (Normal) (G1 Evacuation Pause)
[2022-09-11T18:22:00.462-0400][1.264s] GC(0) Using 8 workers of 8 for evacuation
[2022-09-11T18:22:00.467-0400][1.268s] GC(0)   Pre Evacuate Collection Set: 0.1ms
[2022-09-11T18:22:00.467-0400][1.268s] GC(0)   Merge Heap Roots: 0.0ms
[2022-09-11T18:22:00.467-0400][1.268s] GC(0)   Evacuate Collection Set: 3.4ms
[2022-09-11T18:22:00.467-0400][1.268s] GC(0)   Post Evacuate Collection Set: 0.5ms
[2022-09-11T18:22:00.467-0400][1.268s] GC(0)   Other: 0.5ms
[2022-09-11T18:22:00.467-0400][1.268s] GC(0) Eden regions: 29->0(41)
[2022-09-11T18:22:00.467-0400][1.268s] GC(0) Survivor regions: 0->4(4)
[2022-09-11T18:22:00.467-0400][1.268s] GC(0) Old regions: 0->0
[2022-09-11T18:22:00.467-0400][1.268s] GC(0) Archive regions: 0->0
[2022-09-11T18:22:00.467-0400][1.268s] GC(0) Humongous regions: 0->0
[2022-09-11T18:22:00.467-0400][1.268s] GC(0) Metaspace: 7619K(7872K)->7619K(7872K) NonClass: 6761K(6912K)->6761K(6912K) Class: 857K(960K)->857K(960K)
[2022-09-11T18:22:00.467-0400][1.268s] GC(0) Pause Young (Normal) (G1 Evacuation Pause) 29M->3M(512M) 4.980ms
[2022-09-11T18:22:00.467-0400][1.268s] GC(0) User=0.00s Sys=0.00s Real=0.01s
[2022-09-11T18:22:05.931-0400][6.733s] GC(1) Pause Young (Normal) (G1 Evacuation Pause)
[2022-09-11T18:22:05.931-0400][6.733s] GC(1) Using 8 workers of 8 for evacuation
[2022-09-11T18:22:05.933-0400][6.741s] GC(1)   Pre Evacuate Collection Set: 0.1ms
[2022-09-11T18:22:05.933-0400][6.741s] GC(1)   Merge Heap Roots: 0.0ms
[2022-09-11T18:22:05.933-0400][6.741s] GC(1)   Evacuate Collection Set: 7.0ms
[2022-09-11T18:22:05.933-0400][6.741s] GC(1)   Post Evacuate Collection Set: 0.6ms
[2022-09-11T18:22:05.933-0400][6.741s] GC(1)   Other: 0.1ms
[2022-09-11T18:22:05.933-0400][6.741s] GC(1) Eden regions: 41->0(80)
[2022-09-11T18:22:05.933-0400][6.741s] GC(1) Survivor regions: 4->6(6)
[2022-09-11T18:22:05.933-0400][6.741s] GC(1) Old regions: 0->9
[2022-09-11T18:22:05.933-0400][6.741s] GC(1) Archive regions: 0->0
[2022-09-11T18:22:05.933-0400][6.741s] GC(1) Humongous regions: 4->4
[2022-09-11T18:22:05.933-0400][6.741s] GC(1) Metaspace: 16364K(16704K)->16364K(16704K) NonClass: 14483K(14656K)->14483K(14656K) Class: 1881K(2048K)->1881K(2048K)
[2022-09-11T18:22:05.933-0400][6.741s] GC(1) Pause Young (Normal) (G1 Evacuation Pause) 48M->18M(512M) 8.089ms
[2022-09-11T18:22:05.933-0400][6.741s] GC(1) User=0.00s Sys=0.00s Real=0.00s
[2022-09-11T18:22:06.636-0400][7.444s] GC(2) Pause Young (Normal) (G1 Evacuation Pause)
[2022-09-11T18:22:06.636-0400][7.444s] GC(2) Using 8 workers of 8 for evacuation
[2022-09-11T18:22:06.647-0400][7.448s] GC(2)   Pre Evacuate Collection Set: 0.1ms
[2022-09-11T18:22:06.647-0400][7.448s] GC(2)   Merge Heap Roots: 0.1ms
[2022-09-11T18:22:06.647-0400][7.448s] GC(2)   Evacuate Collection Set: 3.1ms
[2022-09-11T18:22:06.647-0400][7.448s] GC(2)   Post Evacuate Collection Set: 0.5ms
[2022-09-11T18:22:06.647-0400][7.448s] GC(2)   Other: 0.1ms
[2022-09-11T18:22:06.647-0400][7.448s] GC(2) Eden regions: 80->0(302)
[2022-09-11T18:22:06.647-0400][7.448s] GC(2) Survivor regions: 6->5(11)
[2022-09-11T18:22:06.647-0400][7.448s] GC(2) Old regions: 9->15
[2022-09-11T18:22:06.647-0400][7.448s] GC(2) Archive regions: 0->0
[2022-09-11T18:22:06.647-0400][7.448s] GC(2) Humongous regions: 4->4
[2022-09-11T18:22:06.647-0400][7.448s] GC(2) Metaspace: 17794K(18176K)->17794K(18176K) NonClass: 15792K(16000K)->15792K(16000K) Class: 2001K(2176K)->2001K(2176K)
[2022-09-11T18:22:06.647-0400][7.448s] GC(2) Pause Young (Normal) (G1 Evacuation Pause) 98M->22M(512M) 4.000ms
[2022-09-11T18:22:06.647-0400][7.448s] GC(2) User=0.12s Sys=0.00s Real=0.01s
[2022-09-11T18:22:06.914-0400][7.717s] GC(3) Pause Young (Concurrent Start) (Metadata GC Threshold)
[2022-09-11T18:22:06.914-0400][7.717s] GC(3) Using 8 workers of 8 for evacuation
[2022-09-11T18:22:06.914-0400][7.721s] GC(3)   Pre Evacuate Collection Set: 0.4ms
[2022-09-11T18:22:06.914-0400][7.721s] GC(3)   Merge Heap Roots: 0.3ms
[2022-09-11T18:22:06.914-0400][7.721s] GC(3)   Evacuate Collection Set: 1.4ms
[2022-09-11T18:22:06.914-0400][7.721s] GC(3)   Post Evacuate Collection Set: 1.1ms
[2022-09-11T18:22:06.914-0400][7.721s] GC(3)   Other: 0.2ms
[2022-09-11T18:22:06.914-0400][7.721s] GC(3) Eden regions: 30->0(302)
[2022-09-11T18:22:06.914-0400][7.721s] GC(3) Survivor regions: 5->5(39)
[2022-09-11T18:22:06.914-0400][7.721s] GC(3) Old regions: 15->15
[2022-09-11T18:22:06.914-0400][7.721s] GC(3) Archive regions: 0->0
[2022-09-11T18:22:06.914-0400][7.721s] GC(3) Humongous regions: 4->4
[2022-09-11T18:22:06.914-0400][7.721s] GC(3) Metaspace: 21092K(21504K)->21092K(21504K) NonClass: 18751K(18944K)->18751K(18944K) Class: 2340K(2560K)->2340K(2560K)
[2022-09-11T18:22:06.914-0400][7.721s] GC(3) Pause Young (Concurrent Start) (Metadata GC Threshold) 51M->22M(512M) 3.777ms
[2022-09-11T18:22:06.914-0400][7.721s] GC(3) User=0.00s Sys=0.00s Real=0.00s
[2022-09-11T18:22:06.914-0400][7.721s] GC(4) Concurrent Mark Cycle
[2022-09-11T18:22:06.914-0400][7.721s] GC(4) Concurrent Clear Claimed Marks
[2022-09-11T18:22:06.914-0400][7.721s] GC(4) Concurrent Clear Claimed Marks 0.032ms
[2022-09-11T18:22:06.914-0400][7.721s] GC(4) Concurrent Scan Root Regions
[2022-09-11T18:22:06.914-0400][7.722s] GC(4) Concurrent Scan Root Regions 1.028ms
[2022-09-11T18:22:06.914-0400][7.722s] GC(4) Concurrent Mark
[2022-09-11T18:22:06.914-0400][7.722s] GC(4) Concurrent Mark From Roots
[2022-09-11T18:22:06.914-0400][7.722s] GC(4) Using 2 workers of 2 for marking
[2022-09-11T18:22:06.931-0400][7.738s] GC(4) Concurrent Mark From Roots 16.112ms
[2022-09-11T18:22:06.931-0400][7.738s] GC(4) Concurrent Preclean
[2022-09-11T18:22:06.931-0400][7.739s] GC(4) Concurrent Preclean 0.090ms
[2022-09-11T18:22:06.947-0400][7.748s] GC(4) Pause Remark
[2022-09-11T18:22:06.948-0400][7.750s] GC(4) Pause Remark 25M->25M(512M) 2.014ms
[2022-09-11T18:22:06.948-0400][7.751s] GC(4) User=0.00s Sys=0.00s Real=0.00s
[2022-09-11T18:22:06.948-0400][7.751s] GC(4) Concurrent Mark 28.432ms
[2022-09-11T18:22:06.948-0400][7.751s] GC(4) Concurrent Rebuild Remembered Sets
[2022-09-11T18:22:06.948-0400][7.757s] GC(4) Concurrent Rebuild Remembered Sets 6.373ms
[2022-09-11T18:22:06.948-0400][7.757s] GC(4) Pause Cleanup
[2022-09-11T18:22:06.956-0400][7.758s] GC(4) Pause Cleanup 25M->25M(512M) 0.221ms
[2022-09-11T18:22:06.956-0400][7.758s] GC(4) User=0.05s Sys=0.00s Real=0.01s
[2022-09-11T18:22:06.956-0400][7.758s] GC(4) Concurrent Cleanup for Next Mark
[2022-09-11T18:22:06.956-0400][7.758s] GC(4) Concurrent Cleanup for Next Mark 0.752ms
[2022-09-11T18:22:06.956-0400][7.759s] GC(4) Concurrent Mark Cycle 37.596ms
[2022-09-11T18:22:31.263-0400][32.065s] GC(5) Pause Young (Prepare Mixed) (Metadata GC Threshold)
[2022-09-11T18:22:31.263-0400][32.065s] GC(5) Using 8 workers of 8 for evacuation
[2022-09-11T18:22:31.275-0400][32.076s] GC(5)   Pre Evacuate Collection Set: 0.2ms
[2022-09-11T18:22:31.275-0400][32.076s] GC(5)   Merge Heap Roots: 0.2ms
[2022-09-11T18:22:31.275-0400][32.076s] GC(5)   Evacuate Collection Set: 9.4ms
[2022-09-11T18:22:31.275-0400][32.076s] GC(5)   Post Evacuate Collection Set: 1.2ms
[2022-09-11T18:22:31.275-0400][32.076s] GC(5)   Other: 0.3ms
[2022-09-11T18:22:31.275-0400][32.076s] GC(5) Eden regions: 286->0(13)
[2022-09-11T18:22:31.275-0400][32.076s] GC(5) Survivor regions: 5->12(39)
[2022-09-11T18:22:31.275-0400][32.076s] GC(5) Old regions: 15->15
[2022-09-11T18:22:31.275-0400][32.076s] GC(5) Archive regions: 0->0
[2022-09-11T18:22:31.275-0400][32.076s] GC(5) Humongous regions: 5->4
[2022-09-11T18:22:31.275-0400][32.076s] GC(5) Metaspace: 36003K(36416K)->36003K(36416K) NonClass: 31813K(32000K)->31813K(32000K) Class: 4190K(4416K)->4190K(4416K)
[2022-09-11T18:22:31.275-0400][32.076s] GC(5) Pause Young (Prepare Mixed) (Metadata GC Threshold) 309M->29M(512M) 11.701ms
[2022-09-11T18:22:31.275-0400][32.076s] GC(5) User=0.12s Sys=0.00s Real=0.01s
[2022-09-11T18:22:31.359-0400][32.160s] GC(6) Pause Young (Mixed) (Metadata GC Threshold)
[2022-09-11T18:22:31.359-0400][32.161s] GC(6) Using 8 workers of 8 for evacuation
[2022-09-11T18:22:31.370-0400][32.171s] GC(6)   Pre Evacuate Collection Set: 0.2ms
[2022-09-11T18:22:31.370-0400][32.172s] GC(6)   Merge Heap Roots: 0.1ms
[2022-09-11T18:22:31.370-0400][32.172s] GC(6)   Evacuate Collection Set: 9.8ms
[2022-09-11T18:22:31.370-0400][32.172s] GC(6)   Post Evacuate Collection Set: 0.5ms
[2022-09-11T18:22:31.370-0400][32.172s] GC(6)   Other: 0.2ms
[2022-09-11T18:22:31.370-0400][32.172s] GC(6) Eden regions: 4->0(306)
[2022-09-11T18:22:31.370-0400][32.172s] GC(6) Survivor regions: 12->1(4)
[2022-09-11T18:22:31.370-0400][32.172s] GC(6) Old regions: 15->26
[2022-09-11T18:22:31.370-0400][32.172s] GC(6) Archive regions: 0->0
[2022-09-11T18:22:31.370-0400][32.172s] GC(6) Humongous regions: 4->4
[2022-09-11T18:22:31.370-0400][32.172s] GC(6) Metaspace: 36277K(36736K)->36277K(36736K) NonClass: 32063K(32320K)->32063K(32320K) Class: 4214K(4416K)->4214K(4416K)
[2022-09-11T18:22:31.370-0400][32.172s] GC(6) Pause Young (Mixed) (Metadata GC Threshold) 33M->30M(512M) 11.228ms
[2022-09-11T18:22:31.370-0400][32.172s] GC(6) User=0.12s Sys=0.00s Real=0.01s
[2022-09-11T18:22:31.483-0400][32.284s] GC(7) Pause Young (Concurrent Start) (Metadata GC Threshold)
[2022-09-11T18:22:31.483-0400][32.284s] GC(7) Using 8 workers of 8 for evacuation
[2022-09-11T18:22:31.483-0400][32.287s] GC(7)   Pre Evacuate Collection Set: 0.2ms
[2022-09-11T18:22:31.483-0400][32.287s] GC(7)   Merge Heap Roots: 0.2ms
[2022-09-11T18:22:31.483-0400][32.287s] GC(7)   Evacuate Collection Set: 1.1ms
[2022-09-11T18:22:31.483-0400][32.287s] GC(7)   Post Evacuate Collection Set: 0.7ms
[2022-09-11T18:22:31.483-0400][32.287s] GC(7)   Other: 0.3ms
[2022-09-11T18:22:31.483-0400][32.287s] GC(7) Eden regions: 5->0(306)
[2022-09-11T18:22:31.483-0400][32.287s] GC(7) Survivor regions: 1->1(39)
[2022-09-11T18:22:31.483-0400][32.287s] GC(7) Old regions: 26->26
[2022-09-11T18:22:31.483-0400][32.287s] GC(7) Archive regions: 0->0
[2022-09-11T18:22:31.483-0400][32.287s] GC(7) Humongous regions: 4->4
[2022-09-11T18:22:31.483-0400][32.287s] GC(7) Metaspace: 36585K(37056K)->36585K(37056K) NonClass: 32327K(32576K)->32327K(32576K) Class: 4258K(4480K)->4258K(4480K)
[2022-09-11T18:22:31.483-0400][32.287s] GC(7) Pause Young (Concurrent Start) (Metadata GC Threshold) 34M->29M(512M) 3.420ms
[2022-09-11T18:22:31.483-0400][32.288s] GC(7) User=0.00s Sys=0.00s Real=0.00s
[2022-09-11T18:22:31.483-0400][32.288s] GC(8) Concurrent Mark Cycle
[2022-09-11T18:22:31.483-0400][32.288s] GC(8) Concurrent Clear Claimed Marks
[2022-09-11T18:22:31.483-0400][32.288s] GC(8) Concurrent Clear Claimed Marks 0.114ms
[2022-09-11T18:22:31.483-0400][32.288s] GC(8) Concurrent Scan Root Regions
[2022-09-11T18:22:31.483-0400][32.289s] GC(8) Concurrent Scan Root Regions 1.452ms
[2022-09-11T18:22:31.483-0400][32.290s] GC(8) Concurrent Mark
[2022-09-11T18:22:31.483-0400][32.290s] GC(8) Concurrent Mark From Roots
[2022-09-11T18:22:31.483-0400][32.290s] GC(8) Using 2 workers of 2 for marking
[2022-09-11T18:22:31.561-0400][32.363s] GC(8) Concurrent Mark From Roots 73.230ms
[2022-09-11T18:22:31.561-0400][32.363s] GC(8) Concurrent Preclean
[2022-09-11T18:22:31.561-0400][32.363s] GC(8) Concurrent Preclean 0.204ms
[2022-09-11T18:22:31.562-0400][32.363s] GC(8) Pause Remark
[2022-09-11T18:22:31.565-0400][32.366s] GC(8) Pause Remark 34M->34M(512M) 2.805ms
[2022-09-11T18:22:31.565-0400][32.366s] GC(8) User=0.03s Sys=0.00s Real=0.00s
[2022-09-11T18:22:31.565-0400][32.366s] GC(8) Concurrent Mark 76.896ms
[2022-09-11T18:22:31.565-0400][32.366s] GC(8) Concurrent Rebuild Remembered Sets
[2022-09-11T18:22:31.590-0400][32.391s] GC(8) Concurrent Rebuild Remembered Sets 24.554ms
[2022-09-11T18:22:31.590-0400][32.391s] GC(8) Pause Cleanup
[2022-09-11T18:22:31.590-0400][32.391s] GC(8) Pause Cleanup 34M->34M(512M) 0.132ms
[2022-09-11T18:22:31.590-0400][32.391s] GC(8) User=0.00s Sys=0.00s Real=0.00s
[2022-09-11T18:22:31.590-0400][32.391s] GC(8) Concurrent Cleanup for Next Mark
[2022-09-11T18:22:31.591-0400][32.392s] GC(8) Concurrent Cleanup for Next Mark 0.808ms
[2022-09-11T18:22:31.591-0400][32.392s] GC(8) Concurrent Mark Cycle 104.804ms
