[2023-01-19T15:15:56.335-0400][0.018s] CardTable entry size: 512
[2023-01-19T15:15:56.337-0400][0.020s] Using G1
[2023-01-19T15:15:56.476-0400][0.163s] Version: 18.0.1.1+2-6 (release)
[2023-01-19T15:15:56.476-0400][0.163s] CPUs: 8 total, 8 available
[2023-01-19T15:15:56.476-0400][0.163s] Memory: 7582M
[2023-01-19T15:15:56.476-0400][0.163s] Large Page Support: Disabled
[2023-01-19T15:15:56.476-0400][0.163s] NUMA Support: Disabled
[2023-01-19T15:15:56.476-0400][0.163s] Compressed Oops: Enabled (32-bit)
[2023-01-19T15:15:56.476-0400][0.163s] Heap Region Size: 1M
[2023-01-19T15:15:56.476-0400][0.163s] Heap Min Capacity: 512M
[2023-01-19T15:15:56.476-0400][0.163s] Heap Initial Capacity: 512M
[2023-01-19T15:15:56.476-0400][0.164s] Heap Max Capacity: 512M
[2023-01-19T15:15:56.476-0400][0.164s] Pre-touch: Enabled
[2023-01-19T15:15:56.476-0400][0.164s] Parallel Workers: 8
[2023-01-19T15:15:56.476-0400][0.164s] Concurrent Workers: 2
[2023-01-19T15:15:56.476-0400][0.164s] Concurrent Refinement Workers: 8
[2023-01-19T15:15:56.476-0400][0.164s] Periodic GC: Disabled
[2023-01-19T15:15:56.476-0400][0.167s] CDS archive(s) mapped at: [0x0000000800000000-0x0000000800ba0000-0x0000000800ba0000), size 12189696, SharedBaseAddress: 0x0000000800000000, ArchiveRelocationMode: 0.
[2023-01-19T15:15:56.476-0400][0.167s] Compressed class space mapped at: 0x0000000800c00000-0x0000000840c00000, reserved size: 1073741824
[2023-01-19T15:15:56.476-0400][0.167s] Narrow klass base: 0x0000000800000000, Narrow klass shift: 0, Narrow klass range: 0x100000000
[2023-01-19T15:15:57.648-0400][1.334s] GC(0) Pause Young (Normal) (G1 Evacuation Pause)
[2023-01-19T15:15:57.648-0400][1.335s] GC(0) Using 8 workers of 8 for evacuation
[2023-01-19T15:15:57.648-0400][1.338s] GC(0)   Pre Evacuate Collection Set: 0.1ms
[2023-01-19T15:15:57.648-0400][1.338s] GC(0)   Merge Heap Roots: 0.0ms
[2023-01-19T15:15:57.648-0400][1.338s] GC(0)   Evacuate Collection Set: 2.3ms
[2023-01-19T15:15:57.648-0400][1.338s] GC(0)   Post Evacuate Collection Set: 0.5ms
[2023-01-19T15:15:57.648-0400][1.338s] GC(0)   Other: 0.5ms
[2023-01-19T15:15:57.648-0400][1.338s] GC(0) Eden regions: 29->0(43)
[2023-01-19T15:15:57.648-0400][1.338s] GC(0) Survivor regions: 0->4(4)
[2023-01-19T15:15:57.648-0400][1.338s] GC(0) Old regions: 0->0
[2023-01-19T15:15:57.648-0400][1.338s] GC(0) Archive regions: 0->0
[2023-01-19T15:15:57.648-0400][1.338s] GC(0) Humongous regions: 0->0
[2023-01-19T15:15:57.648-0400][1.338s] GC(0) Metaspace: 6780K(6976K)->6780K(6976K) NonClass: 6010K(6144K)->6010K(6144K) Class: 770K(832K)->770K(832K)
[2023-01-19T15:15:57.648-0400][1.338s] GC(0) Pause Young (Normal) (G1 Evacuation Pause) 29M->3M(512M) 3.705ms
[2023-01-19T15:15:57.648-0400][1.338s] GC(0) User=0.00s Sys=0.00s Real=0.00s
[2023-01-19T15:15:58.529-0400][2.215s] GC(1) Pause Young (Normal) (G1 Evacuation Pause)
[2023-01-19T15:15:58.529-0400][2.215s] GC(1) Using 8 workers of 8 for evacuation
[2023-01-19T15:15:58.529-0400][2.224s] GC(1)   Pre Evacuate Collection Set: 0.1ms
[2023-01-19T15:15:58.529-0400][2.224s] GC(1)   Merge Heap Roots: 0.1ms
[2023-01-19T15:15:58.529-0400][2.224s] GC(1)   Evacuate Collection Set: 7.3ms
[2023-01-19T15:15:58.529-0400][2.224s] GC(1)   Post Evacuate Collection Set: 0.7ms
[2023-01-19T15:15:58.529-0400][2.224s] GC(1)   Other: 0.1ms
[2023-01-19T15:15:58.529-0400][2.224s] GC(1) Eden regions: 43->0(92)
[2023-01-19T15:15:58.529-0400][2.224s] GC(1) Survivor regions: 4->6(6)
[2023-01-19T15:15:58.529-0400][2.224s] GC(1) Old regions: 0->8
[2023-01-19T15:15:58.529-0400][2.224s] GC(1) Archive regions: 0->0
[2023-01-19T15:15:58.529-0400][2.224s] GC(1) Humongous regions: 4->4
[2023-01-19T15:15:58.529-0400][2.224s] GC(1) Metaspace: 15565K(15872K)->15565K(15872K) NonClass: 13778K(13952K)->13778K(13952K) Class: 1787K(1920K)->1787K(1920K)
[2023-01-19T15:15:58.529-0400][2.224s] GC(1) Pause Young (Normal) (G1 Evacuation Pause) 50M->17M(512M) 8.373ms
[2023-01-19T15:15:58.529-0400][2.224s] GC(1) User=0.00s Sys=0.00s Real=0.00s
[2023-01-19T15:15:58.997-0400][2.686s] GC(2) Pause Young (Normal) (G1 Evacuation Pause)
[2023-01-19T15:15:58.997-0400][2.686s] GC(2) Using 8 workers of 8 for evacuation
[2023-01-19T15:15:58.997-0400][2.690s] GC(2)   Pre Evacuate Collection Set: 0.1ms
[2023-01-19T15:15:58.997-0400][2.690s] GC(2)   Merge Heap Roots: 0.1ms
[2023-01-19T15:15:58.997-0400][2.690s] GC(2)   Evacuate Collection Set: 3.2ms
[2023-01-19T15:15:58.997-0400][2.690s] GC(2)   Post Evacuate Collection Set: 0.6ms
[2023-01-19T15:15:58.997-0400][2.690s] GC(2)   Other: 0.1ms
[2023-01-19T15:15:58.997-0400][2.690s] GC(2) Eden regions: 89->0(297)
[2023-01-19T15:15:58.997-0400][2.690s] GC(2) Survivor regions: 6->10(12)
[2023-01-19T15:15:58.997-0400][2.690s] GC(2) Old regions: 8->8
[2023-01-19T15:15:58.997-0400][2.690s] GC(2) Archive regions: 0->0
[2023-01-19T15:15:58.997-0400][2.690s] GC(2) Humongous regions: 4->4
[2023-01-19T15:15:58.997-0400][2.690s] GC(2) Metaspace: 16565K(16896K)->16565K(16896K) NonClass: 14677K(14848K)->14677K(14848K) Class: 1887K(2048K)->1887K(2048K)
[2023-01-19T15:15:58.997-0400][2.690s] GC(2) Pause Young (Normal) (G1 Evacuation Pause) 106M->21M(512M) 4.189ms
[2023-01-19T15:15:58.997-0400][2.690s] GC(2) User=0.00s Sys=0.00s Real=0.00s
[2023-01-19T15:15:59.615-0400][3.302s] GC(3) Pause Young (Concurrent Start) (Metadata GC Threshold)
[2023-01-19T15:15:59.615-0400][3.302s] GC(3) Using 8 workers of 8 for evacuation
[2023-01-19T15:15:59.615-0400][3.307s] GC(3)   Pre Evacuate Collection Set: 0.1ms
[2023-01-19T15:15:59.615-0400][3.307s] GC(3)   Merge Heap Roots: 0.1ms
[2023-01-19T15:15:59.615-0400][3.307s] GC(3)   Evacuate Collection Set: 3.9ms
[2023-01-19T15:15:59.615-0400][3.307s] GC(3)   Post Evacuate Collection Set: 0.6ms
[2023-01-19T15:15:59.615-0400][3.307s] GC(3)   Other: 0.4ms
[2023-01-19T15:15:59.615-0400][3.307s] GC(3) Eden regions: 128->0(295)
[2023-01-19T15:15:59.615-0400][3.307s] GC(3) Survivor regions: 10->12(39)
[2023-01-19T15:15:59.615-0400][3.307s] GC(3) Old regions: 8->8
[2023-01-19T15:15:59.615-0400][3.307s] GC(3) Archive regions: 0->0
[2023-01-19T15:15:59.615-0400][3.307s] GC(3) Humongous regions: 4->4
[2023-01-19T15:15:59.615-0400][3.307s] GC(3) Metaspace: 21112K(21504K)->21112K(21504K) NonClass: 18769K(18944K)->18769K(18944K) Class: 2342K(2560K)->2342K(2560K)
[2023-01-19T15:15:59.615-0400][3.307s] GC(3) Pause Young (Concurrent Start) (Metadata GC Threshold) 149M->22M(512M) 5.293ms
[2023-01-19T15:15:59.615-0400][3.307s] GC(3) User=0.00s Sys=0.00s Real=0.00s
[2023-01-19T15:15:59.615-0400][3.307s] GC(4) Concurrent Mark Cycle
[2023-01-19T15:15:59.615-0400][3.307s] GC(4) Concurrent Clear Claimed Marks
[2023-01-19T15:15:59.615-0400][3.307s] GC(4) Concurrent Clear Claimed Marks 0.033ms
[2023-01-19T15:15:59.615-0400][3.307s] GC(4) Concurrent Scan Root Regions
[2023-01-19T15:15:59.615-0400][3.310s] GC(4) Concurrent Scan Root Regions 2.482ms
[2023-01-19T15:15:59.615-0400][3.310s] GC(4) Concurrent Mark
[2023-01-19T15:15:59.615-0400][3.310s] GC(4) Concurrent Mark From Roots
[2023-01-19T15:15:59.615-0400][3.310s] GC(4) Using 2 workers of 2 for marking
[2023-01-19T15:15:59.632-0400][3.321s] GC(4) Concurrent Mark From Roots 11.310ms
[2023-01-19T15:15:59.632-0400][3.321s] GC(4) Concurrent Preclean
[2023-01-19T15:15:59.632-0400][3.321s] GC(4) Concurrent Preclean 0.045ms
[2023-01-19T15:15:59.632-0400][3.321s] GC(4) Pause Remark
[2023-01-19T15:15:59.632-0400][3.323s] GC(4) Pause Remark 24M->24M(512M) 2.111ms
[2023-01-19T15:15:59.632-0400][3.323s] GC(4) User=0.00s Sys=0.00s Real=0.00s
[2023-01-19T15:15:59.632-0400][3.324s] GC(4) Concurrent Mark 13.872ms
[2023-01-19T15:15:59.632-0400][3.324s] GC(4) Concurrent Rebuild Remembered Sets
[2023-01-19T15:15:59.632-0400][3.327s] GC(4) Concurrent Rebuild Remembered Sets 3.549ms
[2023-01-19T15:15:59.632-0400][3.327s] GC(4) Pause Cleanup
[2023-01-19T15:15:59.632-0400][3.327s] GC(4) Pause Cleanup 25M->25M(512M) 0.112ms
[2023-01-19T15:15:59.632-0400][3.327s] GC(4) User=0.00s Sys=0.00s Real=0.00s
[2023-01-19T15:15:59.632-0400][3.327s] GC(4) Concurrent Cleanup for Next Mark
[2023-01-19T15:15:59.632-0400][3.328s] GC(4) Concurrent Cleanup for Next Mark 0.724ms
[2023-01-19T15:15:59.632-0400][3.328s] GC(4) Concurrent Mark Cycle 21.321ms
[2023-01-19T15:16:01.473-0400][5.157s] GC(5) Pause Young (Normal) (G1 Evacuation Pause)
[2023-01-19T15:16:01.473-0400][5.157s] GC(5) Using 8 workers of 8 for evacuation
[2023-01-19T15:16:01.482-0400][5.165s] GC(5)   Pre Evacuate Collection Set: 0.1ms
[2023-01-19T15:16:01.482-0400][5.166s] GC(5)   Merge Heap Roots: 0.1ms
[2023-01-19T15:16:01.482-0400][5.166s] GC(5)   Evacuate Collection Set: 7.4ms
[2023-01-19T15:16:01.482-0400][5.166s] GC(5)   Post Evacuate Collection Set: 1.0ms
[2023-01-19T15:16:01.482-0400][5.166s] GC(5)   Other: 0.2ms
[2023-01-19T15:16:01.482-0400][5.166s] GC(5) Eden regions: 295->0(290)
[2023-01-19T15:16:01.482-0400][5.166s] GC(5) Survivor regions: 12->17(39)
[2023-01-19T15:16:01.482-0400][5.166s] GC(5) Old regions: 8->8
[2023-01-19T15:16:01.482-0400][5.166s] GC(5) Archive regions: 0->0
[2023-01-19T15:16:01.482-0400][5.166s] GC(5) Humongous regions: 4->4
[2023-01-19T15:16:01.482-0400][5.166s] GC(5) Metaspace: 33439K(33920K)->33439K(33920K) NonClass: 29527K(29760K)->29527K(29760K) Class: 3912K(4160K)->3912K(4160K)
[2023-01-19T15:16:01.482-0400][5.166s] GC(5) Pause Young (Normal) (G1 Evacuation Pause) 317M->28M(512M) 9.080ms
[2023-01-19T15:16:01.482-0400][5.166s] GC(5) User=0.00s Sys=0.00s Real=0.01s
[2023-01-19T15:16:01.797-0400][5.480s] GC(6) Pause Young (Concurrent Start) (Metadata GC Threshold)
[2023-01-19T15:16:01.797-0400][5.480s] GC(6) Using 8 workers of 8 for evacuation
[2023-01-19T15:16:01.806-0400][5.489s] GC(6)   Pre Evacuate Collection Set: 0.1ms
[2023-01-19T15:16:01.806-0400][5.489s] GC(6)   Merge Heap Roots: 0.1ms
[2023-01-19T15:16:01.806-0400][5.489s] GC(6)   Evacuate Collection Set: 8.6ms
[2023-01-19T15:16:01.806-0400][5.489s] GC(6)   Post Evacuate Collection Set: 0.7ms
[2023-01-19T15:16:01.806-0400][5.489s] GC(6)   Other: 0.1ms
[2023-01-19T15:16:01.806-0400][5.489s] GC(6) Eden regions: 81->0(287)
[2023-01-19T15:16:01.806-0400][5.489s] GC(6) Survivor regions: 17->20(39)
[2023-01-19T15:16:01.806-0400][5.489s] GC(6) Old regions: 8->8
[2023-01-19T15:16:01.806-0400][5.489s] GC(6) Archive regions: 0->0
[2023-01-19T15:16:01.806-0400][5.489s] GC(6) Humongous regions: 5->4
[2023-01-19T15:16:01.806-0400][5.489s] GC(6) Metaspace: 35705K(36160K)->35705K(36160K) NonClass: 31515K(31744K)->31515K(31744K) Class: 4190K(4416K)->4190K(4416K)
[2023-01-19T15:16:01.806-0400][5.489s] GC(6) Pause Young (Concurrent Start) (Metadata GC Threshold) 109M->31M(512M) 9.781ms
[2023-01-19T15:16:01.806-0400][5.489s] GC(7) Concurrent Mark Cycle
[2023-01-19T15:16:01.806-0400][5.489s] GC(6) User=0.08s Sys=0.00s Real=0.01s
[2023-01-19T15:16:01.806-0400][5.490s] GC(7) Concurrent Clear Claimed Marks
[2023-01-19T15:16:01.806-0400][5.490s] GC(7) Concurrent Clear Claimed Marks 0.062ms
[2023-01-19T15:16:01.806-0400][5.490s] GC(7) Concurrent Scan Root Regions
[2023-01-19T15:16:01.812-0400][5.496s] GC(7) Concurrent Scan Root Regions 5.924ms
[2023-01-19T15:16:01.812-0400][5.496s] GC(7) Concurrent Mark
[2023-01-19T15:16:01.812-0400][5.496s] GC(7) Concurrent Mark From Roots
[2023-01-19T15:16:01.812-0400][5.496s] GC(7) Using 2 workers of 2 for marking
[2023-01-19T15:16:01.823-0400][5.506s] GC(7) Concurrent Mark From Roots 10.739ms
[2023-01-19T15:16:01.823-0400][5.506s] GC(7) Concurrent Preclean
[2023-01-19T15:16:01.823-0400][5.506s] GC(7) Concurrent Preclean 0.082ms
[2023-01-19T15:16:01.823-0400][5.507s] GC(7) Pause Remark
[2023-01-19T15:16:01.826-0400][5.509s] GC(7) Pause Remark 38M->38M(512M) 2.113ms
[2023-01-19T15:16:01.826-0400][5.509s] GC(7) User=0.00s Sys=0.00s Real=0.00s
[2023-01-19T15:16:01.826-0400][5.509s] GC(7) Concurrent Mark 13.404ms
[2023-01-19T15:16:01.826-0400][5.509s] GC(7) Concurrent Rebuild Remembered Sets
[2023-01-19T15:16:01.832-0400][5.515s] GC(7) Concurrent Rebuild Remembered Sets 5.978ms
[2023-01-19T15:16:01.832-0400][5.515s] GC(7) Pause Cleanup
[2023-01-19T15:16:01.832-0400][5.516s] GC(7) Pause Cleanup 39M->39M(512M) 0.194ms
[2023-01-19T15:16:01.832-0400][5.516s] GC(7) User=0.00s Sys=0.00s Real=0.00s
[2023-01-19T15:16:01.833-0400][5.516s] GC(7) Concurrent Cleanup for Next Mark
[2023-01-19T15:16:01.834-0400][5.518s] GC(7) Concurrent Cleanup for Next Mark 1.521ms
[2023-01-19T15:16:01.835-0400][5.518s] GC(7) Concurrent Mark Cycle 28.300ms
[2023-01-19T15:16:02.963-0400][6.647s] GC(8) Pause Young (Prepare Mixed) (G1 Evacuation Pause)
[2023-01-19T15:16:02.963-0400][6.647s] GC(8) Using 8 workers of 8 for evacuation
[2023-01-19T15:16:02.981-0400][6.664s] GC(8)   Pre Evacuate Collection Set: 0.1ms
[2023-01-19T15:16:02.981-0400][6.664s] GC(8)   Merge Heap Roots: 0.1ms
[2023-01-19T15:16:02.981-0400][6.664s] GC(8)   Evacuate Collection Set: 16.3ms
[2023-01-19T15:16:02.981-0400][6.664s] GC(8)   Post Evacuate Collection Set: 1.1ms
[2023-01-19T15:16:02.981-0400][6.664s] GC(8)   Other: 0.1ms
[2023-01-19T15:16:02.981-0400][6.664s] GC(8) Eden regions: 287->0(1)
[2023-01-19T15:16:02.981-0400][6.664s] GC(8) Survivor regions: 20->29(39)
[2023-01-19T15:16:02.981-0400][6.665s] GC(8) Old regions: 8->8
[2023-01-19T15:16:02.981-0400][6.665s] GC(8) Archive regions: 0->0
[2023-01-19T15:16:02.981-0400][6.665s] GC(8) Humongous regions: 4->4
[2023-01-19T15:16:02.981-0400][6.665s] GC(8) Metaspace: 40164K(40768K)->40164K(40768K) NonClass: 35444K(35776K)->35444K(35776K) Class: 4720K(4992K)->4720K(4992K)
[2023-01-19T15:16:02.981-0400][6.665s] GC(8) Pause Young (Prepare Mixed) (G1 Evacuation Pause) 318M->40M(512M) 17.998ms
[2023-01-19T15:16:02.981-0400][6.665s] GC(8) User=0.11s Sys=0.00s Real=0.02s
[2023-01-19T15:16:02.983-0400][6.666s] GC(9) Pause Young (Mixed) (G1 Evacuation Pause)
[2023-01-19T15:16:02.983-0400][6.666s] GC(9) Using 8 workers of 8 for evacuation
[2023-01-19T15:16:02.998-0400][6.681s] GC(9)   Pre Evacuate Collection Set: 0.1ms
[2023-01-19T15:16:02.998-0400][6.681s] GC(9)   Merge Heap Roots: 0.1ms
[2023-01-19T15:16:02.998-0400][6.681s] GC(9)   Evacuate Collection Set: 14.2ms
[2023-01-19T15:16:02.998-0400][6.681s] GC(9)   Post Evacuate Collection Set: 0.8ms
[2023-01-19T15:16:02.998-0400][6.681s] GC(9)   Other: 0.1ms
[2023-01-19T15:16:02.998-0400][6.681s] GC(9) Eden regions: 1->0(305)
[2023-01-19T15:16:02.998-0400][6.681s] GC(9) Survivor regions: 29->2(4)
[2023-01-19T15:16:02.998-0400][6.682s] GC(9) Old regions: 8->36
[2023-01-19T15:16:02.998-0400][6.682s] GC(9) Archive regions: 0->0
[2023-01-19T15:16:02.998-0400][6.682s] GC(9) Humongous regions: 4->4
[2023-01-19T15:16:02.998-0400][6.682s] GC(9) Metaspace: 40164K(40768K)->40164K(40768K) NonClass: 35444K(35776K)->35444K(35776K) Class: 4720K(4992K)->4720K(4992K)
[2023-01-19T15:16:02.998-0400][6.682s] GC(9) Pause Young (Mixed) (G1 Evacuation Pause) 41M->40M(512M) 15.581ms
[2023-01-19T15:16:02.998-0400][6.682s] GC(9) User=0.11s Sys=0.00s Real=0.01s
[2023-01-19T15:16:04.864-0400][8.560s] GC(10) Pause Young (Normal) (G1 Evacuation Pause)
[2023-01-19T15:16:04.864-0400][8.560s] GC(10) Using 8 workers of 8 for evacuation
[2023-01-19T15:16:04.880-0400][8.569s] GC(10)   Pre Evacuate Collection Set: 0.1ms
[2023-01-19T15:16:04.880-0400][8.569s] GC(10)   Merge Heap Roots: 0.1ms
[2023-01-19T15:16:04.880-0400][8.569s] GC(10)   Evacuate Collection Set: 7.5ms
[2023-01-19T15:16:04.880-0400][8.569s] GC(10)   Post Evacuate Collection Set: 1.0ms
[2023-01-19T15:16:04.880-0400][8.569s] GC(10)   Other: 0.2ms
[2023-01-19T15:16:04.880-0400][8.569s] GC(10) Eden regions: 305->0(293)
[2023-01-19T15:16:04.880-0400][8.569s] GC(10) Survivor regions: 2->14(39)
[2023-01-19T15:16:04.880-0400][8.569s] GC(10) Old regions: 36->36
[2023-01-19T15:16:04.880-0400][8.569s] GC(10) Archive regions: 0->0
[2023-01-19T15:16:04.880-0400][8.569s] GC(10) Humongous regions: 4->4
[2023-01-19T15:16:04.880-0400][8.569s] GC(10) Metaspace: 46873K(47488K)->46873K(47488K) NonClass: 41242K(41600K)->41242K(41600K) Class: 5630K(5888K)->5630K(5888K)
[2023-01-19T15:16:04.880-0400][8.569s] GC(10) Pause Young (Normal) (G1 Evacuation Pause) 345M->52M(512M) 9.343ms
[2023-01-19T15:16:04.880-0400][8.569s] GC(10) User=0.11s Sys=0.00s Real=0.02s
[2023-01-19T17:59:01.239-0400][9784.922s] GC(11) Pause Young (Normal) (G1 Evacuation Pause)
[2023-01-19T17:59:01.244-0400][9784.927s] GC(11) Using 8 workers of 8 for evacuation
[2023-01-19T17:59:01.464-0400][9785.147s] GC(11)   Pre Evacuate Collection Set: 6.7ms
[2023-01-19T17:59:01.464-0400][9785.147s] GC(11)   Merge Heap Roots: 2.0ms
[2023-01-19T17:59:01.464-0400][9785.147s] GC(11)   Evacuate Collection Set: 201.0ms
[2023-01-19T17:59:01.464-0400][9785.148s] GC(11)   Post Evacuate Collection Set: 6.9ms
[2023-01-19T17:59:01.465-0400][9785.148s] GC(11)   Other: 5.1ms
[2023-01-19T17:59:01.465-0400][9785.148s] GC(11) Eden regions: 293->0(289)
[2023-01-19T17:59:01.465-0400][9785.148s] GC(11) Survivor regions: 14->18(39)
[2023-01-19T17:59:01.465-0400][9785.148s] GC(11) Old regions: 36->36
[2023-01-19T17:59:01.465-0400][9785.148s] GC(11) Archive regions: 0->0
[2023-01-19T17:59:01.465-0400][9785.148s] GC(11) Humongous regions: 7->7
[2023-01-19T17:59:01.465-0400][9785.149s] GC(11) Metaspace: 50466K(51200K)->50466K(51200K) NonClass: 44411K(44800K)->44411K(44800K) Class: 6055K(6400K)->6055K(6400K)
[2023-01-19T17:59:01.466-0400][9785.149s] GC(11) Pause Young (Normal) (G1 Evacuation Pause) 348M->59M(512M) 226.748ms
[2023-01-19T17:59:01.466-0400][9785.149s] GC(11) User=0.02s Sys=0.28s Real=0.23s
[2023-01-19T17:59:02.245-0400][9785.929s] GC(12) Pause Young (Normal) (G1 Evacuation Pause)
[2023-01-19T17:59:02.246-0400][9785.929s] GC(12) Using 8 workers of 8 for evacuation
[2023-01-19T17:59:02.258-0400][9785.942s] GC(12)   Pre Evacuate Collection Set: 0.1ms
[2023-01-19T17:59:02.258-0400][9785.942s] GC(12)   Merge Heap Roots: 0.1ms
[2023-01-19T17:59:02.258-0400][9785.942s] GC(12)   Evacuate Collection Set: 10.2ms
[2023-01-19T17:59:02.258-0400][9785.942s] GC(12)   Post Evacuate Collection Set: 2.0ms
[2023-01-19T17:59:02.258-0400][9785.942s] GC(12)   Other: 0.2ms
[2023-01-19T17:59:02.258-0400][9785.942s] GC(12) Eden regions: 289->0(288)
[2023-01-19T17:59:02.258-0400][9785.942s] GC(12) Survivor regions: 18->19(39)
[2023-01-19T17:59:02.259-0400][9785.942s] GC(12) Old regions: 36->36
[2023-01-19T17:59:02.259-0400][9785.942s] GC(12) Archive regions: 0->0
[2023-01-19T17:59:02.259-0400][9785.942s] GC(12) Humongous regions: 7->7
[2023-01-19T17:59:02.259-0400][9785.942s] GC(12) Metaspace: 50803K(51520K)->50803K(51520K) NonClass: 44747K(45120K)->44747K(45120K) Class: 6056K(6400K)->6056K(6400K)
[2023-01-19T17:59:02.259-0400][9785.942s] GC(12) Pause Young (Normal) (G1 Evacuation Pause) 348M->61M(512M) 13.241ms
[2023-01-19T17:59:02.259-0400][9785.942s] GC(12) User=0.11s Sys=0.00s Real=0.01s
