[2022-09-19T13:02:06.313-0400][0.012s] CardTable entry size: 512
[2022-09-19T13:02:06.313-0400][0.013s] Using G1
[2022-09-19T13:02:06.469-0400][0.168s] Version: 18.0.1.1+2-6 (release)
[2022-09-19T13:02:06.469-0400][0.168s] CPUs: 8 total, 8 available
[2022-09-19T13:02:06.469-0400][0.168s] Memory: 7582M
[2022-09-19T13:02:06.469-0400][0.168s] Large Page Support: Disabled
[2022-09-19T13:02:06.469-0400][0.168s] NUMA Support: Disabled
[2022-09-19T13:02:06.469-0400][0.168s] Compressed Oops: Enabled (32-bit)
[2022-09-19T13:02:06.469-0400][0.169s] Heap Region Size: 1M
[2022-09-19T13:02:06.469-0400][0.169s] Heap Min Capacity: 512M
[2022-09-19T13:02:06.469-0400][0.169s] Heap Initial Capacity: 512M
[2022-09-19T13:02:06.469-0400][0.169s] Heap Max Capacity: 512M
[2022-09-19T13:02:06.473-0400][0.172s] Pre-touch: Enabled
[2022-09-19T13:02:06.473-0400][0.172s] Parallel Workers: 8
[2022-09-19T13:02:06.473-0400][0.172s] Concurrent Workers: 2
[2022-09-19T13:02:06.473-0400][0.172s] Concurrent Refinement Workers: 8
[2022-09-19T13:02:06.473-0400][0.172s] Periodic GC: Disabled
[2022-09-19T13:02:06.473-0400][0.173s] CDS archive(s) mapped at: [0x0000000800000000-0x0000000800ba0000-0x0000000800ba0000), size 12189696, SharedBaseAddress: 0x0000000800000000, ArchiveRelocationMode: 0.
[2022-09-19T13:02:06.473-0400][0.173s] Compressed class space mapped at: 0x0000000800c00000-0x0000000840c00000, reserved size: 1073741824
[2022-09-19T13:02:06.473-0400][0.173s] Narrow klass base: 0x0000000800000000, Narrow klass shift: 0, Narrow klass range: 0x100000000
[2022-09-19T13:02:07.279-0400][0.979s] GC(0) Pause Young (Normal) (G1 Evacuation Pause)
[2022-09-19T13:02:07.280-0400][0.979s] GC(0) Using 8 workers of 8 for evacuation
[2022-09-19T13:02:07.283-0400][0.983s] GC(0)   Pre Evacuate Collection Set: 0.1ms
[2022-09-19T13:02:07.283-0400][0.983s] GC(0)   Merge Heap Roots: 0.0ms
[2022-09-19T13:02:07.283-0400][0.983s] GC(0)   Evacuate Collection Set: 2.6ms
[2022-09-19T13:02:07.283-0400][0.983s] GC(0)   Post Evacuate Collection Set: 0.4ms
[2022-09-19T13:02:07.283-0400][0.983s] GC(0)   Other: 0.4ms
[2022-09-19T13:02:07.283-0400][0.983s] GC(0) Eden regions: 29->0(43)
[2022-09-19T13:02:07.283-0400][0.983s] GC(0) Survivor regions: 0->4(4)
[2022-09-19T13:02:07.283-0400][0.983s] GC(0) Old regions: 0->0
[2022-09-19T13:02:07.283-0400][0.983s] GC(0) Archive regions: 0->0
[2022-09-19T13:02:07.283-0400][0.983s] GC(0) Humongous regions: 0->0
[2022-09-19T13:02:07.283-0400][0.983s] GC(0) Metaspace: 6764K(6912K)->6764K(6912K) NonClass: 5994K(6080K)->5994K(6080K) Class: 770K(832K)->770K(832K)
[2022-09-19T13:02:07.283-0400][0.983s] GC(0) Pause Young (Normal) (G1 Evacuation Pause) 29M->3M(512M) 3.802ms
[2022-09-19T13:02:07.283-0400][0.983s] GC(0) User=0.09s Sys=0.00s Real=0.00s
[2022-09-19T13:02:08.019-0400][1.719s] GC(1) Pause Young (Normal) (G1 Evacuation Pause)
[2022-09-19T13:02:08.019-0400][1.719s] GC(1) Using 8 workers of 8 for evacuation
[2022-09-19T13:02:08.028-0400][1.728s] GC(1)   Pre Evacuate Collection Set: 0.0ms
[2022-09-19T13:02:08.028-0400][1.728s] GC(1)   Merge Heap Roots: 0.0ms
[2022-09-19T13:02:08.028-0400][1.728s] GC(1)   Evacuate Collection Set: 7.9ms
[2022-09-19T13:02:08.028-0400][1.728s] GC(1)   Post Evacuate Collection Set: 0.6ms
[2022-09-19T13:02:08.028-0400][1.728s] GC(1)   Other: 0.1ms
[2022-09-19T13:02:08.028-0400][1.728s] GC(1) Eden regions: 43->0(78)
[2022-09-19T13:02:08.028-0400][1.728s] GC(1) Survivor regions: 4->6(6)
[2022-09-19T13:02:08.028-0400][1.728s] GC(1) Old regions: 0->8
[2022-09-19T13:02:08.028-0400][1.728s] GC(1) Archive regions: 0->0
[2022-09-19T13:02:08.028-0400][1.728s] GC(1) Humongous regions: 4->4
[2022-09-19T13:02:08.028-0400][1.728s] GC(1) Metaspace: 15539K(15808K)->15539K(15808K) NonClass: 13753K(13888K)->13753K(13888K) Class: 1785K(1920K)->1785K(1920K)
[2022-09-19T13:02:08.028-0400][1.728s] GC(1) Pause Young (Normal) (G1 Evacuation Pause) 50M->17M(512M) 8.787ms
[2022-09-19T13:02:08.028-0400][1.728s] GC(1) User=0.00s Sys=0.00s Real=0.01s
[2022-09-19T13:02:08.359-0400][2.059s] GC(2) Pause Young (Normal) (G1 Evacuation Pause)
[2022-09-19T13:02:08.359-0400][2.059s] GC(2) Using 8 workers of 8 for evacuation
[2022-09-19T13:02:08.363-0400][2.063s] GC(2)   Pre Evacuate Collection Set: 0.1ms
[2022-09-19T13:02:08.363-0400][2.063s] GC(2)   Merge Heap Roots: 0.0ms
[2022-09-19T13:02:08.363-0400][2.063s] GC(2)   Evacuate Collection Set: 3.0ms
[2022-09-19T13:02:08.363-0400][2.063s] GC(2)   Post Evacuate Collection Set: 0.6ms
[2022-09-19T13:02:08.363-0400][2.063s] GC(2)   Other: 0.1ms
[2022-09-19T13:02:08.363-0400][2.063s] GC(2) Eden regions: 76->0(304)
[2022-09-19T13:02:08.363-0400][2.063s] GC(2) Survivor regions: 6->3(11)
[2022-09-19T13:02:08.363-0400][2.063s] GC(2) Old regions: 8->14
[2022-09-19T13:02:08.363-0400][2.063s] GC(2) Archive regions: 0->0
[2022-09-19T13:02:08.363-0400][2.063s] GC(2) Humongous regions: 4->4
[2022-09-19T13:02:08.363-0400][2.063s] GC(2) Metaspace: 16526K(16896K)->16526K(16896K) NonClass: 14640K(14848K)->14640K(14848K) Class: 1885K(2048K)->1885K(2048K)
[2022-09-19T13:02:08.363-0400][2.063s] GC(2) Pause Young (Normal) (G1 Evacuation Pause) 93M->21M(512M) 4.186ms
[2022-09-19T13:02:08.363-0400][2.063s] GC(2) User=0.00s Sys=0.00s Real=0.00s
[2022-09-19T13:02:08.906-0400][2.606s] GC(3) Pause Young (Concurrent Start) (Metadata GC Threshold)
[2022-09-19T13:02:08.907-0400][2.606s] GC(3) Using 8 workers of 8 for evacuation
[2022-09-19T13:02:08.909-0400][2.609s] GC(3)   Pre Evacuate Collection Set: 0.2ms
[2022-09-19T13:02:08.909-0400][2.609s] GC(3)   Merge Heap Roots: 0.1ms
[2022-09-19T13:02:08.909-0400][2.609s] GC(3)   Evacuate Collection Set: 1.7ms
[2022-09-19T13:02:08.909-0400][2.609s] GC(3)   Post Evacuate Collection Set: 0.6ms
[2022-09-19T13:02:08.909-0400][2.609s] GC(3)   Other: 0.3ms
[2022-09-19T13:02:08.909-0400][2.609s] GC(3) Eden regions: 141->0(302)
[2022-09-19T13:02:08.909-0400][2.609s] GC(3) Survivor regions: 3->5(39)
[2022-09-19T13:02:08.909-0400][2.609s] GC(3) Old regions: 14->14
[2022-09-19T13:02:08.909-0400][2.609s] GC(3) Archive regions: 0->0
[2022-09-19T13:02:08.909-0400][2.609s] GC(3) Humongous regions: 4->4
[2022-09-19T13:02:08.909-0400][2.609s] GC(3) Metaspace: 21116K(21504K)->21116K(21504K) NonClass: 18772K(18944K)->18772K(18944K) Class: 2343K(2560K)->2343K(2560K)
[2022-09-19T13:02:08.909-0400][2.609s] GC(3) Pause Young (Concurrent Start) (Metadata GC Threshold) 162M->22M(512M) 2.957ms
[2022-09-19T13:02:08.909-0400][2.609s] GC(3) User=0.00s Sys=0.00s Real=0.00s
[2022-09-19T13:02:08.909-0400][2.609s] GC(4) Concurrent Mark Cycle
[2022-09-19T13:02:08.910-0400][2.609s] GC(4) Concurrent Clear Claimed Marks
[2022-09-19T13:02:08.910-0400][2.609s] GC(4) Concurrent Clear Claimed Marks 0.049ms
[2022-09-19T13:02:08.910-0400][2.609s] GC(4) Concurrent Scan Root Regions
[2022-09-19T13:02:08.911-0400][2.611s] GC(4) Concurrent Scan Root Regions 1.230ms
[2022-09-19T13:02:08.911-0400][2.611s] GC(4) Concurrent Mark
[2022-09-19T13:02:08.911-0400][2.611s] GC(4) Concurrent Mark From Roots
[2022-09-19T13:02:08.911-0400][2.611s] GC(4) Using 2 workers of 2 for marking
[2022-09-19T13:02:08.923-0400][2.623s] GC(4) Concurrent Mark From Roots 12.180ms
[2022-09-19T13:02:08.923-0400][2.623s] GC(4) Concurrent Preclean
[2022-09-19T13:02:08.923-0400][2.623s] GC(4) Concurrent Preclean 0.050ms
[2022-09-19T13:02:08.923-0400][2.623s] GC(4) Pause Remark
[2022-09-19T13:02:08.925-0400][2.625s] GC(4) Pause Remark 26M->26M(512M) 1.705ms
[2022-09-19T13:02:08.925-0400][2.625s] GC(4) User=0.00s Sys=0.00s Real=0.00s
[2022-09-19T13:02:08.925-0400][2.625s] GC(4) Concurrent Mark 14.224ms
[2022-09-19T13:02:08.925-0400][2.625s] GC(4) Concurrent Rebuild Remembered Sets
[2022-09-19T13:02:08.930-0400][2.630s] GC(4) Concurrent Rebuild Remembered Sets 4.978ms
[2022-09-19T13:02:08.930-0400][2.630s] GC(4) Pause Cleanup
[2022-09-19T13:02:08.930-0400][2.630s] GC(4) Pause Cleanup 27M->27M(512M) 0.096ms
[2022-09-19T13:02:08.930-0400][2.630s] GC(4) User=0.00s Sys=0.00s Real=0.00s
[2022-09-19T13:02:08.930-0400][2.630s] GC(4) Concurrent Cleanup for Next Mark
[2022-09-19T13:02:08.931-0400][2.631s] GC(4) Concurrent Cleanup for Next Mark 0.838ms
[2022-09-19T13:02:08.931-0400][2.631s] GC(4) Concurrent Mark Cycle 21.850ms
[2022-09-19T13:02:10.602-0400][4.301s] GC(5) Pause Young (Normal) (G1 Evacuation Pause)
[2022-09-19T13:02:10.602-0400][4.302s] GC(5) Using 8 workers of 8 for evacuation
[2022-09-19T13:02:10.614-0400][4.314s] GC(5)   Pre Evacuate Collection Set: 0.1ms
[2022-09-19T13:02:10.614-0400][4.314s] GC(5)   Merge Heap Roots: 0.1ms
[2022-09-19T13:02:10.614-0400][4.314s] GC(5)   Evacuate Collection Set: 11.0ms
[2022-09-19T13:02:10.614-0400][4.314s] GC(5)   Post Evacuate Collection Set: 0.9ms
[2022-09-19T13:02:10.614-0400][4.314s] GC(5)   Other: 0.2ms
[2022-09-19T13:02:10.614-0400][4.314s] GC(5) Eden regions: 302->0(295)
[2022-09-19T13:02:10.614-0400][4.314s] GC(5) Survivor regions: 5->12(39)
[2022-09-19T13:02:10.614-0400][4.314s] GC(5) Old regions: 14->14
[2022-09-19T13:02:10.614-0400][4.314s] GC(5) Archive regions: 0->0
[2022-09-19T13:02:10.614-0400][4.314s] GC(5) Humongous regions: 5->4
[2022-09-19T13:02:10.614-0400][4.314s] GC(5) Metaspace: 34063K(34496K)->34063K(34496K) NonClass: 30077K(30272K)->30077K(30272K) Class: 3986K(4224K)->3986K(4224K)
[2022-09-19T13:02:10.614-0400][4.314s] GC(5) Pause Young (Normal) (G1 Evacuation Pause) 325M->29M(512M) 12.521ms
[2022-09-19T13:02:10.614-0400][4.314s] GC(5) User=0.11s Sys=0.00s Real=0.01s
[2022-09-19T13:02:10.969-0400][4.669s] GC(6) Pause Young (Concurrent Start) (Metadata GC Threshold)
[2022-09-19T13:02:10.969-0400][4.669s] GC(6) Using 8 workers of 8 for evacuation
[2022-09-19T13:02:10.975-0400][4.675s] GC(6)   Pre Evacuate Collection Set: 0.1ms
[2022-09-19T13:02:10.975-0400][4.675s] GC(6)   Merge Heap Roots: 0.1ms
[2022-09-19T13:02:10.975-0400][4.675s] GC(6)   Evacuate Collection Set: 4.9ms
[2022-09-19T13:02:10.975-0400][4.675s] GC(6)   Post Evacuate Collection Set: 0.6ms
[2022-09-19T13:02:10.975-0400][4.675s] GC(6)   Other: 0.0ms
[2022-09-19T13:02:10.975-0400][4.675s] GC(6) Eden regions: 64->0(294)
[2022-09-19T13:02:10.975-0400][4.675s] GC(6) Survivor regions: 12->13(39)
[2022-09-19T13:02:10.975-0400][4.675s] GC(6) Old regions: 14->14
[2022-09-19T13:02:10.975-0400][4.675s] GC(6) Archive regions: 0->0
[2022-09-19T13:02:10.975-0400][4.675s] GC(6) Humongous regions: 4->4
[2022-09-19T13:02:10.975-0400][4.675s] GC(6) Metaspace: 35979K(36416K)->35979K(36416K) NonClass: 31786K(32000K)->31786K(32000K) Class: 4193K(4416K)->4193K(4416K)
[2022-09-19T13:02:10.976-0400][4.675s] GC(6) Pause Young (Concurrent Start) (Metadata GC Threshold) 92M->30M(512M) 5.937ms
[2022-09-19T13:02:10.976-0400][4.675s] GC(7) Concurrent Mark Cycle
[2022-09-19T13:02:10.976-0400][4.675s] GC(6) User=0.00s Sys=0.00s Real=0.01s
[2022-09-19T13:02:10.976-0400][4.675s] GC(7) Concurrent Clear Claimed Marks
[2022-09-19T13:02:10.976-0400][4.675s] GC(7) Concurrent Clear Claimed Marks 0.095ms
[2022-09-19T13:02:10.976-0400][4.675s] GC(7) Concurrent Scan Root Regions
[2022-09-19T13:02:10.979-0400][4.679s] GC(7) Concurrent Scan Root Regions 3.547ms
[2022-09-19T13:02:10.979-0400][4.679s] GC(7) Concurrent Mark
[2022-09-19T13:02:10.979-0400][4.679s] GC(7) Concurrent Mark From Roots
[2022-09-19T13:02:10.979-0400][4.679s] GC(7) Using 2 workers of 2 for marking
[2022-09-19T13:02:10.991-0400][4.690s] GC(7) Concurrent Mark From Roots 11.266ms
[2022-09-19T13:02:10.991-0400][4.690s] GC(7) Concurrent Preclean
[2022-09-19T13:02:10.991-0400][4.690s] GC(7) Concurrent Preclean 0.063ms
[2022-09-19T13:02:10.991-0400][4.690s] GC(7) Pause Remark
[2022-09-19T13:02:10.992-0400][4.692s] GC(7) Pause Remark 33M->33M(512M) 1.739ms
[2022-09-19T13:02:10.993-0400][4.692s] GC(7) User=0.00s Sys=0.00s Real=0.00s
[2022-09-19T13:02:10.993-0400][4.692s] GC(7) Concurrent Mark 13.304ms
[2022-09-19T13:02:10.993-0400][4.692s] GC(7) Concurrent Rebuild Remembered Sets
[2022-09-19T13:02:10.999-0400][4.699s] GC(7) Concurrent Rebuild Remembered Sets 6.594ms
[2022-09-19T13:02:10.999-0400][4.699s] GC(7) Pause Cleanup
[2022-09-19T13:02:10.999-0400][4.699s] GC(7) Pause Cleanup 34M->34M(512M) 0.108ms
[2022-09-19T13:02:11.000-0400][4.699s] GC(7) User=0.02s Sys=0.02s Real=0.00s
[2022-09-19T13:02:11.000-0400][4.699s] GC(7) Concurrent Cleanup for Next Mark
[2022-09-19T13:02:11.001-0400][4.700s] GC(7) Concurrent Cleanup for Next Mark 1.038ms
[2022-09-19T13:02:11.001-0400][4.700s] GC(7) Concurrent Mark Cycle 25.144ms
[2022-09-19T13:02:12.175-0400][5.875s] GC(8) Pause Young (Normal) (G1 Evacuation Pause)
[2022-09-19T13:02:12.175-0400][5.875s] GC(8) Using 8 workers of 8 for evacuation
[2022-09-19T13:02:12.184-0400][5.884s] GC(8)   Pre Evacuate Collection Set: 0.0ms
[2022-09-19T13:02:12.184-0400][5.884s] GC(8)   Merge Heap Roots: 0.0ms
[2022-09-19T13:02:12.184-0400][5.884s] GC(8)   Evacuate Collection Set: 8.0ms
[2022-09-19T13:02:12.184-0400][5.884s] GC(8)   Post Evacuate Collection Set: 1.0ms
[2022-09-19T13:02:12.184-0400][5.884s] GC(8)   Other: 0.1ms
[2022-09-19T13:02:12.184-0400][5.884s] GC(8) Eden regions: 294->0(284)
[2022-09-19T13:02:12.184-0400][5.884s] GC(8) Survivor regions: 13->23(39)
[2022-09-19T13:02:12.184-0400][5.884s] GC(8) Old regions: 14->14
[2022-09-19T13:02:12.184-0400][5.884s] GC(8) Archive regions: 0->0
[2022-09-19T13:02:12.184-0400][5.884s] GC(8) Humongous regions: 4->4
[2022-09-19T13:02:12.184-0400][5.884s] GC(8) Metaspace: 44537K(44992K)->44537K(44992K) NonClass: 39254K(39488K)->39254K(39488K) Class: 5283K(5504K)->5283K(5504K)
[2022-09-19T13:02:12.184-0400][5.884s] GC(8) Pause Young (Normal) (G1 Evacuation Pause) 324M->40M(512M) 9.368ms
[2022-09-19T13:02:12.184-0400][5.884s] GC(8) User=0.00s Sys=0.00s Real=0.01s
[2022-09-19T14:37:35.462-0400][5729.161s] GC(9) Pause Young (Normal) (G1 Evacuation Pause)
[2022-09-19T14:37:35.463-0400][5729.162s] GC(9) Using 8 workers of 8 for evacuation
[2022-09-19T14:37:35.538-0400][5729.237s] GC(9)   Pre Evacuate Collection Set: 1.5ms
[2022-09-19T14:37:35.538-0400][5729.237s] GC(9)   Merge Heap Roots: 0.2ms
[2022-09-19T14:37:35.538-0400][5729.237s] GC(9)   Evacuate Collection Set: 66.2ms
[2022-09-19T14:37:35.538-0400][5729.237s] GC(9)   Post Evacuate Collection Set: 6.7ms
[2022-09-19T14:37:35.538-0400][5729.237s] GC(9)   Other: 1.0ms
[2022-09-19T14:37:35.538-0400][5729.237s] GC(9) Eden regions: 284->0(285)
[2022-09-19T14:37:35.538-0400][5729.237s] GC(9) Survivor regions: 23->22(39)
[2022-09-19T14:37:35.538-0400][5729.237s] GC(9) Old regions: 14->17
[2022-09-19T14:37:35.538-0400][5729.237s] GC(9) Archive regions: 0->0
[2022-09-19T14:37:35.538-0400][5729.237s] GC(9) Humongous regions: 7->7
[2022-09-19T14:37:35.538-0400][5729.237s] GC(9) Metaspace: 49994K(50560K)->49994K(50560K) NonClass: 44080K(44352K)->44080K(44352K) Class: 5913K(6208K)->5913K(6208K)
[2022-09-19T14:37:35.538-0400][5729.237s] GC(9) Pause Young (Normal) (G1 Evacuation Pause) 327M->45M(512M) 76.322ms
[2022-09-19T14:37:35.538-0400][5729.237s] GC(9) User=0.05s Sys=0.22s Real=0.08s
