[2023-01-17T12:35:29.018-0400][0.017s] CardTable entry size: 512
[2023-01-17T12:35:29.018-0400][0.018s] Using G1
[2023-01-17T12:35:29.228-0400][0.229s] Version: 18.0.1.1+2-6 (release)
[2023-01-17T12:35:29.228-0400][0.229s] CPUs: 8 total, 8 available
[2023-01-17T12:35:29.228-0400][0.229s] Memory: 7582M
[2023-01-17T12:35:29.228-0400][0.229s] Large Page Support: Disabled
[2023-01-17T12:35:29.228-0400][0.229s] NUMA Support: Disabled
[2023-01-17T12:35:29.228-0400][0.229s] Compressed Oops: Enabled (32-bit)
[2023-01-17T12:35:29.228-0400][0.229s] Heap Region Size: 1M
[2023-01-17T12:35:29.228-0400][0.229s] Heap Min Capacity: 512M
[2023-01-17T12:35:29.228-0400][0.229s] Heap Initial Capacity: 512M
[2023-01-17T12:35:29.228-0400][0.229s] Heap Max Capacity: 512M
[2023-01-17T12:35:29.228-0400][0.230s] Pre-touch: Enabled
[2023-01-17T12:35:29.228-0400][0.230s] Parallel Workers: 8
[2023-01-17T12:35:29.228-0400][0.230s] Concurrent Workers: 2
[2023-01-17T12:35:29.228-0400][0.230s] Concurrent Refinement Workers: 8
[2023-01-17T12:35:29.228-0400][0.230s] Periodic GC: Disabled
[2023-01-17T12:35:29.228-0400][0.232s] CDS archive(s) mapped at: [0x0000000800000000-0x0000000800ba0000-0x0000000800ba0000), size 12189696, SharedBaseAddress: 0x0000000800000000, ArchiveRelocationMode: 0.
[2023-01-17T12:35:29.228-0400][0.232s] Compressed class space mapped at: 0x0000000800c00000-0x0000000840c00000, reserved size: 1073741824
[2023-01-17T12:35:29.228-0400][0.232s] Narrow klass base: 0x0000000800000000, Narrow klass shift: 0, Narrow klass range: 0x100000000
[2023-01-17T12:35:30.938-0400][1.940s] GC(0) Pause Young (Normal) (G1 Evacuation Pause)
[2023-01-17T12:35:30.938-0400][1.940s] GC(0) Using 8 workers of 8 for evacuation
[2023-01-17T12:35:30.943-0400][1.943s] GC(0)   Pre Evacuate Collection Set: 0.1ms
[2023-01-17T12:35:30.943-0400][1.943s] GC(0)   Merge Heap Roots: 0.1ms
[2023-01-17T12:35:30.943-0400][1.943s] GC(0)   Evacuate Collection Set: 2.2ms
[2023-01-17T12:35:30.943-0400][1.943s] GC(0)   Post Evacuate Collection Set: 0.4ms
[2023-01-17T12:35:30.943-0400][1.943s] GC(0)   Other: 0.4ms
[2023-01-17T12:35:30.943-0400][1.943s] GC(0) Eden regions: 29->0(43)
[2023-01-17T12:35:30.943-0400][1.943s] GC(0) Survivor regions: 0->4(4)
[2023-01-17T12:35:30.943-0400][1.943s] GC(0) Old regions: 0->0
[2023-01-17T12:35:30.943-0400][1.943s] GC(0) Archive regions: 0->0
[2023-01-17T12:35:30.943-0400][1.943s] GC(0) Humongous regions: 0->0
[2023-01-17T12:35:30.943-0400][1.944s] GC(0) Metaspace: 6782K(6976K)->6782K(6976K) NonClass: 6012K(6144K)->6012K(6144K) Class: 770K(832K)->770K(832K)
[2023-01-17T12:35:30.943-0400][1.944s] GC(0) Pause Young (Normal) (G1 Evacuation Pause) 29M->3M(512M) 4.228ms
[2023-01-17T12:35:30.943-0400][1.944s] GC(0) User=0.00s Sys=0.00s Real=0.01s
[2023-01-17T12:35:32.068-0400][3.068s] GC(1) Pause Young (Normal) (G1 Evacuation Pause)
[2023-01-17T12:35:32.068-0400][3.068s] GC(1) Using 8 workers of 8 for evacuation
[2023-01-17T12:35:32.078-0400][3.077s] GC(1)   Pre Evacuate Collection Set: 0.1ms
[2023-01-17T12:35:32.078-0400][3.077s] GC(1)   Merge Heap Roots: 0.0ms
[2023-01-17T12:35:32.078-0400][3.077s] GC(1)   Evacuate Collection Set: 8.6ms
[2023-01-17T12:35:32.078-0400][3.077s] GC(1)   Post Evacuate Collection Set: 0.6ms
[2023-01-17T12:35:32.078-0400][3.077s] GC(1)   Other: 0.1ms
[2023-01-17T12:35:32.078-0400][3.077s] GC(1) Eden regions: 43->0(75)
[2023-01-17T12:35:32.078-0400][3.077s] GC(1) Survivor regions: 4->6(6)
[2023-01-17T12:35:32.078-0400][3.077s] GC(1) Old regions: 0->8
[2023-01-17T12:35:32.078-0400][3.077s] GC(1) Archive regions: 0->0
[2023-01-17T12:35:32.078-0400][3.077s] GC(1) Humongous regions: 4->4
[2023-01-17T12:35:32.078-0400][3.077s] GC(1) Metaspace: 15584K(15872K)->15584K(15872K) NonClass: 13798K(13952K)->13798K(13952K) Class: 1785K(1920K)->1785K(1920K)
[2023-01-17T12:35:32.078-0400][3.077s] GC(1) Pause Young (Normal) (G1 Evacuation Pause) 50M->17M(512M) 9.541ms
[2023-01-17T12:35:32.078-0400][3.077s] GC(1) User=0.00s Sys=0.00s Real=0.01s
[2023-01-17T12:35:32.534-0400][3.534s] GC(2) Pause Young (Normal) (G1 Evacuation Pause)
[2023-01-17T12:35:32.534-0400][3.534s] GC(2) Using 8 workers of 8 for evacuation
[2023-01-17T12:35:32.538-0400][3.540s] GC(2)   Pre Evacuate Collection Set: 0.1ms
[2023-01-17T12:35:32.538-0400][3.540s] GC(2)   Merge Heap Roots: 0.0ms
[2023-01-17T12:35:32.538-0400][3.540s] GC(2)   Evacuate Collection Set: 5.0ms
[2023-01-17T12:35:32.538-0400][3.540s] GC(2)   Post Evacuate Collection Set: 0.7ms
[2023-01-17T12:35:32.538-0400][3.540s] GC(2)   Other: 0.1ms
[2023-01-17T12:35:32.538-0400][3.540s] GC(2) Eden regions: 74->0(304)
[2023-01-17T12:35:32.538-0400][3.540s] GC(2) Survivor regions: 6->3(10)
[2023-01-17T12:35:32.538-0400][3.540s] GC(2) Old regions: 8->15
[2023-01-17T12:35:32.538-0400][3.540s] GC(2) Archive regions: 0->0
[2023-01-17T12:35:32.538-0400][3.540s] GC(2) Humongous regions: 4->4
[2023-01-17T12:35:32.538-0400][3.540s] GC(2) Metaspace: 16567K(16896K)->16567K(16896K) NonClass: 14681K(14848K)->14681K(14848K) Class: 1885K(2048K)->1885K(2048K)
[2023-01-17T12:35:32.538-0400][3.540s] GC(2) Pause Young (Normal) (G1 Evacuation Pause) 91M->21M(512M) 6.367ms
[2023-01-17T12:35:32.538-0400][3.540s] GC(2) User=0.00s Sys=0.00s Real=0.00s
[2023-01-17T12:35:33.418-0400][4.418s] GC(3) Pause Young (Concurrent Start) (Metadata GC Threshold)
[2023-01-17T12:35:33.418-0400][4.418s] GC(3) Using 8 workers of 8 for evacuation
[2023-01-17T12:35:33.418-0400][4.420s] GC(3)   Pre Evacuate Collection Set: 0.1ms
[2023-01-17T12:35:33.418-0400][4.420s] GC(3)   Merge Heap Roots: 0.0ms
[2023-01-17T12:35:33.418-0400][4.420s] GC(3)   Evacuate Collection Set: 1.4ms
[2023-01-17T12:35:33.418-0400][4.420s] GC(3)   Post Evacuate Collection Set: 0.4ms
[2023-01-17T12:35:33.418-0400][4.420s] GC(3)   Other: 0.3ms
[2023-01-17T12:35:33.418-0400][4.420s] GC(3) Eden regions: 143->0(302)
[2023-01-17T12:35:33.418-0400][4.421s] GC(3) Survivor regions: 3->5(39)
[2023-01-17T12:35:33.418-0400][4.421s] GC(3) Old regions: 15->15
[2023-01-17T12:35:33.418-0400][4.421s] GC(3) Archive regions: 0->0
[2023-01-17T12:35:33.418-0400][4.421s] GC(3) Humongous regions: 4->4
[2023-01-17T12:35:33.418-0400][4.421s] GC(3) Metaspace: 21123K(21504K)->21123K(21504K) NonClass: 18781K(19008K)->18781K(19008K) Class: 2341K(2496K)->2341K(2496K)
[2023-01-17T12:35:33.418-0400][4.421s] GC(3) Pause Young (Concurrent Start) (Metadata GC Threshold) 164M->23M(512M) 2.607ms
[2023-01-17T12:35:33.418-0400][4.421s] GC(3) User=0.00s Sys=0.00s Real=0.00s
[2023-01-17T12:35:33.418-0400][4.421s] GC(4) Concurrent Mark Cycle
[2023-01-17T12:35:33.418-0400][4.421s] GC(4) Concurrent Clear Claimed Marks
[2023-01-17T12:35:33.418-0400][4.421s] GC(4) Concurrent Clear Claimed Marks 0.033ms
[2023-01-17T12:35:33.418-0400][4.421s] GC(4) Concurrent Scan Root Regions
[2023-01-17T12:35:33.423-0400][4.422s] GC(4) Concurrent Scan Root Regions 1.744ms
[2023-01-17T12:35:33.423-0400][4.423s] GC(4) Concurrent Mark
[2023-01-17T12:35:33.423-0400][4.423s] GC(4) Concurrent Mark From Roots
[2023-01-17T12:35:33.423-0400][4.423s] GC(4) Using 2 workers of 2 for marking
[2023-01-17T12:35:33.438-0400][4.439s] GC(4) Concurrent Mark From Roots 16.234ms
[2023-01-17T12:35:33.438-0400][4.439s] GC(4) Concurrent Preclean
[2023-01-17T12:35:33.438-0400][4.439s] GC(4) Concurrent Preclean 0.078ms
[2023-01-17T12:35:33.438-0400][4.439s] GC(4) Pause Remark
[2023-01-17T12:35:33.442-0400][4.441s] GC(4) Pause Remark 26M->26M(512M) 2.334ms
[2023-01-17T12:35:33.442-0400][4.441s] GC(4) User=0.00s Sys=0.00s Real=0.00s
[2023-01-17T12:35:33.442-0400][4.442s] GC(4) Concurrent Mark 19.034ms
[2023-01-17T12:35:33.442-0400][4.442s] GC(4) Concurrent Rebuild Remembered Sets
[2023-01-17T12:35:33.448-0400][4.447s] GC(4) Concurrent Rebuild Remembered Sets 5.668ms
[2023-01-17T12:35:33.448-0400][4.447s] GC(4) Pause Cleanup
[2023-01-17T12:35:33.448-0400][4.447s] GC(4) Pause Cleanup 27M->27M(512M) 0.096ms
[2023-01-17T12:35:33.448-0400][4.448s] GC(4) User=0.00s Sys=0.00s Real=0.00s
[2023-01-17T12:35:33.448-0400][4.448s] GC(4) Concurrent Cleanup for Next Mark
[2023-01-17T12:35:33.448-0400][4.449s] GC(4) Concurrent Cleanup for Next Mark 1.011ms
[2023-01-17T12:35:33.448-0400][4.449s] GC(4) Concurrent Mark Cycle 28.082ms
[2023-01-17T12:35:35.295-0400][6.295s] GC(5) Pause Young (Normal) (G1 Evacuation Pause)
[2023-01-17T12:35:35.295-0400][6.295s] GC(5) Using 8 workers of 8 for evacuation
[2023-01-17T12:35:35.301-0400][6.300s] GC(5)   Pre Evacuate Collection Set: 0.1ms
[2023-01-17T12:35:35.301-0400][6.300s] GC(5)   Merge Heap Roots: 0.1ms
[2023-01-17T12:35:35.301-0400][6.300s] GC(5)   Evacuate Collection Set: 4.7ms
[2023-01-17T12:35:35.301-0400][6.300s] GC(5)   Post Evacuate Collection Set: 0.8ms
[2023-01-17T12:35:35.301-0400][6.300s] GC(5)   Other: 0.1ms
[2023-01-17T12:35:35.301-0400][6.300s] GC(5) Eden regions: 302->0(296)
[2023-01-17T12:35:35.301-0400][6.300s] GC(5) Survivor regions: 5->11(39)
[2023-01-17T12:35:35.301-0400][6.300s] GC(5) Old regions: 15->15
[2023-01-17T12:35:35.301-0400][6.300s] GC(5) Archive regions: 0->0
[2023-01-17T12:35:35.301-0400][6.300s] GC(5) Humongous regions: 4->4
[2023-01-17T12:35:35.301-0400][6.300s] GC(5) Metaspace: 33314K(33792K)->33314K(33792K) NonClass: 29428K(29696K)->29428K(29696K) Class: 3886K(4096K)->3886K(4096K)
[2023-01-17T12:35:35.301-0400][6.300s] GC(5) Pause Young (Normal) (G1 Evacuation Pause) 325M->28M(512M) 5.906ms
[2023-01-17T12:35:35.301-0400][6.300s] GC(5) User=0.00s Sys=0.00s Real=0.01s
[2023-01-17T12:35:35.830-0400][6.830s] GC(6) Pause Young (Concurrent Start) (Metadata GC Threshold)
[2023-01-17T12:35:35.830-0400][6.830s] GC(6) Using 8 workers of 8 for evacuation
[2023-01-17T12:35:35.836-0400][6.836s] GC(6)   Pre Evacuate Collection Set: 0.1ms
[2023-01-17T12:35:35.836-0400][6.836s] GC(6)   Merge Heap Roots: 0.0ms
[2023-01-17T12:35:35.837-0400][6.836s] GC(6)   Evacuate Collection Set: 5.0ms
[2023-01-17T12:35:35.837-0400][6.836s] GC(6)   Post Evacuate Collection Set: 0.7ms
[2023-01-17T12:35:35.837-0400][6.836s] GC(6)   Other: 0.1ms
[2023-01-17T12:35:35.837-0400][6.836s] GC(6) Eden regions: 143->0(293)
[2023-01-17T12:35:35.837-0400][6.836s] GC(6) Survivor regions: 11->14(39)
[2023-01-17T12:35:35.837-0400][6.836s] GC(6) Old regions: 15->15
[2023-01-17T12:35:35.837-0400][6.836s] GC(6) Archive regions: 0->0
[2023-01-17T12:35:35.837-0400][6.836s] GC(6) Humongous regions: 5->4
[2023-01-17T12:35:35.837-0400][6.836s] GC(6) Metaspace: 35970K(36416K)->35970K(36416K) NonClass: 31778K(32000K)->31778K(32000K) Class: 4192K(4416K)->4192K(4416K)
[2023-01-17T12:35:35.837-0400][6.836s] GC(6) Pause Young (Concurrent Start) (Metadata GC Threshold) 172M->32M(512M) 6.241ms
[2023-01-17T12:35:35.837-0400][6.836s] GC(7) Concurrent Mark Cycle
[2023-01-17T12:35:35.837-0400][6.836s] GC(6) User=0.00s Sys=0.00s Real=0.01s
[2023-01-17T12:35:35.837-0400][6.836s] GC(7) Concurrent Clear Claimed Marks
[2023-01-17T12:35:35.837-0400][6.836s] GC(7) Concurrent Clear Claimed Marks 0.083ms
[2023-01-17T12:35:35.837-0400][6.836s] GC(7) Concurrent Scan Root Regions
[2023-01-17T12:35:35.841-0400][6.841s] GC(7) Concurrent Scan Root Regions 4.580ms
[2023-01-17T12:35:35.841-0400][6.841s] GC(7) Concurrent Mark
[2023-01-17T12:35:35.841-0400][6.841s] GC(7) Concurrent Mark From Roots
[2023-01-17T12:35:35.841-0400][6.841s] GC(7) Using 2 workers of 2 for marking
[2023-01-17T12:35:35.858-0400][6.857s] GC(7) Concurrent Mark From Roots 16.350ms
[2023-01-17T12:35:35.858-0400][6.857s] GC(7) Concurrent Preclean
[2023-01-17T12:35:35.858-0400][6.857s] GC(7) Concurrent Preclean 0.122ms
[2023-01-17T12:35:35.858-0400][6.857s] GC(7) Pause Remark
[2023-01-17T12:35:35.861-0400][6.860s] GC(7) Pause Remark 36M->36M(512M) 2.607ms
[2023-01-17T12:35:35.861-0400][6.860s] GC(7) User=0.00s Sys=0.00s Real=0.00s
[2023-01-17T12:35:35.861-0400][6.860s] GC(7) Concurrent Mark 19.494ms
[2023-01-17T12:35:35.861-0400][6.860s] GC(7) Concurrent Rebuild Remembered Sets
[2023-01-17T12:35:35.869-0400][6.868s] GC(7) Concurrent Rebuild Remembered Sets 7.758ms
[2023-01-17T12:35:35.869-0400][6.868s] GC(7) Pause Cleanup
[2023-01-17T12:35:35.869-0400][6.868s] GC(7) Pause Cleanup 37M->37M(512M) 0.105ms
[2023-01-17T12:35:35.869-0400][6.868s] GC(7) User=0.00s Sys=0.00s Real=0.00s
[2023-01-17T12:35:35.869-0400][6.868s] GC(7) Concurrent Cleanup for Next Mark
[2023-01-17T12:35:35.870-0400][6.869s] GC(7) Concurrent Cleanup for Next Mark 1.161ms
[2023-01-17T12:35:35.870-0400][6.870s] GC(7) Concurrent Mark Cycle 33.611ms
[2023-01-17T12:35:36.949-0400][7.948s] GC(8) Pause Young (Normal) (G1 Evacuation Pause)
[2023-01-17T12:35:36.949-0400][7.948s] GC(8) Using 8 workers of 8 for evacuation
[2023-01-17T12:35:36.961-0400][7.960s] GC(8)   Pre Evacuate Collection Set: 0.1ms
[2023-01-17T12:35:36.961-0400][7.960s] GC(8)   Merge Heap Roots: 0.1ms
[2023-01-17T12:35:36.961-0400][7.960s] GC(8)   Evacuate Collection Set: 10.9ms
[2023-01-17T12:35:36.961-0400][7.960s] GC(8)   Post Evacuate Collection Set: 0.8ms
[2023-01-17T12:35:36.961-0400][7.960s] GC(8)   Other: 0.1ms
[2023-01-17T12:35:36.961-0400][7.960s] GC(8) Eden regions: 293->0(283)
[2023-01-17T12:35:36.961-0400][7.960s] GC(8) Survivor regions: 14->24(39)
[2023-01-17T12:35:36.961-0400][7.960s] GC(8) Old regions: 15->15
[2023-01-17T12:35:36.961-0400][7.960s] GC(8) Archive regions: 0->0
[2023-01-17T12:35:36.961-0400][7.960s] GC(8) Humongous regions: 4->4
[2023-01-17T12:35:36.961-0400][7.960s] GC(8) Metaspace: 42738K(43328K)->42738K(43328K) NonClass: 37644K(37952K)->37644K(37952K) Class: 5093K(5376K)->5093K(5376K)
[2023-01-17T12:35:36.961-0400][7.960s] GC(8) Pause Young (Normal) (G1 Evacuation Pause) 325M->42M(512M) 12.244ms
[2023-01-17T12:35:36.961-0400][7.960s] GC(8) User=0.12s Sys=0.00s Real=0.01s
[2023-01-17T14:25:38.754-0400][6609.749s] GC(9) Pause Young (Normal) (G1 Evacuation Pause)
[2023-01-17T14:25:38.758-0400][6609.754s] GC(9) Using 8 workers of 8 for evacuation
[2023-01-17T14:25:38.973-0400][6609.969s] GC(9)   Pre Evacuate Collection Set: 2.9ms
[2023-01-17T14:25:38.973-0400][6609.969s] GC(9)   Merge Heap Roots: 1.6ms
[2023-01-17T14:25:38.973-0400][6609.969s] GC(9)   Evacuate Collection Set: 202.5ms
[2023-01-17T14:25:38.973-0400][6609.969s] GC(9)   Post Evacuate Collection Set: 6.1ms
[2023-01-17T14:25:38.973-0400][6609.969s] GC(9)   Other: 3.5ms
[2023-01-17T14:25:38.973-0400][6609.969s] GC(9) Eden regions: 283->0(276)
[2023-01-17T14:25:38.973-0400][6609.969s] GC(9) Survivor regions: 24->31(39)
[2023-01-17T14:25:38.973-0400][6609.969s] GC(9) Old regions: 15->19
[2023-01-17T14:25:38.973-0400][6609.969s] GC(9) Archive regions: 0->0
[2023-01-17T14:25:38.973-0400][6609.969s] GC(9) Humongous regions: 7->7
[2023-01-17T14:25:38.974-0400][6609.970s] GC(9) Metaspace: 49408K(50048K)->49408K(50048K) NonClass: 43469K(43840K)->43469K(43840K) Class: 5938K(6208K)->5938K(6208K)
[2023-01-17T14:25:38.975-0400][6609.970s] GC(9) Pause Young (Normal) (G1 Evacuation Pause) 328M->56M(512M) 220.863ms
[2023-01-17T14:25:38.975-0400][6609.970s] GC(9) User=0.05s Sys=0.23s Real=0.22s
[2023-01-17T16:03:02.020-0400][12453.016s] GC(10) Pause Young (Normal) (G1 Evacuation Pause)
[2023-01-17T16:03:02.021-0400][12453.016s] GC(10) Using 8 workers of 8 for evacuation
[2023-01-17T16:03:02.063-0400][12453.059s] GC(10)   Pre Evacuate Collection Set: 0.4ms
[2023-01-17T16:03:02.063-0400][12453.059s] GC(10)   Merge Heap Roots: 0.5ms
[2023-01-17T16:03:02.063-0400][12453.059s] GC(10)   Evacuate Collection Set: 40.6ms
[2023-01-17T16:03:02.063-0400][12453.059s] GC(10)   Post Evacuate Collection Set: 1.1ms
[2023-01-17T16:03:02.063-0400][12453.059s] GC(10)   Other: 0.2ms
[2023-01-17T16:03:02.063-0400][12453.059s] GC(10) Eden regions: 276->0(292)
[2023-01-17T16:03:02.063-0400][12453.059s] GC(10) Survivor regions: 31->15(39)
[2023-01-17T16:03:02.063-0400][12453.059s] GC(10) Old regions: 19->38
[2023-01-17T16:03:02.063-0400][12453.059s] GC(10) Archive regions: 0->0
[2023-01-17T16:03:02.063-0400][12453.059s] GC(10) Humongous regions: 7->7
[2023-01-17T16:03:02.063-0400][12453.059s] GC(10) Metaspace: 51153K(51840K)->51153K(51840K) NonClass: 45010K(45376K)->45010K(45376K) Class: 6143K(6464K)->6143K(6464K)
[2023-01-17T16:03:02.063-0400][12453.059s] GC(10) Pause Young (Normal) (G1 Evacuation Pause) 332M->59M(512M) 43.111ms
[2023-01-17T16:03:02.064-0400][12453.059s] GC(10) User=0.06s Sys=0.12s Real=0.04s
[2023-01-17T16:51:46.459-0400][15377.454s] GC(11) Pause Young (Normal) (G1 Evacuation Pause)
[2023-01-17T16:51:46.465-0400][15377.460s] GC(11) Using 8 workers of 8 for evacuation
[2023-01-17T16:51:46.530-0400][15377.526s] GC(11)   Pre Evacuate Collection Set: 3.7ms
[2023-01-17T16:51:46.530-0400][15377.526s] GC(11)   Merge Heap Roots: 2.4ms
[2023-01-17T16:51:46.530-0400][15377.526s] GC(11)   Evacuate Collection Set: 49.2ms
[2023-01-17T16:51:46.530-0400][15377.526s] GC(11)   Post Evacuate Collection Set: 6.6ms
[2023-01-17T16:51:46.531-0400][15377.526s] GC(11)   Other: 5.1ms
[2023-01-17T16:51:46.531-0400][15377.526s] GC(11) Eden regions: 292->0(292)
[2023-01-17T16:51:46.531-0400][15377.526s] GC(11) Survivor regions: 15->15(39)
[2023-01-17T16:51:46.531-0400][15377.526s] GC(11) Old regions: 38->38
[2023-01-17T16:51:46.531-0400][15377.526s] GC(11) Archive regions: 0->0
[2023-01-17T16:51:46.531-0400][15377.526s] GC(11) Humongous regions: 7->7
[2023-01-17T16:51:46.531-0400][15377.527s] GC(11) Metaspace: 51382K(52160K)->51382K(52160K) NonClass: 45229K(45632K)->45229K(45632K) Class: 6153K(6528K)->6153K(6528K)
[2023-01-17T16:51:46.532-0400][15377.527s] GC(11) Pause Young (Normal) (G1 Evacuation Pause) 351M->58M(512M) 72.907ms
[2023-01-17T16:51:46.532-0400][15377.527s] GC(11) User=0.02s Sys=0.12s Real=0.07s
