[2022-09-08T19:45:40.392-0400][0.013s] CardTable entry size: 512
[2022-09-08T19:45:40.392-0400][0.014s] Using G1
[2022-09-08T19:45:40.563-0400][0.184s] Version: 18.0.1.1+2-6 (release)
[2022-09-08T19:45:40.563-0400][0.184s] CPUs: 8 total, 8 available
[2022-09-08T19:45:40.563-0400][0.184s] Memory: 7987M
[2022-09-08T19:45:40.563-0400][0.184s] Large Page Support: Disabled
[2022-09-08T19:45:40.563-0400][0.184s] NUMA Support: Disabled
[2022-09-08T19:45:40.563-0400][0.184s] Compressed Oops: Enabled (32-bit)
[2022-09-08T19:45:40.563-0400][0.184s] Heap Region Size: 1M
[2022-09-08T19:45:40.563-0400][0.184s] Heap Min Capacity: 512M
[2022-09-08T19:45:40.563-0400][0.184s] Heap Initial Capacity: 512M
[2022-09-08T19:45:40.563-0400][0.184s] Heap Max Capacity: 512M
[2022-09-08T19:45:40.567-0400][0.186s] Pre-touch: Enabled
[2022-09-08T19:45:40.567-0400][0.186s] Parallel Workers: 8
[2022-09-08T19:45:40.567-0400][0.186s] Concurrent Workers: 2
[2022-09-08T19:45:40.567-0400][0.186s] Concurrent Refinement Workers: 8
[2022-09-08T19:45:40.567-0400][0.186s] Periodic GC: Disabled
[2022-09-08T19:45:40.569-0400][0.189s] CDS archive(s) mapped at: [0x0000000800000000-0x0000000800ba0000-0x0000000800ba0000), size 12189696, SharedBaseAddress: 0x0000000800000000, ArchiveRelocationMode: 0.
[2022-09-08T19:45:40.569-0400][0.189s] Compressed class space mapped at: 0x0000000800c00000-0x0000000840c00000, reserved size: 1073741824
[2022-09-08T19:45:40.569-0400][0.189s] Narrow klass base: 0x0000000800000000, Narrow klass shift: 0, Narrow klass range: 0x100000000
[2022-09-08T19:45:41.644-0400][1.263s] GC(0) Pause Young (Normal) (G1 Evacuation Pause)
[2022-09-08T19:45:41.645-0400][1.264s] GC(0) Using 8 workers of 8 for evacuation
[2022-09-08T19:45:41.652-0400][1.271s] GC(0)   Pre Evacuate Collection Set: 0.1ms
[2022-09-08T19:45:41.653-0400][1.271s] GC(0)   Merge Heap Roots: 0.0ms
[2022-09-08T19:45:41.653-0400][1.271s] GC(0)   Evacuate Collection Set: 6.0ms
[2022-09-08T19:45:41.653-0400][1.271s] GC(0)   Post Evacuate Collection Set: 0.7ms
[2022-09-08T19:45:41.653-0400][1.271s] GC(0)   Other: 1.0ms
[2022-09-08T19:45:41.653-0400][1.271s] GC(0) Eden regions: 29->0(41)
[2022-09-08T19:45:41.653-0400][1.271s] GC(0) Survivor regions: 0->4(4)
[2022-09-08T19:45:41.653-0400][1.271s] GC(0) Old regions: 0->0
[2022-09-08T19:45:41.653-0400][1.271s] GC(0) Archive regions: 0->0
[2022-09-08T19:45:41.653-0400][1.271s] GC(0) Humongous regions: 0->0
[2022-09-08T19:45:41.653-0400][1.272s] GC(0) Metaspace: 7217K(7360K)->7217K(7360K) NonClass: 6395K(6464K)->6395K(6464K) Class: 822K(896K)->822K(896K)
[2022-09-08T19:45:41.653-0400][1.272s] GC(0) Pause Young (Normal) (G1 Evacuation Pause) 29M->3M(512M) 8.650ms
[2022-09-08T19:45:41.653-0400][1.272s] GC(0) User=0.00s Sys=0.02s Real=0.01s
[2022-09-08T19:45:42.670-0400][2.290s] GC(1) Pause Young (Normal) (G1 Evacuation Pause)
[2022-09-08T19:45:42.671-0400][2.290s] GC(1) Using 8 workers of 8 for evacuation
[2022-09-08T19:45:42.681-0400][2.300s] GC(1)   Pre Evacuate Collection Set: 0.1ms
[2022-09-08T19:45:42.681-0400][2.300s] GC(1)   Merge Heap Roots: 0.0ms
[2022-09-08T19:45:42.681-0400][2.300s] GC(1)   Evacuate Collection Set: 8.6ms
[2022-09-08T19:45:42.681-0400][2.300s] GC(1)   Post Evacuate Collection Set: 1.1ms
[2022-09-08T19:45:42.681-0400][2.300s] GC(1)   Other: 0.1ms
[2022-09-08T19:45:42.681-0400][2.300s] GC(1) Eden regions: 41->0(73)
[2022-09-08T19:45:42.681-0400][2.300s] GC(1) Survivor regions: 4->6(6)
[2022-09-08T19:45:42.681-0400][2.300s] GC(1) Old regions: 0->9
[2022-09-08T19:45:42.681-0400][2.300s] GC(1) Archive regions: 0->0
[2022-09-08T19:45:42.681-0400][2.300s] GC(1) Humongous regions: 4->4
[2022-09-08T19:45:42.681-0400][2.300s] GC(1) Metaspace: 16402K(16768K)->16402K(16768K) NonClass: 14521K(14720K)->14521K(14720K) Class: 1881K(2048K)->1881K(2048K)
[2022-09-08T19:45:42.682-0400][2.300s] GC(1) Pause Young (Normal) (G1 Evacuation Pause) 48M->18M(512M) 10.665ms
[2022-09-08T19:45:42.682-0400][2.301s] GC(1) User=0.00s Sys=0.00s Real=0.01s
[2022-09-08T19:45:43.105-0400][2.724s] GC(2) Pause Young (Normal) (G1 Evacuation Pause)
[2022-09-08T19:45:43.105-0400][2.724s] GC(2) Using 8 workers of 8 for evacuation
[2022-09-08T19:45:43.109-0400][2.728s] GC(2)   Pre Evacuate Collection Set: 0.1ms
[2022-09-08T19:45:43.109-0400][2.728s] GC(2)   Merge Heap Roots: 0.0ms
[2022-09-08T19:45:43.109-0400][2.728s] GC(2)   Evacuate Collection Set: 3.3ms
[2022-09-08T19:45:43.109-0400][2.728s] GC(2)   Post Evacuate Collection Set: 0.4ms
[2022-09-08T19:45:43.109-0400][2.728s] GC(2)   Other: 0.1ms
[2022-09-08T19:45:43.109-0400][2.728s] GC(2) Eden regions: 73->0(302)
[2022-09-08T19:45:43.109-0400][2.728s] GC(2) Survivor regions: 6->5(10)
[2022-09-08T19:45:43.109-0400][2.728s] GC(2) Old regions: 9->15
[2022-09-08T19:45:43.109-0400][2.728s] GC(2) Archive regions: 0->0
[2022-09-08T19:45:43.109-0400][2.728s] GC(2) Humongous regions: 4->4
[2022-09-08T19:45:43.109-0400][2.728s] GC(2) Metaspace: 16756K(17088K)->16756K(17088K) NonClass: 14858K(15040K)->14858K(15040K) Class: 1897K(2048K)->1897K(2048K)
[2022-09-08T19:45:43.109-0400][2.728s] GC(2) Pause Young (Normal) (G1 Evacuation Pause) 91M->22M(512M) 4.529ms
[2022-09-08T19:45:43.110-0400][2.728s] GC(2) User=0.00s Sys=0.00s Real=0.00s
[2022-09-08T19:45:43.462-0400][3.081s] GC(3) Pause Young (Concurrent Start) (Metadata GC Threshold)
[2022-09-08T19:45:43.462-0400][3.081s] GC(3) Using 8 workers of 8 for evacuation
[2022-09-08T19:45:43.465-0400][3.084s] GC(3)   Pre Evacuate Collection Set: 0.1ms
[2022-09-08T19:45:43.465-0400][3.084s] GC(3)   Merge Heap Roots: 0.0ms
[2022-09-08T19:45:43.465-0400][3.084s] GC(3)   Evacuate Collection Set: 1.3ms
[2022-09-08T19:45:43.465-0400][3.084s] GC(3)   Post Evacuate Collection Set: 0.4ms
[2022-09-08T19:45:43.465-0400][3.084s] GC(3)   Other: 0.6ms
[2022-09-08T19:45:43.465-0400][3.084s] GC(3) Eden regions: 36->0(302)
[2022-09-08T19:45:43.465-0400][3.084s] GC(3) Survivor regions: 5->5(39)
[2022-09-08T19:45:43.465-0400][3.084s] GC(3) Old regions: 15->15
[2022-09-08T19:45:43.465-0400][3.084s] GC(3) Archive regions: 0->0
[2022-09-08T19:45:43.465-0400][3.084s] GC(3) Humongous regions: 4->4
[2022-09-08T19:45:43.465-0400][3.084s] GC(3) Metaspace: 21085K(21504K)->21085K(21504K) NonClass: 18746K(18944K)->18746K(18944K) Class: 2338K(2560K)->2338K(2560K)
[2022-09-08T19:45:43.465-0400][3.084s] GC(3) Pause Young (Concurrent Start) (Metadata GC Threshold) 58M->22M(512M) 2.702ms
[2022-09-08T19:45:43.465-0400][3.084s] GC(3) User=0.03s Sys=0.00s Real=0.00s
[2022-09-08T19:45:43.465-0400][3.084s] GC(4) Concurrent Mark Cycle
[2022-09-08T19:45:43.465-0400][3.084s] GC(4) Concurrent Clear Claimed Marks
[2022-09-08T19:45:43.465-0400][3.084s] GC(4) Concurrent Clear Claimed Marks 0.045ms
[2022-09-08T19:45:43.465-0400][3.084s] GC(4) Concurrent Scan Root Regions
[2022-09-08T19:45:43.467-0400][3.086s] GC(4) Concurrent Scan Root Regions 1.582ms
[2022-09-08T19:45:43.467-0400][3.086s] GC(4) Concurrent Mark
[2022-09-08T19:45:43.467-0400][3.086s] GC(4) Concurrent Mark From Roots
[2022-09-08T19:45:43.467-0400][3.086s] GC(4) Using 2 workers of 2 for marking
[2022-09-08T19:45:43.484-0400][3.103s] GC(4) Concurrent Mark From Roots 17.640ms
[2022-09-08T19:45:43.484-0400][3.103s] GC(4) Concurrent Preclean
[2022-09-08T19:45:43.484-0400][3.103s] GC(4) Concurrent Preclean 0.046ms
[2022-09-08T19:45:43.484-0400][3.104s] GC(4) Pause Remark
[2022-09-08T19:45:43.486-0400][3.105s] GC(4) Pause Remark 26M->26M(512M) 1.498ms
[2022-09-08T19:45:43.486-0400][3.105s] GC(4) User=0.00s Sys=0.00s Real=0.00s
[2022-09-08T19:45:43.486-0400][3.105s] GC(4) Concurrent Mark 19.554ms
[2022-09-08T19:45:43.486-0400][3.105s] GC(4) Concurrent Rebuild Remembered Sets
[2022-09-08T19:45:43.491-0400][3.111s] GC(4) Concurrent Rebuild Remembered Sets 5.591ms
[2022-09-08T19:45:43.492-0400][3.111s] GC(4) Pause Cleanup
[2022-09-08T19:45:43.492-0400][3.111s] GC(4) Pause Cleanup 27M->27M(512M) 0.102ms
[2022-09-08T19:45:43.492-0400][3.111s] GC(4) User=0.00s Sys=0.00s Real=0.00s
[2022-09-08T19:45:43.492-0400][3.111s] GC(4) Concurrent Cleanup for Next Mark
[2022-09-08T19:45:43.493-0400][3.112s] GC(4) Concurrent Cleanup for Next Mark 0.786ms
[2022-09-08T19:45:43.493-0400][3.112s] GC(4) Concurrent Mark Cycle 28.583ms
[2022-09-08T19:45:45.529-0400][5.148s] GC(5) Pause Young (Prepare Mixed) (Metadata GC Threshold)
[2022-09-08T19:45:45.529-0400][5.148s] GC(5) Using 8 workers of 8 for evacuation
[2022-09-08T19:45:45.535-0400][5.154s] GC(5)   Pre Evacuate Collection Set: 0.1ms
[2022-09-08T19:45:45.535-0400][5.154s] GC(5)   Merge Heap Roots: 0.1ms
[2022-09-08T19:45:45.535-0400][5.154s] GC(5)   Evacuate Collection Set: 5.1ms
[2022-09-08T19:45:45.535-0400][5.154s] GC(5)   Post Evacuate Collection Set: 0.7ms
[2022-09-08T19:45:45.535-0400][5.154s] GC(5)   Other: 0.1ms
[2022-09-08T19:45:45.535-0400][5.154s] GC(5) Eden regions: 248->0(13)
[2022-09-08T19:45:45.535-0400][5.155s] GC(5) Survivor regions: 5->12(39)
[2022-09-08T19:45:45.535-0400][5.155s] GC(5) Old regions: 15->15
[2022-09-08T19:45:45.535-0400][5.155s] GC(5) Archive regions: 0->0
[2022-09-08T19:45:45.535-0400][5.155s] GC(5) Humongous regions: 5->4
[2022-09-08T19:45:45.535-0400][5.155s] GC(5) Metaspace: 36060K(36480K)->36060K(36480K) NonClass: 31866K(32064K)->31866K(32064K) Class: 4193K(4416K)->4193K(4416K)
[2022-09-08T19:45:45.535-0400][5.155s] GC(5) Pause Young (Prepare Mixed) (Metadata GC Threshold) 271M->30M(512M) 6.308ms
[2022-09-08T19:45:45.535-0400][5.155s] GC(5) User=0.00s Sys=0.00s Real=0.01s
[2022-09-08T19:45:45.550-0400][5.169s] GC(6) Pause Young (Mixed) (Metadata GC Threshold)
[2022-09-08T19:45:45.550-0400][5.169s] GC(6) Using 8 workers of 8 for evacuation
[2022-09-08T19:45:45.554-0400][5.173s] GC(6)   Pre Evacuate Collection Set: 0.0ms
[2022-09-08T19:45:45.554-0400][5.173s] GC(6)   Merge Heap Roots: 0.0ms
[2022-09-08T19:45:45.554-0400][5.173s] GC(6)   Evacuate Collection Set: 3.8ms
[2022-09-08T19:45:45.554-0400][5.173s] GC(6)   Post Evacuate Collection Set: 0.3ms
[2022-09-08T19:45:45.554-0400][5.173s] GC(6)   Other: 0.1ms
[2022-09-08T19:45:45.554-0400][5.173s] GC(6) Eden regions: 4->0(306)
[2022-09-08T19:45:45.554-0400][5.173s] GC(6) Survivor regions: 12->1(4)
[2022-09-08T19:45:45.554-0400][5.173s] GC(6) Old regions: 15->26
[2022-09-08T19:45:45.554-0400][5.173s] GC(6) Archive regions: 0->0
[2022-09-08T19:45:45.554-0400][5.173s] GC(6) Humongous regions: 4->4
[2022-09-08T19:45:45.554-0400][5.173s] GC(6) Metaspace: 36348K(36800K)->36348K(36800K) NonClass: 32116K(32320K)->32116K(32320K) Class: 4231K(4480K)->4231K(4480K)
[2022-09-08T19:45:45.554-0400][5.174s] GC(6) Pause Young (Mixed) (Metadata GC Threshold) 33M->30M(512M) 4.511ms
[2022-09-08T19:45:45.554-0400][5.174s] GC(6) User=0.00s Sys=0.00s Real=0.00s
[2022-09-08T19:45:45.569-0400][5.189s] GC(7) Pause Young (Concurrent Start) (Metadata GC Threshold)
[2022-09-08T19:45:45.569-0400][5.189s] GC(7) Using 8 workers of 8 for evacuation
[2022-09-08T19:45:45.570-0400][5.189s] GC(7)   Pre Evacuate Collection Set: 0.1ms
[2022-09-08T19:45:45.570-0400][5.190s] GC(7)   Merge Heap Roots: 0.0ms
[2022-09-08T19:45:45.570-0400][5.190s] GC(7)   Evacuate Collection Set: 0.5ms
[2022-09-08T19:45:45.570-0400][5.190s] GC(7)   Post Evacuate Collection Set: 0.2ms
[2022-09-08T19:45:45.570-0400][5.190s] GC(7)   Other: 0.1ms
[2022-09-08T19:45:45.570-0400][5.190s] GC(7) Eden regions: 4->0(306)
[2022-09-08T19:45:45.570-0400][5.190s] GC(7) Survivor regions: 1->1(39)
[2022-09-08T19:45:45.570-0400][5.190s] GC(7) Old regions: 26->26
[2022-09-08T19:45:45.570-0400][5.190s] GC(7) Archive regions: 0->0
[2022-09-08T19:45:45.570-0400][5.190s] GC(7) Humongous regions: 4->4
[2022-09-08T19:45:45.570-0400][5.190s] GC(7) Metaspace: 36678K(37120K)->36678K(37120K) NonClass: 32410K(32640K)->32410K(32640K) Class: 4267K(4480K)->4267K(4480K)
[2022-09-08T19:45:45.571-0400][5.190s] GC(7) Pause Young (Concurrent Start) (Metadata GC Threshold) 34M->30M(512M) 1.124ms
[2022-09-08T19:45:45.571-0400][5.190s] GC(8) Concurrent Mark Cycle
[2022-09-08T19:45:45.571-0400][5.190s] GC(7) User=0.00s Sys=0.00s Real=0.00s
[2022-09-08T19:45:45.571-0400][5.190s] GC(8) Concurrent Clear Claimed Marks
[2022-09-08T19:45:45.571-0400][5.190s] GC(8) Concurrent Clear Claimed Marks 0.049ms
[2022-09-08T19:45:45.571-0400][5.190s] GC(8) Concurrent Scan Root Regions
[2022-09-08T19:45:45.571-0400][5.190s] GC(8) Concurrent Scan Root Regions 0.559ms
[2022-09-08T19:45:45.571-0400][5.191s] GC(8) Concurrent Mark
[2022-09-08T19:45:45.571-0400][5.191s] GC(8) Concurrent Mark From Roots
[2022-09-08T19:45:45.571-0400][5.191s] GC(8) Using 2 workers of 2 for marking
[2022-09-08T19:45:45.590-0400][5.209s] GC(8) Concurrent Mark From Roots 18.440ms
[2022-09-08T19:45:45.590-0400][5.209s] GC(8) Concurrent Preclean
[2022-09-08T19:45:45.590-0400][5.209s] GC(8) Concurrent Preclean 0.077ms
[2022-09-08T19:45:45.590-0400][5.209s] GC(8) Pause Remark
[2022-09-08T19:45:45.591-0400][5.211s] GC(8) Pause Remark 35M->35M(512M) 1.726ms
[2022-09-08T19:45:45.592-0400][5.211s] GC(8) User=0.00s Sys=0.00s Real=0.00s
[2022-09-08T19:45:45.592-0400][5.211s] GC(8) Concurrent Mark 20.486ms
[2022-09-08T19:45:45.592-0400][5.211s] GC(8) Concurrent Rebuild Remembered Sets
[2022-09-08T19:45:45.603-0400][5.223s] GC(8) Concurrent Rebuild Remembered Sets 11.806ms
[2022-09-08T19:45:45.604-0400][5.223s] GC(8) Pause Cleanup
[2022-09-08T19:45:45.604-0400][5.223s] GC(8) Pause Cleanup 37M->37M(512M) 0.131ms
[2022-09-08T19:45:45.604-0400][5.223s] GC(8) User=0.00s Sys=0.00s Real=0.00s
[2022-09-08T19:45:45.604-0400][5.223s] GC(8) Concurrent Cleanup for Next Mark
[2022-09-08T19:45:45.604-0400][5.224s] GC(8) Concurrent Cleanup for Next Mark 0.737ms
[2022-09-08T19:45:45.604-0400][5.224s] GC(8) Concurrent Mark Cycle 34.319ms
[2022-09-08T21:23:29.316-0400][5868.934s] GC(9) Pause Young (Normal) (G1 Evacuation Pause)
[2022-09-08T21:23:29.320-0400][5868.939s] GC(9) Using 8 workers of 8 for evacuation
[2022-09-08T21:23:29.456-0400][5869.075s] GC(9)   Pre Evacuate Collection Set: 4.1ms
[2022-09-08T21:23:29.456-0400][5869.075s] GC(9)   Merge Heap Roots: 1.8ms
[2022-09-08T21:23:29.456-0400][5869.075s] GC(9)   Evacuate Collection Set: 124.7ms
[2022-09-08T21:23:29.456-0400][5869.075s] GC(9)   Post Evacuate Collection Set: 3.3ms
[2022-09-08T21:23:29.456-0400][5869.075s] GC(9)   Other: 3.8ms
[2022-09-08T21:23:29.456-0400][5869.075s] GC(9) Eden regions: 306->0(292)
[2022-09-08T21:23:29.456-0400][5869.075s] GC(9) Survivor regions: 1->15(39)
[2022-09-08T21:23:29.456-0400][5869.075s] GC(9) Old regions: 26->26
[2022-09-08T21:23:29.456-0400][5869.075s] GC(9) Archive regions: 0->0
[2022-09-08T21:23:29.456-0400][5869.075s] GC(9) Humongous regions: 7->7
[2022-09-08T21:23:29.456-0400][5869.075s] GC(9) Metaspace: 49877K(50496K)->49877K(50496K) NonClass: 44012K(44352K)->44012K(44352K) Class: 5864K(6144K)->5864K(6144K)
[2022-09-08T21:23:29.457-0400][5869.075s] GC(9) Pause Young (Normal) (G1 Evacuation Pause) 339M->46M(512M) 141.213ms
[2022-09-08T21:23:29.457-0400][5869.075s] GC(9) User=0.09s Sys=0.31s Real=0.14s
