[2022-07-03T08:01:05.816-0400][0.012s] CardTable entry size: 512
[2022-07-03T08:01:05.816-0400][0.013s] Using G1
[2022-07-03T08:01:05.946-0400][0.157s] Version: 18.0.1.1+2-6 (release)
[2022-07-03T08:01:05.946-0400][0.157s] CPUs: 8 total, 8 available
[2022-07-03T08:01:05.946-0400][0.157s] Memory: 7987M
[2022-07-03T08:01:05.946-0400][0.157s] Large Page Support: Disabled
[2022-07-03T08:01:05.946-0400][0.157s] NUMA Support: Disabled
[2022-07-03T08:01:05.946-0400][0.157s] Compressed Oops: Enabled (32-bit)
[2022-07-03T08:01:05.946-0400][0.157s] Heap Region Size: 1M
[2022-07-03T08:01:05.946-0400][0.157s] Heap Min Capacity: 512M
[2022-07-03T08:01:05.946-0400][0.157s] Heap Initial Capacity: 512M
[2022-07-03T08:01:05.946-0400][0.157s] Heap Max Capacity: 512M
[2022-07-03T08:01:05.946-0400][0.157s] Pre-touch: Enabled
[2022-07-03T08:01:05.946-0400][0.157s] Parallel Workers: 8
[2022-07-03T08:01:05.946-0400][0.157s] Concurrent Workers: 2
[2022-07-03T08:01:05.946-0400][0.157s] Concurrent Refinement Workers: 8
[2022-07-03T08:01:05.946-0400][0.157s] Periodic GC: Disabled
[2022-07-03T08:01:05.962-0400][0.158s] CDS archive(s) mapped at: [0x0000000800000000-0x0000000800ba0000-0x0000000800ba0000), size 12189696, SharedBaseAddress: 0x0000000800000000, ArchiveRelocationMode: 0.
[2022-07-03T08:01:05.962-0400][0.158s] Compressed class space mapped at: 0x0000000800c00000-0x0000000840c00000, reserved size: 1073741824
[2022-07-03T08:01:05.962-0400][0.158s] Narrow klass base: 0x0000000800000000, Narrow klass shift: 0, Narrow klass range: 0x100000000
[2022-07-03T08:01:11.428-0400][5.633s] GC(0) Pause Young (Normal) (G1 Evacuation Pause)
[2022-07-03T08:01:11.428-0400][5.633s] GC(0) Using 8 workers of 8 for evacuation
[2022-07-03T08:01:11.428-0400][5.637s] GC(0)   Pre Evacuate Collection Set: 0.1ms
[2022-07-03T08:01:11.428-0400][5.637s] GC(0)   Merge Heap Roots: 0.3ms
[2022-07-03T08:01:11.428-0400][5.637s] GC(0)   Evacuate Collection Set: 2.6ms
[2022-07-03T08:01:11.428-0400][5.637s] GC(0)   Post Evacuate Collection Set: 0.9ms
[2022-07-03T08:01:11.428-0400][5.637s] GC(0)   Other: 0.4ms
[2022-07-03T08:01:11.428-0400][5.637s] GC(0) Eden regions: 29->0(40)
[2022-07-03T08:01:11.428-0400][5.637s] GC(0) Survivor regions: 0->4(4)
[2022-07-03T08:01:11.428-0400][5.637s] GC(0) Old regions: 0->1
[2022-07-03T08:01:11.428-0400][5.637s] GC(0) Archive regions: 0->0
[2022-07-03T08:01:11.428-0400][5.637s] GC(0) Humongous regions: 0->0
[2022-07-03T08:01:11.428-0400][5.637s] GC(0) Metaspace: 9532K(9728K)->9532K(9728K) NonClass: 8451K(8576K)->8451K(8576K) Class: 1080K(1152K)->1080K(1152K)
[2022-07-03T08:01:11.428-0400][5.637s] GC(0) Pause Young (Normal) (G1 Evacuation Pause) 29M->4M(512M) 4.718ms
[2022-07-03T08:01:11.428-0400][5.637s] GC(0) User=0.00s Sys=0.00s Real=0.00s
[2022-07-03T08:01:12.009-0400][6.213s] GC(1) Pause Young (Normal) (G1 Evacuation Pause)
[2022-07-03T08:01:12.009-0400][6.213s] GC(1) Using 8 workers of 8 for evacuation
[2022-07-03T08:01:12.024-0400][6.220s] GC(1)   Pre Evacuate Collection Set: 0.1ms
[2022-07-03T08:01:12.024-0400][6.220s] GC(1)   Merge Heap Roots: 0.1ms
[2022-07-03T08:01:12.024-0400][6.220s] GC(1)   Evacuate Collection Set: 6.7ms
[2022-07-03T08:01:12.024-0400][6.220s] GC(1)   Post Evacuate Collection Set: 0.6ms
[2022-07-03T08:01:12.024-0400][6.220s] GC(1)   Other: 0.1ms
[2022-07-03T08:01:12.024-0400][6.220s] GC(1) Eden regions: 38->0(99)
[2022-07-03T08:01:12.024-0400][6.220s] GC(1) Survivor regions: 4->6(6)
[2022-07-03T08:01:12.024-0400][6.220s] GC(1) Old regions: 1->9
[2022-07-03T08:01:12.024-0400][6.220s] GC(1) Archive regions: 0->0
[2022-07-03T08:01:12.024-0400][6.220s] GC(1) Humongous regions: 4->4
[2022-07-03T08:01:12.024-0400][6.221s] GC(1) Metaspace: 16371K(16704K)->16371K(16704K) NonClass: 14490K(14656K)->14490K(14656K) Class: 1881K(2048K)->1881K(2048K)
[2022-07-03T08:01:12.024-0400][6.221s] GC(1) Pause Young (Normal) (G1 Evacuation Pause) 46M->18M(512M) 7.860ms
[2022-07-03T08:01:12.024-0400][6.221s] GC(1) User=0.09s Sys=0.00s Real=0.01s
[2022-07-03T08:01:12.621-0400][6.817s] GC(2) Pause Young (Concurrent Start) (Metadata GC Threshold)
[2022-07-03T08:01:12.621-0400][6.817s] GC(2) Using 8 workers of 8 for evacuation
[2022-07-03T08:01:12.626-0400][6.822s] GC(2)   Pre Evacuate Collection Set: 0.1ms
[2022-07-03T08:01:12.626-0400][6.822s] GC(2)   Merge Heap Roots: 0.0ms
[2022-07-03T08:01:12.626-0400][6.822s] GC(2)   Evacuate Collection Set: 3.5ms
[2022-07-03T08:01:12.626-0400][6.822s] GC(2)   Post Evacuate Collection Set: 1.1ms
[2022-07-03T08:01:12.626-0400][6.822s] GC(2)   Other: 0.1ms
[2022-07-03T08:01:12.626-0400][6.822s] GC(2) Eden regions: 80->0(296)
[2022-07-03T08:01:12.626-0400][6.822s] GC(2) Survivor regions: 6->11(14)
[2022-07-03T08:01:12.626-0400][6.822s] GC(2) Old regions: 9->9
[2022-07-03T08:01:12.626-0400][6.822s] GC(2) Archive regions: 0->0
[2022-07-03T08:01:12.626-0400][6.822s] GC(2) Humongous regions: 4->4
[2022-07-03T08:01:12.626-0400][6.822s] GC(2) Metaspace: 21115K(21504K)->21115K(21504K) NonClass: 18775K(18944K)->18775K(18944K) Class: 2340K(2560K)->2340K(2560K)
[2022-07-03T08:01:12.626-0400][6.822s] GC(2) Pause Young (Concurrent Start) (Metadata GC Threshold) 97M->22M(512M) 5.330ms
[2022-07-03T08:01:12.626-0400][6.822s] GC(3) Concurrent Mark Cycle
[2022-07-03T08:01:12.626-0400][6.822s] GC(2) User=0.00s Sys=0.00s Real=0.00s
[2022-07-03T08:01:12.626-0400][6.822s] GC(3) Concurrent Clear Claimed Marks
[2022-07-03T08:01:12.626-0400][6.822s] GC(3) Concurrent Clear Claimed Marks 0.054ms
[2022-07-03T08:01:12.626-0400][6.822s] GC(3) Concurrent Scan Root Regions
[2022-07-03T08:01:12.631-0400][6.827s] GC(3) Concurrent Scan Root Regions 4.962ms
[2022-07-03T08:01:12.631-0400][6.827s] GC(3) Concurrent Mark
[2022-07-03T08:01:12.631-0400][6.827s] GC(3) Concurrent Mark From Roots
[2022-07-03T08:01:12.631-0400][6.827s] GC(3) Using 2 workers of 2 for marking
[2022-07-03T08:01:12.639-0400][6.837s] GC(3) Concurrent Mark From Roots 10.105ms
[2022-07-03T08:01:12.639-0400][6.838s] GC(3) Concurrent Preclean
[2022-07-03T08:01:12.642-0400][6.838s] GC(3) Concurrent Preclean 0.097ms
[2022-07-03T08:01:12.642-0400][6.838s] GC(3) Pause Remark
[2022-07-03T08:01:12.644-0400][6.840s] GC(3) Pause Remark 24M->24M(512M) 1.673ms
[2022-07-03T08:01:12.644-0400][6.840s] GC(3) User=0.00s Sys=0.00s Real=0.00s
[2022-07-03T08:01:12.644-0400][6.840s] GC(3) Concurrent Mark 12.348ms
[2022-07-03T08:01:12.644-0400][6.840s] GC(3) Concurrent Rebuild Remembered Sets
[2022-07-03T08:01:12.648-0400][6.844s] GC(3) Concurrent Rebuild Remembered Sets 4.691ms
[2022-07-03T08:01:12.649-0400][6.845s] GC(3) Pause Cleanup
[2022-07-03T08:01:12.649-0400][6.845s] GC(3) Pause Cleanup 24M->24M(512M) 0.120ms
[2022-07-03T08:01:12.649-0400][6.845s] GC(3) User=0.00s Sys=0.00s Real=0.00s
[2022-07-03T08:01:12.649-0400][6.845s] GC(3) Concurrent Cleanup for Next Mark
[2022-07-03T08:01:12.649-0400][6.846s] GC(3) Concurrent Cleanup for Next Mark 0.907ms
[2022-07-03T08:01:12.649-0400][6.846s] GC(3) Concurrent Mark Cycle 23.612ms
[2022-07-03T08:01:33.421-0400][27.617s] GC(4) Pause Young (Concurrent Start) (Metadata GC Threshold)
[2022-07-03T08:01:33.421-0400][27.617s] GC(4) Using 8 workers of 8 for evacuation
[2022-07-03T08:01:33.431-0400][27.628s] GC(4)   Pre Evacuate Collection Set: 0.2ms
[2022-07-03T08:01:33.431-0400][27.628s] GC(4)   Merge Heap Roots: 0.1ms
[2022-07-03T08:01:33.431-0400][27.628s] GC(4)   Evacuate Collection Set: 9.2ms
[2022-07-03T08:01:33.432-0400][27.628s] GC(4)   Post Evacuate Collection Set: 0.9ms
[2022-07-03T08:01:33.432-0400][27.628s] GC(4)   Other: 0.2ms
[2022-07-03T08:01:33.432-0400][27.628s] GC(4) Eden regions: 193->0(289)
[2022-07-03T08:01:33.432-0400][27.628s] GC(4) Survivor regions: 11->18(39)
[2022-07-03T08:01:33.432-0400][27.628s] GC(4) Old regions: 9->9
[2022-07-03T08:01:33.432-0400][27.628s] GC(4) Archive regions: 0->0
[2022-07-03T08:01:33.432-0400][27.628s] GC(4) Humongous regions: 5->4
[2022-07-03T08:01:33.432-0400][27.628s] GC(4) Metaspace: 35799K(36288K)->35799K(36288K) NonClass: 31636K(31936K)->31636K(31936K) Class: 4163K(4352K)->4163K(4352K)
[2022-07-03T08:01:33.432-0400][27.628s] GC(4) Pause Young (Concurrent Start) (Metadata GC Threshold) 216M->29M(512M) 11.142ms
[2022-07-03T08:01:33.432-0400][27.628s] GC(5) Concurrent Mark Cycle
[2022-07-03T08:01:33.432-0400][27.628s] GC(4) User=0.12s Sys=0.00s Real=0.01s
[2022-07-03T08:01:33.432-0400][27.628s] GC(5) Concurrent Clear Claimed Marks
[2022-07-03T08:01:33.432-0400][27.628s] GC(5) Concurrent Clear Claimed Marks 0.116ms
[2022-07-03T08:01:33.432-0400][27.628s] GC(5) Concurrent Scan Root Regions
[2022-07-03T08:01:33.440-0400][27.636s] GC(5) Concurrent Scan Root Regions 7.540ms
[2022-07-03T08:01:33.440-0400][27.636s] GC(5) Concurrent Mark
[2022-07-03T08:01:33.440-0400][27.636s] GC(5) Concurrent Mark From Roots
[2022-07-03T08:01:33.440-0400][27.636s] GC(5) Using 2 workers of 2 for marking
[2022-07-03T08:01:33.456-0400][27.652s] GC(5) Concurrent Mark From Roots 16.042ms
[2022-07-03T08:01:33.456-0400][27.652s] GC(5) Concurrent Preclean
[2022-07-03T08:01:33.456-0400][27.652s] GC(5) Concurrent Preclean 0.046ms
[2022-07-03T08:01:33.456-0400][27.652s] GC(5) Pause Remark
[2022-07-03T08:01:33.460-0400][27.656s] GC(5) Pause Remark 31M->31M(512M) 3.353ms
[2022-07-03T08:01:33.460-0400][27.656s] GC(5) User=0.11s Sys=0.00s Real=0.00s
[2022-07-03T08:01:33.460-0400][27.656s] GC(5) Concurrent Mark 19.900ms
[2022-07-03T08:01:33.460-0400][27.656s] GC(5) Concurrent Rebuild Remembered Sets
[2022-07-03T08:01:33.470-0400][27.666s] GC(5) Concurrent Rebuild Remembered Sets 10.051ms
[2022-07-03T08:01:33.470-0400][27.666s] GC(5) Pause Cleanup
[2022-07-03T08:01:33.470-0400][27.666s] GC(5) Pause Cleanup 32M->32M(512M) 0.122ms
[2022-07-03T08:01:33.470-0400][27.666s] GC(5) User=0.00s Sys=0.00s Real=0.00s
[2022-07-03T08:01:33.470-0400][27.666s] GC(5) Concurrent Cleanup for Next Mark
[2022-07-03T08:01:33.471-0400][27.667s] GC(5) Concurrent Cleanup for Next Mark 0.880ms
[2022-07-03T08:01:33.471-0400][27.667s] GC(5) Concurrent Mark Cycle 39.258ms
[2022-07-03T08:10:35.510-0400][569.706s] Heap
[2022-07-03T08:10:35.510-0400][569.706s]  garbage-first heap   total 524288K, used 223417K [0x00000000e0000000, 0x0000000100000000)
[2022-07-03T08:10:35.510-0400][569.706s]   region size 1024K, 207 young (211968K), 18 survivors (18432K)
[2022-07-03T08:10:35.510-0400][569.706s]  Metaspace       used 46599K, committed 47104K, reserved 1114112K
[2022-07-03T08:10:35.510-0400][569.706s]   class space    used 5519K, committed 5760K, reserved 1048576K
