[2022-10-07T08:34:24.714-0400][0.014s] CardTable entry size: 512
[2022-10-07T08:34:24.729-0400][0.015s] Using G1
[2022-10-07T08:34:24.857-0400][0.144s] Version: 18.0.1.1+2-6 (release)
[2022-10-07T08:34:24.857-0400][0.144s] CPUs: 8 total, 8 available
[2022-10-07T08:34:24.857-0400][0.144s] Memory: 7582M
[2022-10-07T08:34:24.857-0400][0.144s] Large Page Support: Disabled
[2022-10-07T08:34:24.857-0400][0.144s] NUMA Support: Disabled
[2022-10-07T08:34:24.857-0400][0.144s] Compressed Oops: Enabled (32-bit)
[2022-10-07T08:34:24.857-0400][0.144s] Heap Region Size: 1M
[2022-10-07T08:34:24.857-0400][0.144s] Heap Min Capacity: 512M
[2022-10-07T08:34:24.857-0400][0.144s] Heap Initial Capacity: 512M
[2022-10-07T08:34:24.857-0400][0.144s] Heap Max Capacity: 512M
[2022-10-07T08:34:24.857-0400][0.145s] Pre-touch: Enabled
[2022-10-07T08:34:24.857-0400][0.145s] Parallel Workers: 8
[2022-10-07T08:34:24.857-0400][0.145s] Concurrent Workers: 2
[2022-10-07T08:34:24.857-0400][0.145s] Concurrent Refinement Workers: 8
[2022-10-07T08:34:24.857-0400][0.145s] Periodic GC: Disabled
[2022-10-07T08:34:24.857-0400][0.145s] CDS archive(s) mapped at: [0x0000000800000000-0x0000000800ba0000-0x0000000800ba0000), size 12189696, SharedBaseAddress: 0x0000000800000000, ArchiveRelocationMode: 0.
[2022-10-07T08:34:24.857-0400][0.145s] Compressed class space mapped at: 0x0000000800c00000-0x0000000840c00000, reserved size: 1073741824
[2022-10-07T08:34:24.857-0400][0.145s] Narrow klass base: 0x0000000800000000, Narrow klass shift: 0, Narrow klass range: 0x100000000
[2022-10-07T08:34:25.641-0400][0.926s] GC(0) Pause Young (Normal) (G1 Evacuation Pause)
[2022-10-07T08:34:25.641-0400][0.927s] GC(0) Using 8 workers of 8 for evacuation
[2022-10-07T08:34:25.644-0400][0.930s] GC(0)   Pre Evacuate Collection Set: 0.1ms
[2022-10-07T08:34:25.644-0400][0.930s] GC(0)   Merge Heap Roots: 0.0ms
[2022-10-07T08:34:25.644-0400][0.930s] GC(0)   Evacuate Collection Set: 2.3ms
[2022-10-07T08:34:25.644-0400][0.930s] GC(0)   Post Evacuate Collection Set: 0.5ms
[2022-10-07T08:34:25.644-0400][0.930s] GC(0)   Other: 0.4ms
[2022-10-07T08:34:25.644-0400][0.930s] GC(0) Eden regions: 29->0(43)
[2022-10-07T08:34:25.644-0400][0.930s] GC(0) Survivor regions: 0->4(4)
[2022-10-07T08:34:25.644-0400][0.930s] GC(0) Old regions: 0->0
[2022-10-07T08:34:25.644-0400][0.930s] GC(0) Archive regions: 0->0
[2022-10-07T08:34:25.644-0400][0.930s] GC(0) Humongous regions: 0->0
[2022-10-07T08:34:25.644-0400][0.930s] GC(0) Metaspace: 6781K(6976K)->6781K(6976K) NonClass: 6011K(6144K)->6011K(6144K) Class: 770K(832K)->770K(832K)
[2022-10-07T08:34:25.644-0400][0.930s] GC(0) Pause Young (Normal) (G1 Evacuation Pause) 29M->3M(512M) 3.671ms
[2022-10-07T08:34:25.644-0400][0.930s] GC(0) User=0.00s Sys=0.00s Real=0.00s
[2022-10-07T08:34:26.647-0400][1.932s] GC(1) Pause Young (Normal) (G1 Evacuation Pause)
[2022-10-07T08:34:26.647-0400][1.932s] GC(1) Using 8 workers of 8 for evacuation
[2022-10-07T08:34:26.654-0400][1.940s] GC(1)   Pre Evacuate Collection Set: 0.1ms
[2022-10-07T08:34:26.654-0400][1.940s] GC(1)   Merge Heap Roots: 0.0ms
[2022-10-07T08:34:26.654-0400][1.940s] GC(1)   Evacuate Collection Set: 6.9ms
[2022-10-07T08:34:26.655-0400][1.940s] GC(1)   Post Evacuate Collection Set: 0.7ms
[2022-10-07T08:34:26.655-0400][1.940s] GC(1)   Other: 0.1ms
[2022-10-07T08:34:26.655-0400][1.940s] GC(1) Eden regions: 43->0(94)
[2022-10-07T08:34:26.655-0400][1.940s] GC(1) Survivor regions: 4->6(6)
[2022-10-07T08:34:26.655-0400][1.940s] GC(1) Old regions: 0->8
[2022-10-07T08:34:26.655-0400][1.940s] GC(1) Archive regions: 0->0
[2022-10-07T08:34:26.655-0400][1.940s] GC(1) Humongous regions: 4->4
[2022-10-07T08:34:26.655-0400][1.940s] GC(1) Metaspace: 15572K(15872K)->15572K(15872K) NonClass: 13785K(13952K)->13785K(13952K) Class: 1787K(1920K)->1787K(1920K)
[2022-10-07T08:34:26.655-0400][1.940s] GC(1) Pause Young (Normal) (G1 Evacuation Pause) 50M->17M(512M) 7.959ms
[2022-10-07T08:34:26.655-0400][1.940s] GC(1) User=0.02s Sys=0.00s Real=0.01s
[2022-10-07T08:34:27.058-0400][2.343s] GC(2) Pause Young (Normal) (G1 Evacuation Pause)
[2022-10-07T08:34:27.058-0400][2.343s] GC(2) Using 8 workers of 8 for evacuation
[2022-10-07T08:34:27.058-0400][2.347s] GC(2)   Pre Evacuate Collection Set: 0.1ms
[2022-10-07T08:34:27.058-0400][2.347s] GC(2)   Merge Heap Roots: 0.1ms
[2022-10-07T08:34:27.058-0400][2.347s] GC(2)   Evacuate Collection Set: 3.2ms
[2022-10-07T08:34:27.058-0400][2.347s] GC(2)   Post Evacuate Collection Set: 0.5ms
[2022-10-07T08:34:27.058-0400][2.347s] GC(2)   Other: 0.1ms
[2022-10-07T08:34:27.058-0400][2.347s] GC(2) Eden regions: 89->0(296)
[2022-10-07T08:34:27.058-0400][2.347s] GC(2) Survivor regions: 6->11(12)
[2022-10-07T08:34:27.058-0400][2.347s] GC(2) Old regions: 8->8
[2022-10-07T08:34:27.058-0400][2.347s] GC(2) Archive regions: 0->0
[2022-10-07T08:34:27.058-0400][2.347s] GC(2) Humongous regions: 4->4
[2022-10-07T08:34:27.058-0400][2.347s] GC(2) Metaspace: 16574K(16896K)->16574K(16896K) NonClass: 14687K(14848K)->14687K(14848K) Class: 1887K(2048K)->1887K(2048K)
[2022-10-07T08:34:27.058-0400][2.347s] GC(2) Pause Young (Normal) (G1 Evacuation Pause) 106M->21M(512M) 4.141ms
[2022-10-07T08:34:27.058-0400][2.347s] GC(2) User=0.00s Sys=0.00s Real=0.00s
[2022-10-07T08:34:27.619-0400][2.904s] GC(3) Pause Young (Concurrent Start) (Metadata GC Threshold)
[2022-10-07T08:34:27.619-0400][2.905s] GC(3) Using 8 workers of 8 for evacuation
[2022-10-07T08:34:27.624-0400][2.910s] GC(3)   Pre Evacuate Collection Set: 0.2ms
[2022-10-07T08:34:27.624-0400][2.910s] GC(3)   Merge Heap Roots: 0.0ms
[2022-10-07T08:34:27.625-0400][2.910s] GC(3)   Evacuate Collection Set: 4.2ms
[2022-10-07T08:34:27.625-0400][2.910s] GC(3)   Post Evacuate Collection Set: 0.7ms
[2022-10-07T08:34:27.625-0400][2.910s] GC(3)   Other: 0.1ms
[2022-10-07T08:34:27.625-0400][2.910s] GC(3) Eden regions: 127->0(295)
[2022-10-07T08:34:27.625-0400][2.910s] GC(3) Survivor regions: 11->12(39)
[2022-10-07T08:34:27.625-0400][2.910s] GC(3) Old regions: 8->8
[2022-10-07T08:34:27.625-0400][2.910s] GC(3) Archive regions: 0->0
[2022-10-07T08:34:27.625-0400][2.910s] GC(3) Humongous regions: 4->4
[2022-10-07T08:34:27.625-0400][2.910s] GC(3) Metaspace: 21109K(21504K)->21109K(21504K) NonClass: 18769K(19008K)->18769K(19008K) Class: 2339K(2496K)->2339K(2496K)
[2022-10-07T08:34:27.625-0400][2.910s] GC(3) Pause Young (Concurrent Start) (Metadata GC Threshold) 148M->22M(512M) 5.532ms
[2022-10-07T08:34:27.625-0400][2.910s] GC(3) User=0.11s Sys=0.00s Real=0.01s
[2022-10-07T08:34:27.625-0400][2.910s] GC(4) Concurrent Mark Cycle
[2022-10-07T08:34:27.625-0400][2.910s] GC(4) Concurrent Clear Claimed Marks
[2022-10-07T08:34:27.625-0400][2.910s] GC(4) Concurrent Clear Claimed Marks 0.073ms
[2022-10-07T08:34:27.625-0400][2.910s] GC(4) Concurrent Scan Root Regions
[2022-10-07T08:34:27.629-0400][2.914s] GC(4) Concurrent Scan Root Regions 3.987ms
[2022-10-07T08:34:27.629-0400][2.914s] GC(4) Concurrent Mark
[2022-10-07T08:34:27.629-0400][2.914s] GC(4) Concurrent Mark From Roots
[2022-10-07T08:34:27.629-0400][2.914s] GC(4) Using 2 workers of 2 for marking
[2022-10-07T08:34:27.639-0400][2.924s] GC(4) Concurrent Mark From Roots 9.869ms
[2022-10-07T08:34:27.639-0400][2.924s] GC(4) Concurrent Preclean
[2022-10-07T08:34:27.639-0400][2.924s] GC(4) Concurrent Preclean 0.054ms
[2022-10-07T08:34:27.639-0400][2.925s] GC(4) Pause Remark
[2022-10-07T08:34:27.641-0400][2.926s] GC(4) Pause Remark 26M->26M(512M) 1.405ms
[2022-10-07T08:34:27.641-0400][2.926s] GC(4) User=0.00s Sys=0.00s Real=0.00s
[2022-10-07T08:34:27.641-0400][2.926s] GC(4) Concurrent Mark 12.019ms
[2022-10-07T08:34:27.641-0400][2.926s] GC(4) Concurrent Rebuild Remembered Sets
[2022-10-07T08:34:27.644-0400][2.930s] GC(4) Concurrent Rebuild Remembered Sets 3.557ms
[2022-10-07T08:34:27.645-0400][2.930s] GC(4) Pause Cleanup
[2022-10-07T08:34:27.645-0400][2.930s] GC(4) Pause Cleanup 26M->26M(512M) 0.108ms
[2022-10-07T08:34:27.645-0400][2.930s] GC(4) User=0.00s Sys=0.00s Real=0.00s
[2022-10-07T08:34:27.645-0400][2.930s] GC(4) Concurrent Cleanup for Next Mark
[2022-10-07T08:34:27.645-0400][2.931s] GC(4) Concurrent Cleanup for Next Mark 0.682ms
[2022-10-07T08:34:27.646-0400][2.931s] GC(4) Concurrent Mark Cycle 20.998ms
[2022-10-07T08:34:29.347-0400][4.633s] GC(5) Pause Young (Normal) (G1 Evacuation Pause)
[2022-10-07T08:34:29.347-0400][4.633s] GC(5) Using 8 workers of 8 for evacuation
[2022-10-07T08:34:29.356-0400][4.642s] GC(5)   Pre Evacuate Collection Set: 0.1ms
[2022-10-07T08:34:29.356-0400][4.642s] GC(5)   Merge Heap Roots: 0.1ms
[2022-10-07T08:34:29.356-0400][4.642s] GC(5)   Evacuate Collection Set: 7.2ms
[2022-10-07T08:34:29.356-0400][4.642s] GC(5)   Post Evacuate Collection Set: 1.1ms
[2022-10-07T08:34:29.356-0400][4.642s] GC(5)   Other: 0.1ms
[2022-10-07T08:34:29.356-0400][4.642s] GC(5) Eden regions: 295->0(290)
[2022-10-07T08:34:29.356-0400][4.642s] GC(5) Survivor regions: 12->17(39)
[2022-10-07T08:34:29.356-0400][4.642s] GC(5) Old regions: 8->8
[2022-10-07T08:34:29.356-0400][4.642s] GC(5) Archive regions: 0->0
[2022-10-07T08:34:29.356-0400][4.642s] GC(5) Humongous regions: 5->4
[2022-10-07T08:34:29.356-0400][4.642s] GC(5) Metaspace: 33536K(33984K)->33536K(33984K) NonClass: 29621K(29888K)->29621K(29888K) Class: 3915K(4096K)->3915K(4096K)
[2022-10-07T08:34:29.356-0400][4.642s] GC(5) Pause Young (Normal) (G1 Evacuation Pause) 318M->28M(512M) 8.811ms
[2022-10-07T08:34:29.356-0400][4.642s] GC(5) User=0.00s Sys=0.00s Real=0.01s
[2022-10-07T08:34:29.688-0400][4.974s] GC(6) Pause Young (Concurrent Start) (Metadata GC Threshold)
[2022-10-07T08:34:29.688-0400][4.974s] GC(6) Using 8 workers of 8 for evacuation
[2022-10-07T08:34:29.696-0400][4.982s] GC(6)   Pre Evacuate Collection Set: 0.2ms
[2022-10-07T08:34:29.696-0400][4.982s] GC(6)   Merge Heap Roots: 0.1ms
[2022-10-07T08:34:29.696-0400][4.982s] GC(6)   Evacuate Collection Set: 6.7ms
[2022-10-07T08:34:29.696-0400][4.982s] GC(6)   Post Evacuate Collection Set: 0.7ms
[2022-10-07T08:34:29.696-0400][4.982s] GC(6)   Other: 0.0ms
[2022-10-07T08:34:29.696-0400][4.982s] GC(6) Eden regions: 76->0(288)
[2022-10-07T08:34:29.696-0400][4.982s] GC(6) Survivor regions: 17->19(39)
[2022-10-07T08:34:29.696-0400][4.982s] GC(6) Old regions: 8->8
[2022-10-07T08:34:29.696-0400][4.982s] GC(6) Archive regions: 0->0
[2022-10-07T08:34:29.696-0400][4.982s] GC(6) Humongous regions: 4->4
[2022-10-07T08:34:29.696-0400][4.982s] GC(6) Metaspace: 35973K(36416K)->35973K(36416K) NonClass: 31781K(32000K)->31781K(32000K) Class: 4192K(4416K)->4192K(4416K)
[2022-10-07T08:34:29.696-0400][4.982s] GC(6) Pause Young (Concurrent Start) (Metadata GC Threshold) 104M->30M(512M) 7.916ms
[2022-10-07T08:34:29.696-0400][4.982s] GC(6) User=0.00s Sys=0.00s Real=0.01s
[2022-10-07T08:34:29.696-0400][4.982s] GC(7) Concurrent Mark Cycle
[2022-10-07T08:34:29.696-0400][4.982s] GC(7) Concurrent Clear Claimed Marks
[2022-10-07T08:34:29.696-0400][4.982s] GC(7) Concurrent Clear Claimed Marks 0.049ms
[2022-10-07T08:34:29.696-0400][4.982s] GC(7) Concurrent Scan Root Regions
[2022-10-07T08:34:29.701-0400][4.987s] GC(7) Concurrent Scan Root Regions 4.663ms
[2022-10-07T08:34:29.701-0400][4.987s] GC(7) Concurrent Mark
[2022-10-07T08:34:29.701-0400][4.987s] GC(7) Concurrent Mark From Roots
[2022-10-07T08:34:29.701-0400][4.987s] GC(7) Using 2 workers of 2 for marking
[2022-10-07T08:34:29.708-0400][4.994s] GC(7) Concurrent Mark From Roots 7.087ms
[2022-10-07T08:34:29.708-0400][4.994s] GC(7) Concurrent Preclean
[2022-10-07T08:34:29.708-0400][4.994s] GC(7) Concurrent Preclean 0.094ms
[2022-10-07T08:34:29.708-0400][4.994s] GC(7) Pause Remark
[2022-10-07T08:34:29.711-0400][4.997s] GC(7) Pause Remark 33M->33M(512M) 2.726ms
[2022-10-07T08:34:29.711-0400][4.997s] GC(7) User=0.00s Sys=0.00s Real=0.00s
[2022-10-07T08:34:29.711-0400][4.997s] GC(7) Concurrent Mark 10.239ms
[2022-10-07T08:34:29.711-0400][4.997s] GC(7) Concurrent Rebuild Remembered Sets
[2022-10-07T08:34:29.716-0400][5.002s] GC(7) Concurrent Rebuild Remembered Sets 5.233ms
[2022-10-07T08:34:29.717-0400][5.002s] GC(7) Pause Cleanup
[2022-10-07T08:34:29.717-0400][5.003s] GC(7) Pause Cleanup 33M->33M(512M) 0.131ms
[2022-10-07T08:34:29.717-0400][5.003s] GC(7) User=0.00s Sys=0.00s Real=0.00s
[2022-10-07T08:34:29.717-0400][5.003s] GC(7) Concurrent Cleanup for Next Mark
[2022-10-07T08:34:29.718-0400][5.004s] GC(7) Concurrent Cleanup for Next Mark 1.010ms
[2022-10-07T08:34:29.718-0400][5.004s] GC(7) Concurrent Mark Cycle 21.857ms
[2022-10-07T08:34:30.901-0400][6.187s] GC(8) Pause Young (Normal) (G1 Evacuation Pause)
[2022-10-07T08:34:30.901-0400][6.187s] GC(8) Using 8 workers of 8 for evacuation
[2022-10-07T08:34:30.912-0400][6.198s] GC(8)   Pre Evacuate Collection Set: 0.1ms
[2022-10-07T08:34:30.912-0400][6.198s] GC(8)   Merge Heap Roots: 0.1ms
[2022-10-07T08:34:30.912-0400][6.198s] GC(8)   Evacuate Collection Set: 9.8ms
[2022-10-07T08:34:30.912-0400][6.198s] GC(8)   Post Evacuate Collection Set: 1.2ms
[2022-10-07T08:34:30.912-0400][6.198s] GC(8)   Other: 0.1ms
[2022-10-07T08:34:30.912-0400][6.198s] GC(8) Eden regions: 288->0(279)
[2022-10-07T08:34:30.912-0400][6.198s] GC(8) Survivor regions: 19->28(39)
[2022-10-07T08:34:30.912-0400][6.198s] GC(8) Old regions: 8->8
[2022-10-07T08:34:30.912-0400][6.198s] GC(8) Archive regions: 0->0
[2022-10-07T08:34:30.912-0400][6.198s] GC(8) Humongous regions: 4->4
[2022-10-07T08:34:30.912-0400][6.198s] GC(8) Metaspace: 44422K(44928K)->44422K(44928K) NonClass: 39148K(39424K)->39148K(39424K) Class: 5273K(5504K)->5273K(5504K)
[2022-10-07T08:34:30.912-0400][6.198s] GC(8) Pause Young (Normal) (G1 Evacuation Pause) 318M->39M(512M) 11.457ms
[2022-10-07T08:34:30.912-0400][6.198s] GC(8) User=0.12s Sys=0.00s Real=0.01s
[2022-10-07T09:57:31.481-0400][4986.820s] GC(9) Pause Young (Normal) (G1 Evacuation Pause)
[2022-10-07T09:57:31.484-0400][4986.823s] GC(9) Using 8 workers of 8 for evacuation
[2022-10-07T09:57:31.590-0400][4986.929s] GC(9)   Pre Evacuate Collection Set: 2.7ms
[2022-10-07T09:57:31.590-0400][4986.929s] GC(9)   Merge Heap Roots: 0.9ms
[2022-10-07T09:57:31.590-0400][4986.929s] GC(9)   Evacuate Collection Set: 98.3ms
[2022-10-07T09:57:31.590-0400][4986.929s] GC(9)   Post Evacuate Collection Set: 3.7ms
[2022-10-07T09:57:31.590-0400][4986.929s] GC(9)   Other: 1.0ms
[2022-10-07T09:57:31.590-0400][4986.929s] GC(9) Eden regions: 279->0(284)
[2022-10-07T09:57:31.590-0400][4986.929s] GC(9) Survivor regions: 28->23(39)
[2022-10-07T09:57:31.590-0400][4986.929s] GC(9) Old regions: 8->18
[2022-10-07T09:57:31.590-0400][4986.929s] GC(9) Archive regions: 0->0
[2022-10-07T09:57:31.590-0400][4986.929s] GC(9) Humongous regions: 7->7
[2022-10-07T09:57:31.590-0400][4986.929s] GC(9) Metaspace: 48255K(48768K)->48255K(48768K) NonClass: 42530K(42816K)->42530K(42816K) Class: 5724K(5952K)->5724K(5952K)
[2022-10-07T09:57:31.590-0400][4986.929s] GC(9) Pause Young (Normal) (G1 Evacuation Pause) 321M->47M(512M) 108.513ms
[2022-10-07T09:57:31.590-0400][4986.929s] GC(9) User=0.12s Sys=0.23s Real=0.11s
[2022-10-07T11:31:33.146-0400][10628.505s] GC(10) Pause Young (Normal) (G1 Evacuation Pause)
[2022-10-07T11:31:33.146-0400][10628.507s] GC(10) Using 8 workers of 8 for evacuation
[2022-10-07T11:31:33.271-0400][10628.627s] GC(10)   Pre Evacuate Collection Set: 0.5ms
[2022-10-07T11:31:33.271-0400][10628.628s] GC(10)   Merge Heap Roots: 1.0ms
[2022-10-07T11:31:33.271-0400][10628.628s] GC(10)   Evacuate Collection Set: 99.9ms
[2022-10-07T11:31:33.271-0400][10628.628s] GC(10)   Post Evacuate Collection Set: 18.7ms
[2022-10-07T11:31:33.271-0400][10628.628s] GC(10)   Other: 1.7ms
[2022-10-07T11:31:33.271-0400][10628.628s] GC(10) Eden regions: 284->0(286)
[2022-10-07T11:31:33.271-0400][10628.628s] GC(10) Survivor regions: 23->21(39)
[2022-10-07T11:31:33.271-0400][10628.628s] GC(10) Old regions: 18->19
[2022-10-07T11:31:33.271-0400][10628.628s] GC(10) Archive regions: 0->0
[2022-10-07T11:31:33.271-0400][10628.628s] GC(10) Humongous regions: 7->7
[2022-10-07T11:31:33.271-0400][10628.628s] GC(10) Metaspace: 50787K(51392K)->50787K(51392K) NonClass: 44856K(45184K)->44856K(45184K) Class: 5930K(6208K)->5930K(6208K)
[2022-10-07T11:31:33.271-0400][10628.628s] GC(10) Pause Young (Normal) (G1 Evacuation Pause) 331M->46M(512M) 123.201ms
[2022-10-07T11:31:33.271-0400][10628.628s] GC(10) User=0.08s Sys=0.27s Real=0.12s
[2022-10-07T16:56:49.998-0400][30145.357s] Heap
[2022-10-07T16:56:49.998-0400][30145.357s]  garbage-first heap   total 524288K, used 156035K [0x00000000e0000000, 0x0000000100000000)
[2022-10-07T16:56:49.998-0400][30145.357s]   region size 1024K, 127 young (130048K), 21 survivors (21504K)
[2022-10-07T16:56:49.998-0400][30145.357s]  Metaspace       used 51344K, committed 51904K, reserved 1114112K
[2022-10-07T16:56:49.998-0400][30145.358s]   class space    used 5961K, committed 6272K, reserved 1048576K
